Archive member included because of file (symbol)

/home/snegovick/dev/arm/usr/bin/../lib/gcc/arm-elf/4.0.2/thumb/interwork/libgcc.a(_udivsi3.o)
                              tr24a/tr24a.o (__udivsi3)
/home/snegovick/dev/arm/usr/bin/../lib/gcc/arm-elf/4.0.2/thumb/interwork/libgcc.a(_dvmd_tls.o)
                              /home/snegovick/dev/arm/usr/bin/../lib/gcc/arm-elf/4.0.2/thumb/interwork/libgcc.a(_udivsi3.o) (__div0)
/home/snegovick/dev/arm/usr/bin/../lib/gcc/arm-elf/4.0.2/../../../../arm-elf/lib/thumb/interwork/libc.a(memcpy.o)
                              ../../../Source/queue.o (memcpy)
/home/snegovick/dev/arm/usr/bin/../lib/gcc/arm-elf/4.0.2/../../../../arm-elf/lib/thumb/interwork/libc.a(memset.o)
                              ../../../Source/tasks.o (memset)
/home/snegovick/dev/arm/usr/bin/../lib/gcc/arm-elf/4.0.2/../../../../arm-elf/lib/thumb/interwork/libc.a(sprintf.o)
                              ../../../Source/tasks.o (sprintf)
/home/snegovick/dev/arm/usr/bin/../lib/gcc/arm-elf/4.0.2/../../../../arm-elf/lib/thumb/interwork/libc.a(strcat.o)
                              ../../../Source/tasks.o (strcat)
/home/snegovick/dev/arm/usr/bin/../lib/gcc/arm-elf/4.0.2/../../../../arm-elf/lib/thumb/interwork/libc.a(strcpy.o)
                              /home/snegovick/dev/arm/usr/bin/../lib/gcc/arm-elf/4.0.2/../../../../arm-elf/lib/thumb/interwork/libc.a(strcat.o) (strcpy)
/home/snegovick/dev/arm/usr/bin/../lib/gcc/arm-elf/4.0.2/../../../../arm-elf/lib/thumb/interwork/libc.a(strncpy.o)
                              ../../../Source/tasks.o (strncpy)
/home/snegovick/dev/arm/usr/bin/../lib/gcc/arm-elf/4.0.2/../../../../arm-elf/lib/thumb/interwork/libc.a(vfprintf.o)
                              /home/snegovick/dev/arm/usr/bin/../lib/gcc/arm-elf/4.0.2/../../../../arm-elf/lib/thumb/interwork/libc.a(sprintf.o) (_vfprintf_r)
/home/snegovick/dev/arm/usr/bin/../lib/gcc/arm-elf/4.0.2/../../../../arm-elf/lib/thumb/interwork/libc.a(wcrtomb.o)
                              /home/snegovick/dev/arm/usr/bin/../lib/gcc/arm-elf/4.0.2/../../../../arm-elf/lib/thumb/interwork/libc.a(vfprintf.o) (_wcrtomb_r)
/home/snegovick/dev/arm/usr/bin/../lib/gcc/arm-elf/4.0.2/../../../../arm-elf/lib/thumb/interwork/libc.a(wcsrtombs.o)
                              /home/snegovick/dev/arm/usr/bin/../lib/gcc/arm-elf/4.0.2/../../../../arm-elf/lib/thumb/interwork/libc.a(vfprintf.o) (_wcsrtombs_r)
/home/snegovick/dev/arm/usr/bin/../lib/gcc/arm-elf/4.0.2/../../../../arm-elf/lib/thumb/interwork/libc.a(wctomb_r.o)
                              /home/snegovick/dev/arm/usr/bin/../lib/gcc/arm-elf/4.0.2/../../../../arm-elf/lib/thumb/interwork/libc.a(wcrtomb.o) (_wctomb_r)
/home/snegovick/dev/arm/usr/bin/../lib/gcc/arm-elf/4.0.2/../../../../arm-elf/lib/thumb/interwork/libc.a(wsetup.o)
                              /home/snegovick/dev/arm/usr/bin/../lib/gcc/arm-elf/4.0.2/../../../../arm-elf/lib/thumb/interwork/libc.a(vfprintf.o) (__swsetup)
/home/snegovick/dev/arm/usr/bin/../lib/gcc/arm-elf/4.0.2/../../../../arm-elf/lib/thumb/interwork/libc.a(dtoa.o)
                              /home/snegovick/dev/arm/usr/bin/../lib/gcc/arm-elf/4.0.2/../../../../arm-elf/lib/thumb/interwork/libc.a(vfprintf.o) (_dtoa_r)
/home/snegovick/dev/arm/usr/bin/../lib/gcc/arm-elf/4.0.2/../../../../arm-elf/lib/thumb/interwork/libc.a(fflush.o)
                              /home/snegovick/dev/arm/usr/bin/../lib/gcc/arm-elf/4.0.2/../../../../arm-elf/lib/thumb/interwork/libc.a(vfprintf.o) (fflush)
/home/snegovick/dev/arm/usr/bin/../lib/gcc/arm-elf/4.0.2/../../../../arm-elf/lib/thumb/interwork/libc.a(findfp.o)
                              /home/snegovick/dev/arm/usr/bin/../lib/gcc/arm-elf/4.0.2/../../../../arm-elf/lib/thumb/interwork/libc.a(vfprintf.o) (__sinit)
/home/snegovick/dev/arm/usr/bin/../lib/gcc/arm-elf/4.0.2/../../../../arm-elf/lib/thumb/interwork/libc.a(freer.o)
                              /home/snegovick/dev/arm/usr/bin/../lib/gcc/arm-elf/4.0.2/../../../../arm-elf/lib/thumb/interwork/libc.a(vfprintf.o) (_free_r)
/home/snegovick/dev/arm/usr/bin/../lib/gcc/arm-elf/4.0.2/../../../../arm-elf/lib/thumb/interwork/libc.a(fvwrite.o)
                              /home/snegovick/dev/arm/usr/bin/../lib/gcc/arm-elf/4.0.2/../../../../arm-elf/lib/thumb/interwork/libc.a(vfprintf.o) (__sfvwrite)
/home/snegovick/dev/arm/usr/bin/../lib/gcc/arm-elf/4.0.2/../../../../arm-elf/lib/thumb/interwork/libc.a(fwalk.o)
                              /home/snegovick/dev/arm/usr/bin/../lib/gcc/arm-elf/4.0.2/../../../../arm-elf/lib/thumb/interwork/libc.a(fflush.o) (_fwalk)
/home/snegovick/dev/arm/usr/bin/../lib/gcc/arm-elf/4.0.2/../../../../arm-elf/lib/thumb/interwork/libc.a(impure.o)
                              /home/snegovick/dev/arm/usr/bin/../lib/gcc/arm-elf/4.0.2/../../../../arm-elf/lib/thumb/interwork/libc.a(fflush.o) (_global_impure_ptr)
/home/snegovick/dev/arm/usr/bin/../lib/gcc/arm-elf/4.0.2/../../../../arm-elf/lib/thumb/interwork/libc.a(locale.o)
[...]
Memory Configuration

Name             Origin             Length             Attributes
flash            0x0000000000100000 0x0000000000040000
ram              0x0000000000200000 0x0000000000010000
*default*        0x0000000000000000 0xffffffffffffffff

Linker script and memory map

LOAD ../../../Source/portable/GCC/ARM7_AT91SAM7S/portISR.o
LOAD ./SrcAtmel/Cstartup_SAM7.o
LOAD tr24a/spi_isr.o
LOAD USB/USBIsr.o
LOAD main.o
LOAD ../../../Source/list.o
LOAD ../../../Source/queue.o
LOAD ../../../Source/tasks.o
LOAD ../../../Source/portable/GCC/ARM7_AT91SAM7S/port.o
LOAD ../../../Source/portable/MemMang/heap_2.o
LOAD aic/aic.o
LOAD spi/spi.o
LOAD pio/pio.o
LOAD tr24a/tr24a.o
LOAD USB/USB-CDC.o
LOAD /tmp/cctIUo7J.o
LOAD /home/snegovick/dev/arm/usr/bin/../lib/gcc/arm-elf/4.0.2/thumb/interwork/libgcc.a
LOAD /home/snegovick/dev/arm/usr/bin/../lib/gcc/arm-elf/4.0.2/../../../../arm-elf/lib/thumb/interwork/libc.a
LOAD /home/snegovick/dev/arm/usr/bin/../lib/gcc/arm-elf/4.0.2/thumb/interwork/libgcc.a
                0x000000000020fffc                __stack_end__ = 0x20fffc
                0x0000000000000000                . = 0x0

startup         0x0000000000100000       0x44
 *(.startup)
 .startup       0x0000000000100000       0x44 /tmp/cctIUo7J.o

prog            0x0000000000100044     0x910c
 *(.text)
 .text          0x0000000000100044      0x254 ../../../Source/portable/GCC/ARM7_AT91SAM7S/portISR.o
                0x0000000000100134                vPreemptiveTick
                0x000000000010024c                vPortExitCritical
                0x0000000000100090                vPortYieldProcessor
                0x00000000001001f0                vPortDisableInterruptsFromThumb
                0x0000000000100044                vPortISRStartFirstTask
                0x0000000000100208                vPortEnableInterruptsFromThumb
                0x0000000000100220                vPortEnterCritical
 .text          0x0000000000100298       0xac ./SrcAtmel/Cstartup_SAM7.o
                0x0000000000100298                AT91F_LowLevelInit
 .text          0x0000000000100344       0x18 tr24a/spi_isr.o
                0x0000000000100344                ISR_Spi0
 .text          0x000000000010035c      0x268 USB/USBIsr.o
                0x000000000010035c                vUSB_ISR_Handler
                0x000000000010051c                vUSB_ISR_Wrapper
 .text          0x00000000001005c4       0xc0 main.o
                0x00000000001005c4                main
                0x0000000000100620                vApplicationIdleHook
 .text          0x0000000000100684       0xac ../../../Source/list.o
                0x00000000001006a4                vListInsertEnd
                0x000000000010070c                vListRemove
                0x000000000010069c                vListInitialiseItem
                0x0000000000100684                vListInitialise
                0x00000000001006c0                vListInsert
 .text          0x0000000000100730      0x584 ../../../Source/queue.o
                0x0000000000100838                xQueueGenericSendFromISR
                0x0000000000100730                xQueueCreate
                0x00000000001007b8                vQueueDelete
                0x0000000000100af8                xQueueGenericSend
                0x00000000001007d0                xQueueReceiveFromISR
                0x0000000000100970                xQueueIsQueueFullFromISR
                0x0000000000100984                xQueueGenericReceive
                0x000000000010079c                uxQueueMessagesWaiting
                0x00000000001007b4                uxQueueMessagesWaitingFromISR
                0x0000000000100964                xQueueIsQueueEmptyFromISR
                0x0000000000100c6c                xQueueCreateMutex
 .text          0x0000000000100cb4      0xbf0 ../../../Source/tasks.o
                0x0000000000100cc4                uxTaskPriorityGet
                0x0000000000100cec                vTaskPrioritySet
                0x0000000000100d90                vTaskEndScheduler
                0x0000000000100fd8                vTaskPlaceOnEventList
                0x0000000000100ed8                ulTaskEndTrace
                0x0000000000100e74                xTaskGetTickCount
                0x0000000000101030                xTaskRemoveFromEventList
                0x0000000000100e9c                vTaskStartTrace
                0x00000000001013bc                xTaskCheckForTimeOut
                0x0000000000100cb4                vTaskSuspendAll
                0x0000000000101370                vTaskPriorityDisinherit
                0x0000000000101304                vTaskPriorityInherit
                0x0000000000100f04                vTaskSwitchContext
                0x0000000000100e90                uxTaskGetNumberOfTasks
                0x0000000000100da8                vTaskIncrementTick
                0x00000000001015b8                vTaskList
                0x0000000000101818                vTaskDelayUntil
                0x00000000001012f8                xTaskGetCurrentTaskHandle
                0x00000000001012dc                usTaskCheckFreeStackSpace
                0x0000000000101414                xTaskResumeAll
                0x0000000000101294                vTaskStartScheduler
                0x00000000001010c4                vTaskMissedYield
                0x00000000001010e8                xTaskCreate
                0x00000000001017b0                vTaskDelay
                0x00000000001010ac                vTaskSetTimeOutState
 .text          0x00000000001018a4       0xec ../../../Source/portable/GCC/ARM7_AT91SAM7S/port.o
                0x0000000000101948                xPortStartScheduler
                0x000000000010198c                vPortEndScheduler
                0x00000000001018a4                pxPortInitialiseStack
 .text          0x0000000000101990       0xe8 ../../../Source/portable/MemMang/heap_2.o
                0x0000000000101a48                vPortFree
                0x0000000000101990                pvPortMalloc
 .text          0x0000000000101a78       0x54 aic/aic.o
                0x0000000000101ab8                AIC_DisableIT
                0x0000000000101aa4                AIC_EnableIT
                0x0000000000101a78                AIC_ConfigureIT
 .text          0x0000000000101acc      0x104 spi/spi.o
                0x0000000000101af8                SPI_ConfigureNPCS
                0x0000000000101b30                SPI_WriteBuffer
                0x0000000000101ad4                SPI_Disable
                0x0000000000101acc                SPI_Enable
                0x0000000000101b74                SPI_IsFinished
                0x0000000000101b00                SPI_Write
                0x0000000000101adc                SPI_Configure
                0x0000000000101b90                SPI_ReadBuffer
                0x0000000000101b7c                SPI_Read
 .text          0x0000000000101bd0      0x170 pio/pio.o
                0x0000000000101cf0                PIO_Get
                0x0000000000101bd0                PIO_Configure
                0x0000000000101ce8                PIO_Clear
                0x0000000000101d1c                PIO_GetOutputDataStatus
                0x0000000000101ce0                PIO_Set
                0x0000000000101d38                PIO_GetISR
 .text          0x0000000000101d40       0x98 tr24a/tr24a.o
                0x0000000000101d40                UTIL_Loop
                0x0000000000101d7c                UTIL_WaitTimeInMs
                0x0000000000101d4c                tr24_init
                0x0000000000101da0                UTIL_WaitTimeInUs
 .text          0x0000000000101dd8      0x860 USB/USB-CDC.o
                0x0000000000101dd8                vUSBSendByte
                0x0000000000101f00                vUSBCDCTask
 .text          0x0000000000102638       0xd0 /tmp/cctIUo7J.o
                0x0000000000102638                start
                0x00000000001026e8                endless_loop
 .text          0x0000000000102708       0x8c /home/snegovick/dev/arm/usr/bin/../lib/gcc/arm-elf/4.0.2/thumb/interwork/libgcc.a(_udivsi3.o)
                0x0000000000102708                __udivsi3
                0x0000000000102784                __aeabi_uidivmod
 .text          0x0000000000102794        0x4 /home/snegovick/dev/arm/usr/bin/../lib/gcc/arm-elf/4.0.2/thumb/interwork/libgcc.a(_dvmd_tls.o)
                0x0000000000102794                __aeabi_ldiv0
                0x0000000000102794                __div0
                0x0000000000102794                __aeabi_idiv0
 .text          0x0000000000102798       0x68 /home/snegovick/dev/arm/usr/bin/../lib/gcc/arm-elf/4.0.2/../../../../arm-elf/lib/thumb/interwork/libc.a(memcpy.o)
                0x0000000000102798                memcpy
 .text          0x0000000000102800       0x68 /home/snegovick/dev/arm/usr/bin/../lib/gcc/arm-elf/4.0.2/../../../../arm-elf/lib/thumb/interwork/libc.a(memset.o)
                0x0000000000102800                memset
 .text          0x0000000000102868       0x84 /home/snegovick/dev/arm/usr/bin/../lib/gcc/arm-elf/4.0.2/../../../../arm-elf/lib/thumb/interwork/libc.a(sprintf.o)
                0x0000000000102868                _sprintf_r
                0x00000000001028a8                sprintf
 .text          0x00000000001028ec       0x50 /home/snegovick/dev/arm/usr/bin/../lib/gcc/arm-elf/4.0.2/../../../../arm-elf/lib/thumb/interwork/libc.a(strcat.o)
                0x00000000001028ec                strcat
 .text          0x000000000010293c       0x60 /home/snegovick/dev/arm/usr/bin/../lib/gcc/arm-elf/4.0.2/../../../../arm-elf/lib/thumb/interwork/libc.a(strcpy.o)
                0x000000000010293c                strcpy
 .text          0x000000000010299c       0x84 /home/snegovick/dev/arm/usr/bin/../lib/gcc/arm-elf/4.0.2/../../../../arm-elf/lib/thumb/interwork/libc.a(strncpy.o)
                0x000000000010299c                strncpy
 .text          0x0000000000102a20     0x1900 /home/snegovick/dev/arm/usr/bin/../lib/gcc/arm-elf/4.0.2/../../../../arm-elf/lib/thumb/interwork/libc.a(vfprintf.o)
                0x0000000000102a40                _vfprintf_r
                0x0000000000104300                vfprintf
 .text          0x0000000000104320       0x54 /home/snegovick/dev/arm/usr/bin/../lib/gcc/arm-elf/4.0.2/../../../../arm-elf/lib/thumb/interwork/libc.a(wcrtomb.o)
                0x0000000000104320                _wcrtomb_r
                0x0000000000104354                wcrtomb
 .text          0x0000000000104374      0x100 /home/snegovick/dev/arm/usr/bin/../lib/gcc/arm-elf/4.0.2/../../../../arm-elf/lib/thumb/interwork/libc.a(wcsrtombs.o)
                0x0000000000104374                _wcsrtombs_r
                0x000000000010444c                wcsrtombs
 .text          0x0000000000104474      0x2a8 /home/snegovick/dev/arm/usr/bin/../lib/gcc/arm-elf/4.0.2/../../../../arm-elf/lib/thumb/interwork/libc.a(wctomb_r.o)
                0x0000000000104474                _wctomb_r
 .text          0x000000000010471c       0xa8 /home/snegovick/dev/arm/usr/bin/../lib/gcc/arm-elf/4.0.2/../../../../arm-elf/lib/thumb/interwork/libc.a(wsetup.o)
                0x000000000010471c                __swsetup
 .text          0x00000000001047c4      0xf08 /home/snegovick/dev/arm/usr/bin/../lib/gcc/arm-elf/4.0.2/../../../../arm-elf/lib/thumb/interwork/libc.a(dtoa.o)
                0x0000000000104914                _dtoa_r
 .text          0x00000000001056cc       0x90 /home/snegovick/dev/arm/usr/bin/../lib/gcc/arm-elf/4.0.2/../../../../arm-elf/lib/thumb/interwork/libc.a(fflush.o)
                0x00000000001056cc                fflush
 .text          0x000000000010575c      0x1c0 /home/snegovick/dev/arm/usr/bin/../lib/gcc/arm-elf/4.0.2/../../../../arm-elf/lib/thumb/interwork/libc.a(findfp.o)
                0x00000000001057fc                __sinit
                0x0000000000105794                __sfmoreglue
                0x00000000001057e0                _cleanup
                0x00000000001057d0                _cleanup_r
                0x00000000001058ec                __fp_lock_all
                0x00000000001057c8                __sfp_lock_acquire
                0x0000000000105858                __sfp
                0x00000000001057f8                __sinit_lock_release
                0x0000000000105904                __fp_unlock_all
                0x00000000001057cc                __sfp_lock_release
                0x00000000001057f4                __sinit_lock_acquire
 .text          0x000000000010591c      0x260 /home/snegovick/dev/arm/usr/bin/../lib/gcc/arm-elf/4.0.2/../../../../arm-elf/lib/thumb/interwork/libc.a(freer.o)
                0x00000000001059bc                _free_r
                0x000000000010591c                _malloc_trim_r
 .text          0x0000000000105b7c      0x2a8 /home/snegovick/dev/arm/usr/bin/../lib/gcc/arm-elf/4.0.2/../../../../arm-elf/lib/thumb/interwork/libc.a(fvwrite.o)
                0x0000000000105b7c                __sfvwrite
 .text          0x0000000000105e24       0xe0 /home/snegovick/dev/arm/usr/bin/../lib/gcc/arm-elf/4.0.2/../../../../arm-elf/lib/thumb/interwork/libc.a(fwalk.o)
                0x0000000000105e24                _fwalk
                0x0000000000105e90                _fwalk_reent
 .text          0x0000000000105f04       0x80 /home/snegovick/dev/arm/usr/bin/../lib/gcc/arm-elf/4.0.2/../../../../arm-elf/lib/thumb/interwork/libc.a(locale.o)
                0x0000000000105f04                _setlocale_r
                0x0000000000105f40                __locale_charset
                0x0000000000105f4c                _localeconv_r
                0x0000000000105f54                setlocale
                0x0000000000105f70                localeconv
 .text          0x0000000000105f84       0xe0 /home/snegovick/dev/arm/usr/bin/../lib/gcc/arm-elf/4.0.2/../../../../arm-elf/lib/thumb/interwork/libc.a(makebuf.o)
                0x0000000000105f84                __smakebuf
 .text          0x0000000000106064      0x548 /home/snegovick/dev/arm/usr/bin/../lib/gcc/arm-elf/4.0.2/../../../../arm-elf/lib/thumb/interwork/libc.a(mallocr.o)
                0x0000000000106064                _malloc_r
 .text          0x00000000001065ac       0x90 /home/snegovick/dev/arm/usr/bin/../lib/gcc/arm-elf/4.0.2/../../../../arm-elf/lib/thumb/interwork/libc.a(memchr.o)
                0x00000000001065ac                memchr
 .text          0x000000000010663c       0x90 /home/snegovick/dev/arm/usr/bin/../lib/gcc/arm-elf/4.0.2/../../../../arm-elf/lib/thumb/interwork/libc.a(memmove.o)
                0x000000000010663c                memmove
 .text          0x00000000001066cc        0x8 /home/snegovick/dev/arm/usr/bin/../lib/gcc/arm-elf/4.0.2/../../../../arm-elf/lib/thumb/interwork/libc.a(mlock.o)
                0x00000000001066d0                __malloc_unlock
                0x00000000001066cc                __malloc_lock
 .text          0x00000000001066d4      0x8f4 /home/snegovick/dev/arm/usr/bin/../lib/gcc/arm-elf/4.0.2/../../../../arm-elf/lib/thumb/interwork/libc.a(mprec.o)
                0x0000000000106f84                _mprec_log10
                0x0000000000106880                _hi0bits
                0x00000000001066d4                _Balloc
                0x0000000000106e48                _d2b
                0x0000000000106954                _multiply
                0x0000000000106f30                _ratio
                0x00000000001067e0                _s2b
                0x000000000010693c                _i2b
                0x00000000001068d0                _lo0bits
                0x0000000000106bf4                __mcmp
                0x0000000000106aa0                _pow5mult
                0x0000000000106d30                _ulp
                0x0000000000106d84                _b2d
                0x0000000000106744                _multadd
                0x0000000000106c38                __mdiff
                0x0000000000106b40                _lshift
                0x000000000010672c                _Bfree
 .text          0x0000000000106fc8      0x3ac /home/snegovick/dev/arm/usr/bin/../lib/gcc/arm-elf/4.0.2/../../../../arm-elf/lib/thumb/interwork/libc.a(reallocr.o)
                0x0000000000106fc8                _realloc_r
 .text          0x0000000000107374       0x28 /home/snegovick/dev/arm/usr/bin/../lib/gcc/arm-elf/4.0.2/../../../../arm-elf/lib/thumb/interwork/libc.a(sbrkr.o)
                0x0000000000107374                _sbrk_r
 .text          0x000000000010739c       0x24 /home/snegovick/dev/arm/usr/bin/../lib/gcc/arm-elf/4.0.2/../../../../arm-elf/lib/thumb/interwork/libc.a(s_isinf.o)
                0x000000000010739c                isinf
 .text          0x00000000001073c0       0x1c /home/snegovick/dev/arm/usr/bin/../lib/gcc/arm-elf/4.0.2/../../../../arm-elf/lib/thumb/interwork/libc.a(s_isnan.o)
                0x00000000001073c0                isnan
 .text          0x00000000001073dc       0xe4 /home/snegovick/dev/arm/usr/bin/../lib/gcc/arm-elf/4.0.2/../../../../arm-elf/lib/thumb/interwork/libc.a(stdio.o)
                0x0000000000107464                __sseek
                0x00000000001073dc                __sread
                0x00000000001074a4                __sclose
                0x0000000000107418                __swrite
 .text          0x00000000001074c0       0x88 /home/snegovick/dev/arm/usr/bin/../lib/gcc/arm-elf/4.0.2/../../../../arm-elf/lib/thumb/interwork/libc.a(strcmp.o)
                0x00000000001074c0                strcmp
 .text          0x0000000000107548       0x48 /home/snegovick/dev/arm/usr/bin/../lib/gcc/arm-elf/4.0.2/../../../../arm-elf/lib/thumb/interwork/libc.a(strlen.o)
                0x0000000000107548                strlen
 .text          0x0000000000107590      0x504 /home/snegovick/dev/arm/usr/bin/../lib/gcc/arm-elf/4.0.2/../../../../arm-elf/lib/thumb/interwork/libc.a(syscalls.o)
                0x00000000001075fc                _getpid
                0x00000000001076c4                initialise_monitor_handles
                0x0000000000107694                isatty
                0x0000000000107638                _fstat
                0x0000000000107948                _open
                0x0000000000107600                _sbrk
                0x000000000010766c                _raise
                0x0000000000107670                _times
                0x000000000010795c                _stat
                0x00000000001078ac                _lseek
                0x000000000010765c                _link
                0x0000000000107800                _swiwrite
                0x00000000001076b0                _rename
                0x0000000000107774                _swilseek
                0x0000000000107828                _swiclose
                0x00000000001078bc                _swiopen
                0x0000000000107664                _unlink
                0x0000000000107998                _write
                0x0000000000107a4c                _kill
                0x0000000000107a68                _gettimeofday
                0x00000000001079e8                _read
                0x0000000000107a34                _exit
                0x0000000000107698                _system
                0x000000000010774c                _swiread
                0x000000000010789c                _close
 .text          0x0000000000107a94       0x2c /home/snegovick/dev/arm/usr/bin/../lib/gcc/arm-elf/4.0.2/../../../../arm-elf/lib/thumb/interwork/libc.a(writer.o)
                0x0000000000107a94                _write_r
 .text          0x0000000000107ac0       0x64 /home/snegovick/dev/arm/usr/bin/../lib/gcc/arm-elf/4.0.2/../../../../arm-elf/lib/thumb/interwork/libc.a(callocr.o)
                0x0000000000107ac0                _calloc_r
 .text          0x0000000000107b24       0x28 /home/snegovick/dev/arm/usr/bin/../lib/gcc/arm-elf/4.0.2/../../../../arm-elf/lib/thumb/interwork/libc.a(closer.o)
                0x0000000000107b24                _close_r
 .text          0x0000000000107b4c        0xc /home/snegovick/dev/arm/usr/bin/../lib/gcc/arm-elf/4.0.2/../../../../arm-elf/lib/thumb/interwork/libc.a(errno.o)
                0x0000000000107b4c                __errno
 .text          0x0000000000107b58       0xbc /home/snegovick/dev/arm/usr/bin/../lib/gcc/arm-elf/4.0.2/../../../../arm-elf/lib/thumb/interwork/libc.a(fclose.o)
                0x0000000000107b58                _fclose_r
                0x0000000000107bfc                fclose
 .text          0x0000000000107c14       0x2c /home/snegovick/dev/arm/usr/bin/../lib/gcc/arm-elf/4.0.2/../../../../arm-elf/lib/thumb/interwork/libc.a(fstatr.o)
                0x0000000000107c14                _fstat_r
 .text          0x0000000000107c40       0x2c /home/snegovick/dev/arm/usr/bin/../lib/gcc/arm-elf/4.0.2/../../../../arm-elf/lib/thumb/interwork/libc.a(lseekr.o)
                0x0000000000107c40                _lseek_r
 .text          0x0000000000107c6c       0x2c /home/snegovick/dev/arm/usr/bin/../lib/gcc/arm-elf/4.0.2/../../../../arm-elf/lib/thumb/interwork/libc.a(readr.o)
                0x0000000000107c6c                _read_r
 .text          0x0000000000107c98      0x118 /home/snegovick/dev/arm/usr/bin/../lib/gcc/arm-elf/4.0.2/../../../../arm-elf/lib/thumb/interwork/libc.a(reent.o)
                0x0000000000107c98                cleanup_glue
                0x0000000000107cb8                _reclaim_reent
                0x0000000000107d4c                _wrapup_reent
 .text          0x0000000000107db0       0xa4 /home/snegovick/dev/arm/usr/bin/../lib/gcc/arm-elf/4.0.2/thumb/interwork/libgcc.a(_divsi3.o)
                0x0000000000107db0                __divsi3
                0x0000000000107e44                __aeabi_idivmod
 .text          0x0000000000107e54       0xc8 /home/snegovick/dev/arm/usr/bin/../lib/gcc/arm-elf/4.0.2/thumb/interwork/libgcc.a(_umodsi3.o)
                0x0000000000107e54                __umodsi3
 .text          0x0000000000107f1c       0xd8 /home/snegovick/dev/arm/usr/bin/../lib/gcc/arm-elf/4.0.2/thumb/interwork/libgcc.a(_modsi3.o)
                0x0000000000107f1c                __modsi3
 .text          0x0000000000107ff4      0x430 /home/snegovick/dev/arm/usr/bin/../lib/gcc/arm-elf/4.0.2/thumb/interwork/libgcc.a(_addsubdf3.o)
                0x00000000001083b8                __floatdidf
                0x0000000000108338                __floatsidf
                0x0000000000108310                __aeabi_ui2d
                0x0000000000107ff4                __aeabi_drsub
                0x0000000000108364                __extendsfdf2
                0x0000000000108000                __adddf3
                0x0000000000108310                __floatunsidf
                0x0000000000108000                __aeabi_dadd
                0x00000000001083a4                __aeabi_ul2d
                0x0000000000107ffc                __aeabi_dsub
                0x00000000001083a4                __floatundidf
                0x0000000000108338                __aeabi_i2d
                0x00000000001083b8                __aeabi_l2d
                0x0000000000108364                __aeabi_f2d
                0x0000000000107ffc                __subdf3
 .text          0x0000000000108424      0x49c /home/snegovick/dev/arm/usr/bin/../lib/gcc/arm-elf/4.0.2/thumb/interwork/libgcc.a(_muldivdf3.o)
                0x00000000001086b4                __aeabi_ddiv
                0x0000000000108424                __aeabi_dmul
                0x00000000001086b4                __divdf3
                0x0000000000108424                __muldf3
 .text          0x00000000001088c0      0x140 /home/snegovick/dev/arm/usr/bin/../lib/gcc/arm-elf/4.0.2/thumb/interwork/libgcc.a(_cmpdf2.o)
                0x00000000001089b8                __aeabi_dcmple
                0x00000000001088d0                __cmpdf2
                0x00000000001088d0                __eqdf2
                0x00000000001088c0                __gtdf2
                0x0000000000108970                __aeabi_cdcmple
                0x0000000000108954                __aeabi_cdrcmple
                0x00000000001088c8                __ltdf2
                0x00000000001089a0                __aeabi_dcmplt
                0x00000000001088c8                __ledf2
                0x00000000001089e8                __aeabi_dcmpgt
                0x00000000001089d0                __aeabi_dcmpge
                0x00000000001088d0                __nedf2
                0x0000000000108988                __aeabi_dcmpeq
                0x0000000000108970                __aeabi_cdcmpeq
                0x00000000001088c0                __gedf2
 .text          0x0000000000108a00       0x5c /home/snegovick/dev/arm/usr/bin/../lib/gcc/arm-elf/4.0.2/thumb/interwork/libgcc.a(_fixdfsi.o)
                0x0000000000108a00                __fixdfsi
                0x0000000000108a00                __aeabi_d2iz
 *(.rodata)
 .rodata        0x0000000000108a5c       0x14 pio/pio.o
 .rodata        0x0000000000108a70       0x54 tr24a/tr24a.o
 .rodata        0x0000000000108ac4      0x224 USB/USB-CDC.o
                0x0000000000108b25                pxDeviceDescriptor
                0x0000000000108b9f                pxManufacturerStringDescriptor
                0x0000000000108ac4                pxReportDescriptor
                0x0000000000108b37                pxInterfaceStringDescriptor
                0x0000000000108b7b                pxProductStringDescriptor
                0x0000000000108bb1                pxLanguageStringDescriptor
                0x0000000000108b55                pxConfigurationStringDescriptor
                0x0000000000108ae2                pxConfigDescriptor
 .rodata        0x0000000000108ce8      0x18c /home/snegovick/dev/arm/usr/bin/../lib/gcc/arm-elf/4.0.2/../../../../arm-elf/lib/thumb/interwork/libc.a(vfprintf.o)
 .rodata        0x0000000000108e74       0x18 /home/snegovick/dev/arm/usr/bin/../lib/gcc/arm-elf/4.0.2/../../../../arm-elf/lib/thumb/interwork/libc.a(dtoa.o)
 .rodata        0x0000000000108e8c        0x4 /home/snegovick/dev/arm/usr/bin/../lib/gcc/arm-elf/4.0.2/../../../../arm-elf/lib/thumb/interwork/libc.a(impure.o)
                0x0000000000108e8c                _global_impure_ptr
 .rodata        0x0000000000108e90       0x30 /home/snegovick/dev/arm/usr/bin/../lib/gcc/arm-elf/4.0.2/../../../../arm-elf/lib/thumb/interwork/libc.a(locale.o)
 .rodata        0x0000000000108ec0      0x124 /home/snegovick/dev/arm/usr/bin/../lib/gcc/arm-elf/4.0.2/../../../../arm-elf/lib/thumb/interwork/libc.a(mprec.o)
                0x0000000000108ec0                __mprec_tinytens
                0x0000000000108f10                __mprec_tens
                0x0000000000108ee8                __mprec_bigtens
 *(.rodata*)
 .rodata.str1.4
                0x0000000000108fe4        0x4 main.o
 .rodata.str1.4
                0x0000000000108fe8       0x1e ../../../Source/tasks.o
                                         0x20 (size before relaxing)
 *fill*         0x0000000000109006        0x2 00
 .rodata.str1.4
                0x0000000000109008        0x2 USB/USB-CDC.o
                                          0x4 (size before relaxing)
 *fill*         0x000000000010900a        0x2 00
 .rodata.str1.4
                0x000000000010900c       0x62 /home/snegovick/dev/arm/usr/bin/../lib/gcc/arm-elf/4.0.2/../../../../arm-elf/lib/thumb/interwork/libc.a(vfprintf.o)
                                         0x64 (size before relaxing)
 *fill*         0x000000000010906e        0x2 00
 .rodata.str1.4
                0x0000000000109070       0x1e /home/snegovick/dev/arm/usr/bin/../lib/gcc/arm-elf/4.0.2/../../../../arm-elf/lib/thumb/interwork/libc.a(wctomb_r.o)
                                         0x20 (size before relaxing)
 *fill*         0x000000000010908e        0x2 00
 .rodata.str1.4
                0x0000000000109090       0x10 /home/snegovick/dev/arm/usr/bin/../lib/gcc/arm-elf/4.0.2/../../../../arm-elf/lib/thumb/interwork/libc.a(dtoa.o)
                                         0x14 (size before relaxing)
 .rodata.str1.4
                0x00000000001090a0        0x2 /home/snegovick/dev/arm/usr/bin/../lib/gcc/arm-elf/4.0.2/../../../../arm-elf/lib/thumb/interwork/libc.a(impure.o)
                                          0x4 (size before relaxing)
 *fill*         0x00000000001090a2        0x2 00
 .rodata.str1.4
                0x00000000001090a4        0xb /home/snegovick/dev/arm/usr/bin/../lib/gcc/arm-elf/4.0.2/../../../../arm-elf/lib/thumb/interwork/libc.a(locale.o)
                                         0x18 (size before relaxing)
 *fill*         0x00000000001090af        0x1 00
 .rodata.str1.4
                0x00000000001090b0        0x4 /home/snegovick/dev/arm/usr/bin/../lib/gcc/arm-elf/4.0.2/../../../../arm-elf/lib/thumb/interwork/libc.a(syscalls.o)
 *(.glue_7)
 .glue_7        0x00000000001090b4       0x24 /home/snegovick/dev/arm/usr/bin/../lib/gcc/arm-elf/4.0.2/thumb/interwork/libgcc.a(_fixdfsi.o)
                0x00000000001090cc                __xQueueGenericSendFromISR_from_arm
                0x00000000001090c0                __vTaskIncrementTick_from_arm
                0x00000000001090b4                __vTaskSwitchContext_from_arm
 *(.glue_7t)
 .glue_7t       0x00000000001090d8       0x78 /home/snegovick/dev/arm/usr/bin/../lib/gcc/arm-elf/4.0.2/thumb/interwork/libgcc.a(_fixdfsi.o)
                0x00000000001090e4                __vPortEnterCritical_change_to_arm
                0x0000000000109140                ____gtdf2_from_thumb
                0x0000000000109110                ____subdf3_from_thumb
                0x000000000010910c                ____ltdf2_change_to_arm
                0x0000000000109114                ____subdf3_change_to_arm
                0x00000000001090ec                __vPortExitCritical_change_to_arm
                0x000000000010914c                ____gedf2_change_to_arm
                0x00000000001090f0                __vPortISRStartFirstTask_from_thumb
                0x00000000001090f8                ____eqdf2_from_thumb
                0x0000000000109130                ____fixdfsi_from_thumb
                0x00000000001090d8                __vPortDisableInterruptsFromThumb_from_thumb
                0x000000000010913c                ____divdf3_change_to_arm
                0x0000000000109148                ____gedf2_from_thumb
                0x00000000001090e8                __vPortExitCritical_from_thumb
                0x000000000010911c                ____muldf3_change_to_arm
                0x0000000000109134                ____fixdfsi_change_to_arm
                0x0000000000109138                ____divdf3_from_thumb
                0x0000000000109124                ____adddf3_change_to_arm
                0x0000000000109144                ____gtdf2_change_to_arm
                0x00000000001090e0                __vPortEnterCritical_from_thumb
                0x0000000000109128                ____floatsidf_from_thumb
                0x0000000000109108                ____ltdf2_from_thumb
                0x00000000001090f4                __vPortISRStartFirstTask_change_to_arm
                0x0000000000109104                ____nedf2_change_to_arm
                0x0000000000109120                ____adddf3_from_thumb
                0x00000000001090dc                __vPortDisableInterruptsFromThumb_change_to_arm
                0x00000000001090fc                ____eqdf2_change_to_arm
                0x0000000000109118                ____muldf3_from_thumb
                0x0000000000109100                ____nedf2_from_thumb
                0x000000000010912c                ____floatsidf_change_to_arm
                0x0000000000109150                __end_of_text__ = .

.data           0x0000000000200000      0x830 load address 0x0000000000109150
                0x0000000000200000                __data_beg__ = .
                0x0000000000109150                __data_beg_src__ = __end_of_text__
 *(.data)
 .data          0x0000000000200000        0x4 ../../../Source/portable/GCC/ARM7_AT91SAM7S/portISR.o
                0x0000000000200000                ulCriticalNesting
 .data          0x0000000000200004        0x4 ../../../Source/tasks.o
 .data          0x0000000000200008      0x404 /home/snegovick/dev/arm/usr/bin/../lib/gcc/arm-elf/4.0.2/../../../../arm-elf/lib/thumb/interwork/libc.a(impure.o)
                0x0000000000200408                _impure_ptr
 .data          0x000000000020040c       0x14 /home/snegovick/dev/arm/usr/bin/../lib/gcc/arm-elf/4.0.2/../../../../arm-elf/lib/thumb/interwork/libc.a(locale.o)
                0x0000000000200418                __mb_cur_max
                0x000000000020040c                __lc_ctype
 .data          0x0000000000200420      0x410 /home/snegovick/dev/arm/usr/bin/../lib/gcc/arm-elf/4.0.2/../../../../arm-elf/lib/thumb/interwork/libc.a(mallocr.o)
                0x0000000000200420                __malloc_sbrk_base
                0x0000000000200428                __malloc_av_
                0x0000000000200424                __malloc_trim_threshold
                0x0000000000200830                __data_end__ = .

.bss            0x0000000000200830     0x64c0
                0x0000000000200830                __bss_beg__ = .
 *(.bss)
 .bss           0x0000000000200830       0x44 USB/USBIsr.o
 .bss           0x0000000000200874        0x4 main.o
 .bss           0x0000000000200878      0x104 ../../../Source/tasks.o
                0x0000000000200878                pxCurrentTCB
 .bss           0x000000000020097c     0x6014 ../../../Source/portable/MemMang/heap_2.o
 .bss           0x0000000000206990      0x134 USB/USB-CDC.o
 .bss           0x0000000000206ac4        0xc /home/snegovick/dev/arm/usr/bin/../lib/gcc/arm-elf/4.0.2/../../../../arm-elf/lib/thumb/interwork/libc.a(locale.o)
                0x0000000000206acc                __nlocale_changed
                0x0000000000206ac8                __mlocale_changed
                0x0000000000206ac4                _PathLocale
 .bss           0x0000000000206ad0       0x34 /home/snegovick/dev/arm/usr/bin/../lib/gcc/arm-elf/4.0.2/../../../../arm-elf/lib/thumb/interwork/libc.a(mallocr.o)
                0x0000000000206b00                __malloc_top_pad
                0x0000000000206afc                __malloc_max_sbrked_mem
                0x0000000000206ad0                __malloc_current_mallinfo
                0x0000000000206af8                __malloc_max_total_mem
 .bss           0x0000000000206b04       0xb0 /home/snegovick/dev/arm/usr/bin/../lib/gcc/arm-elf/4.0.2/../../../../arm-elf/lib/thumb/interwork/libc.a(syscalls.o)
 COMMON         0x0000000000206bb4      0x130 tr24a/spi_isr.o
                0x0000000000206bb4                trspistat
                0x0000000000206bbc                trspi
 COMMON         0x0000000000206ce4        0x4 main.o
                0x0000000000206ce4                trinited
 COMMON         0x0000000000206ce8        0x4 USB/USB-CDC.o
                0x0000000000206ce8                xUSBInterruptQueue
 COMMON         0x0000000000206cec        0x4 /home/snegovick/dev/arm/usr/bin/../lib/gcc/arm-elf/4.0.2/../../../../arm-elf/lib/thumb/interwork/libc.a(reent.o)
                0x0000000000206cec                errno
                0x0000000000206cf0                . = ALIGN (0x4)
                0x0000000000206cf0                . = ALIGN (0x4)
                0x0000000000206cf0                _end = .
                0x0000000000206cf0                _bss_end__ = .
                0x0000000000206cf0                __bss_end__ = .
                0x0000000000206cf0                __end__ = .
                0x0000000000206cf0                PROVIDE (end, .)
OUTPUT(RTOSDemo.elf elf32-littlearm)

.comment        0x0000000000000000      0x402
 .comment       0x0000000000000000       0x12 ../../../Source/portable/GCC/ARM7_AT91SAM7S/portISR.o
 .comment       0x0000000000000012       0x12 ./SrcAtmel/Cstartup_SAM7.o
 .comment       0x0000000000000024       0x12 tr24a/spi_isr.o
 .comment       0x0000000000000036       0x12 USB/USBIsr.o
 .comment       0x0000000000000048       0x12 main.o
 .comment       0x000000000000005a       0x12 ../../../Source/list.o
 .comment       0x000000000000006c       0x12 ../../../Source/queue.o
 .comment       0x000000000000007e       0x12 ../../../Source/tasks.o
 .comment       0x0000000000000090       0x12 ../../../Source/portable/GCC/ARM7_AT91SAM7S/port.o
 .comment       0x00000000000000a2       0x12 ../../../Source/portable/MemMang/heap_2.o
 .comment       0x00000000000000b4       0x12 aic/aic.o
 .comment       0x00000000000000c6       0x12 spi/spi.o
 .comment       0x00000000000000d8       0x12 pio/pio.o
 .comment       0x00000000000000ea       0x12 tr24a/tr24a.o
 .comment       0x00000000000000fc       0x12 USB/USB-CDC.o
 .comment       0x000000000000010e       0x12 /home/snegovick/dev/arm/usr/bin/../lib/gcc/arm-elf/4.0.2/../../../../arm-elf/lib/thumb/interwork/libc.a(memcpy.o)
 .comment       0x0000000000000120       0x12 /home/snegovick/dev/arm/usr/bin/../lib/gcc/arm-elf/4.0.2/../../../../arm-elf/lib/thumb/interwork/libc.a(memset.o)
 .comment       0x0000000000000132       0x12 /home/snegovick/dev/arm/usr/bin/../lib/gcc/arm-elf/4.0.2/../../../../arm-elf/lib/thumb/interwork/libc.a(sprintf.o)
 .comment       0x0000000000000144       0x12 /home/snegovick/dev/arm/usr/bin/../lib/gcc/arm-elf/4.0.2/../../../../arm-elf/lib/thumb/interwork/libc.a(strcat.o)
 .comment       0x0000000000000156       0x12 /home/snegovick/dev/arm/usr/bin/../lib/gcc/arm-elf/4.0.2/../../../../arm-elf/lib/thumb/interwork/libc.a(strcpy.o)
 .comment       0x0000000000000168       0x12 /home/snegovick/dev/arm/usr/bin/../lib/gcc/arm-elf/4.0.2/../../../../arm-elf/lib/thumb/interwork/libc.a(strncpy.o)
 .comment       0x000000000000017a       0x12 /home/snegovick/dev/arm/usr/bin/../lib/gcc/arm-elf/4.0.2/../../../../arm-elf/lib/thumb/interwork/libc.a(vfprintf.o)
 .comment       0x000000000000018c       0x12 /home/snegovick/dev/arm/usr/bin/../lib/gcc/arm-elf/4.0.2/../../../../arm-elf/lib/thumb/interwork/libc.a(wcrtomb.o)
 .comment       0x000000000000019e       0x12 /home/snegovick/dev/arm/usr/bin/../lib/gcc/arm-elf/4.0.2/../../../../arm-elf/lib/thumb/interwork/libc.a(wcsrtombs.o)
 .comment       0x00000000000001b0       0x12 /home/snegovick/dev/arm/usr/bin/../lib/gcc/arm-elf/4.0.2/../../../../arm-elf/lib/thumb/interwork/libc.a(wctomb_r.o)
 .comment       0x00000000000001c2       0x12 /home/snegovick/dev/arm/usr/bin/../lib/gcc/arm-elf/4.0.2/../../../../arm-elf/lib/thumb/interwork/libc.a(wsetup.o)
 .comment       0x00000000000001d4       0x12 /home/snegovick/dev/arm/usr/bin/../lib/gcc/arm-elf/4.0.2/../../../../arm-elf/lib/thumb/interwork/libc.a(dtoa.o)
 .comment       0x00000000000001e6       0x12 /home/snegovick/dev/arm/usr/bin/../lib/gcc/arm-elf/4.0.2/../../../../arm-elf/lib/thumb/interwork/libc.a(fflush.o)
 .comment       0x00000000000001f8       0x12 /home/snegovick/dev/arm/usr/bin/../lib/gcc/arm-elf/4.0.2/../../../../arm-elf/lib/thumb/interwork/libc.a(findfp.o)
 .comment       0x000000000000020a       0x12 /home/snegovick/dev/arm/usr/bin/../lib/gcc/arm-elf/4.0.2/../../../../arm-elf/lib/thumb/interwork/libc.a(freer.o)
 .comment       0x000000000000021c       0x12 /home/snegovick/dev/arm/usr/bin/../lib/gcc/arm-elf/4.0.2/../../../../arm-elf/lib/thumb/interwork/libc.a(fvwrite.o)
 .comment       0x000000000000022e       0x12 /home/snegovick/dev/arm/usr/bin/../lib/gcc/arm-elf/4.0.2/../../../../arm-elf/lib/thumb/interwork/libc.a(fwalk.o)
 .comment       0x0000000000000240       0x12 /home/snegovick/dev/arm/usr/bin/../lib/gcc/arm-elf/4.0.2/../../../../arm-elf/lib/thumb/interwork/libc.a(impure.o)
 .comment       0x0000000000000252       0x12 /home/snegovick/dev/arm/usr/bin/../lib/gcc/arm-elf/4.0.2/../../../../arm-elf/lib/thumb/interwork/libc.a(locale.o)
 .comment       0x0000000000000264       0x12 /home/snegovick/dev/arm/usr/bin/../lib/gcc/arm-elf/4.0.2/../../../../arm-elf/lib/thumb/interwork/libc.a(makebuf.o)
 .comment       0x0000000000000276       0x12 /home/snegovick/dev/arm/usr/bin/../lib/gcc/arm-elf/4.0.2/../../../../arm-elf/lib/thumb/interwork/libc.a(mallocr.o)
 .comment       0x0000000000000288       0x12 /home/snegovick/dev/arm/usr/bin/../lib/gcc/arm-elf/4.0.2/../../../../arm-elf/lib/thumb/interwork/libc.a(memchr.o)
 .comment       0x000000000000029a       0x12 /home/snegovick/dev/arm/usr/bin/../lib/gcc/arm-elf/4.0.2/../../../../arm-elf/lib/thumb/interwork/libc.a(memmove.o)
 .comment       0x00000000000002ac       0x12 /home/snegovick/dev/arm/usr/bin/../lib/gcc/arm-elf/4.0.2/../../../../arm-elf/lib/thumb/interwork/libc.a(mlock.o)
 .comment       0x00000000000002be       0x12 /home/snegovick/dev/arm/usr/bin/../lib/gcc/arm-elf/4.0.2/../../../../arm-elf/lib/thumb/interwork/libc.a(mprec.o)
 .comment       0x00000000000002d0       0x12 /home/snegovick/dev/arm/usr/bin/../lib/gcc/arm-elf/4.0.2/../../../../arm-elf/lib/thumb/interwork/libc.a(reallocr.o)
 .comment       0x00000000000002e2       0x12 /home/snegovick/dev/arm/usr/bin/../lib/gcc/arm-elf/4.0.2/../../../../arm-elf/lib/thumb/interwork/libc.a(sbrkr.o)
 .comment       0x00000000000002f4       0x12 /home/snegovick/dev/arm/usr/bin/../lib/gcc/arm-elf/4.0.2/../../../../arm-elf/lib/thumb/interwork/libc.a(s_isinf.o)
 .comment       0x0000000000000306       0x12 /home/snegovick/dev/arm/usr/bin/../lib/gcc/arm-elf/4.0.2/../../../../arm-elf/lib/thumb/interwork/libc.a(s_isnan.o)
 .comment       0x0000000000000318       0x12 /home/snegovick/dev/arm/usr/bin/../lib/gcc/arm-elf/4.0.2/../../../../arm-elf/lib/thumb/interwork/libc.a(stdio.o)
 .comment       0x000000000000032a       0x12 /home/snegovick/dev/arm/usr/bin/../lib/gcc/arm-elf/4.0.2/../../../../arm-elf/lib/thumb/interwork/libc.a(strcmp.o)
 .comment       0x000000000000033c       0x12 /home/snegovick/dev/arm/usr/bin/../lib/gcc/arm-elf/4.0.2/../../../../arm-elf/lib/thumb/interwork/libc.a(strlen.o)
 .comment       0x000000000000034e       0x12 /home/snegovick/dev/arm/usr/bin/../lib/gcc/arm-elf/4.0.2/../../../../arm-elf/lib/thumb/interwork/libc.a(syscalls.o)
 .comment       0x0000000000000360       0x12 /home/snegovick/dev/arm/usr/bin/../lib/gcc/arm-elf/4.0.2/../../../../arm-elf/lib/thumb/interwork/libc.a(writer.o)
 .comment       0x0000000000000372       0x12 /home/snegovick/dev/arm/usr/bin/../lib/gcc/arm-elf/4.0.2/../../../../arm-elf/lib/thumb/interwork/libc.a(callocr.o)
 .comment       0x0000000000000384       0x12 /home/snegovick/dev/arm/usr/bin/../lib/gcc/arm-elf/4.0.2/../../../../arm-elf/lib/thumb/interwork/libc.a(closer.o)
 .comment       0x0000000000000396       0x12 /home/snegovick/dev/arm/usr/bin/../lib/gcc/arm-elf/4.0.2/../../../../arm-elf/lib/thumb/interwork/libc.a(errno.o)
 .comment       0x00000000000003a8       0x12 /home/snegovick/dev/arm/usr/bin/../lib/gcc/arm-elf/4.0.2/../../../../arm-elf/lib/thumb/interwork/libc.a(fclose.o)
 .comment       0x00000000000003ba       0x12 /home/snegovick/dev/arm/usr/bin/../lib/gcc/arm-elf/4.0.2/../../../../arm-elf/lib/thumb/interwork/libc.a(fstatr.o)
 .comment       0x00000000000003cc       0x12 /home/snegovick/dev/arm/usr/bin/../lib/gcc/arm-elf/4.0.2/../../../../arm-elf/lib/thumb/interwork/libc.a(lseekr.o)
 .comment       0x00000000000003de       0x12 /home/snegovick/dev/arm/usr/bin/../lib/gcc/arm-elf/4.0.2/../../../../arm-elf/lib/thumb/interwork/libc.a(readr.o)
 .comment       0x00000000000003f0       0x12 /home/snegovick/dev/arm/usr/bin/../lib/gcc/arm-elf/4.0.2/../../../../arm-elf/lib/thumb/interwork/libc.a(reent.o)

.debug_line     0x0000000000000000     0x4315
 .debug_line    0x0000000000000000       0x70 /home/snegovick/dev/arm/usr/bin/../lib/gcc/arm-elf/4.0.2/thumb/interwork/libgcc.a(_udivsi3.o)
 .debug_line    0x0000000000000070       0x5a /home/snegovick/dev/arm/usr/bin/../lib/gcc/arm-elf/4.0.2/thumb/interwork/libgcc.a(_dvmd_tls.o)
 .debug_line    0x00000000000000ca       0xce /home/snegovick/dev/arm/usr/bin/../lib/gcc/arm-elf/4.0.2/../../../../arm-elf/lib/thumb/interwork/libc.a(memcpy.o)
 .debug_line    0x0000000000000198       0xdf /home/snegovick/dev/arm/usr/bin/../lib/gcc/arm-elf/4.0.2/../../../../arm-elf/lib/thumb/interwork/libc.a(memset.o)
 .debug_line    0x0000000000000277      0x183 /home/snegovick/dev/arm/usr/bin/../lib/gcc/arm-elf/4.0.2/../../../../arm-elf/lib/thumb/interwork/libc.a(sprintf.o)
 .debug_line    0x00000000000003fa       0x7f /home/snegovick/dev/arm/usr/bin/../lib/gcc/arm-elf/4.0.2/../../../../arm-elf/lib/thumb/interwork/libc.a(strcat.o)
 .debug_line    0x0000000000000479       0x80 /home/snegovick/dev/arm/usr/bin/../lib/gcc/arm-elf/4.0.2/../../../../arm-elf/lib/thumb/interwork/libc.a(strcpy.o)
 .debug_line    0x00000000000004f9       0xcd /home/snegovick/dev/arm/usr/bin/../lib/gcc/arm-elf/4.0.2/../../../../arm-elf/lib/thumb/interwork/libc.a(strncpy.o)
 .debug_line    0x00000000000005c6      0x580 /home/snegovick/dev/arm/usr/bin/../lib/gcc/arm-elf/4.0.2/../../../../arm-elf/lib/thumb/interwork/libc.a(vfprintf.o)
 .debug_line    0x0000000000000b46      0x155 /home/snegovick/dev/arm/usr/bin/../lib/gcc/arm-elf/4.0.2/../../../../arm-elf/lib/thumb/interwork/libc.a(wcrtomb.o)
 .debug_line    0x0000000000000c9b      0x183 /home/snegovick/dev/arm/usr/bin/../lib/gcc/arm-elf/4.0.2/../../../../arm-elf/lib/thumb/interwork/libc.a(wcsrtombs.o)
 .debug_line    0x0000000000000e1e      0x1cb /home/snegovick/dev/arm/usr/bin/../lib/gcc/arm-elf/4.0.2/../../../../arm-elf/lib/thumb/interwork/libc.a(wctomb_r.o)
 .debug_line    0x0000000000000fe9      0x165 /home/snegovick/dev/arm/usr/bin/../lib/gcc/arm-elf/4.0.2/../../../../arm-elf/lib/thumb/interwork/libc.a(wsetup.o)
 .debug_line    0x000000000000114e      0x436 /home/snegovick/dev/arm/usr/bin/../lib/gcc/arm-elf/4.0.2/../../../../arm-elf/lib/thumb/interwork/libc.a(dtoa.o)
 .debug_line    0x0000000000001584      0x15f /home/snegovick/dev/arm/usr/bin/../lib/gcc/arm-elf/4.0.2/../../../../arm-elf/lib/thumb/interwork/libc.a(fflush.o)
 .debug_line    0x00000000000016e3      0x1b7 /home/snegovick/dev/arm/usr/bin/../lib/gcc/arm-elf/4.0.2/../../../../arm-elf/lib/thumb/interwork/libc.a(findfp.o)
 .debug_line    0x000000000000189a      0x176 /home/snegovick/dev/arm/usr/bin/../lib/gcc/arm-elf/4.0.2/../../../../arm-elf/lib/thumb/interwork/libc.a(freer.o)
 .debug_line    0x0000000000001a10      0x1e8 /home/snegovick/dev/arm/usr/bin/../lib/gcc/arm-elf/4.0.2/../../../../arm-elf/lib/thumb/interwork/libc.a(fvwrite.o)
 .debug_line    0x0000000000001bf8      0x171 /home/snegovick/dev/arm/usr/bin/../lib/gcc/arm-elf/4.0.2/../../../../arm-elf/lib/thumb/interwork/libc.a(fwalk.o)
 .debug_line    0x0000000000001d69       0xf5 /home/snegovick/dev/arm/usr/bin/../lib/gcc/arm-elf/4.0.2/../../../../arm-elf/lib/thumb/interwork/libc.a(impure.o)
 .debug_line    0x0000000000001e5e      0x15e /home/snegovick/dev/arm/usr/bin/../lib/gcc/arm-elf/4.0.2/../../../../arm-elf/lib/thumb/interwork/libc.a(locale.o)
 .debug_line    0x0000000000001fbc      0x17f /home/snegovick/dev/arm/usr/bin/../lib/gcc/arm-elf/4.0.2/../../../../arm-elf/lib/thumb/interwork/libc.a(makebuf.o)
 .debug_line    0x000000000000213b      0x24f /home/snegovick/dev/arm/usr/bin/../lib/gcc/arm-elf/4.0.2/../../../../arm-elf/lib/thumb/interwork/libc.a(mallocr.o)
 .debug_line    0x000000000000238a       0xe5 /home/snegovick/dev/arm/usr/bin/../lib/gcc/arm-elf/4.0.2/../../../../arm-elf/lib/thumb/interwork/libc.a(memchr.o)
 .debug_line    0x000000000000246f       0xd9 /home/snegovick/dev/arm/usr/bin/../lib/gcc/arm-elf/4.0.2/../../../../arm-elf/lib/thumb/interwork/libc.a(memmove.o)
 .debug_line    0x0000000000002548      0x107 /home/snegovick/dev/arm/usr/bin/../lib/gcc/arm-elf/4.0.2/../../../../arm-elf/lib/thumb/interwork/libc.a(mlock.o)
 .debug_line    0x000000000000264f      0x3ba /home/snegovick/dev/arm/usr/bin/../lib/gcc/arm-elf/4.0.2/../../../../arm-elf/lib/thumb/interwork/libc.a(mprec.o)
 .debug_line    0x0000000000002a09      0x1ae /home/snegovick/dev/arm/usr/bin/../lib/gcc/arm-elf/4.0.2/../../../../arm-elf/lib/thumb/interwork/libc.a(reallocr.o)
 .debug_line    0x0000000000002bb7      0x10a /home/snegovick/dev/arm/usr/bin/../lib/gcc/arm-elf/4.0.2/../../../../arm-elf/lib/thumb/interwork/libc.a(sbrkr.o)
 .debug_line    0x0000000000002cc1       0xb0 /home/snegovick/dev/arm/usr/bin/../lib/gcc/arm-elf/4.0.2/../../../../arm-elf/lib/thumb/interwork/libc.a(s_isinf.o)
 .debug_line    0x0000000000002d71       0xb0 /home/snegovick/dev/arm/usr/bin/../lib/gcc/arm-elf/4.0.2/../../../../arm-elf/lib/thumb/interwork/libc.a(s_isnan.o)
 .debug_line    0x0000000000002e21      0x170 /home/snegovick/dev/arm/usr/bin/../lib/gcc/arm-elf/4.0.2/../../../../arm-elf/lib/thumb/interwork/libc.a(stdio.o)
 .debug_line    0x0000000000002f91       0x88 /home/snegovick/dev/arm/usr/bin/../lib/gcc/arm-elf/4.0.2/../../../../arm-elf/lib/thumb/interwork/libc.a(strcmp.o)
 .debug_line    0x0000000000003019       0xba /home/snegovick/dev/arm/usr/bin/../lib/gcc/arm-elf/4.0.2/../../../../arm-elf/lib/thumb/interwork/libc.a(strlen.o)
 .debug_line    0x00000000000030d3      0x2ca /home/snegovick/dev/arm/usr/bin/../lib/gcc/arm-elf/4.0.2/../../../../arm-elf/lib/thumb/interwork/libc.a(syscalls.o)
 .debug_line    0x000000000000339d      0x10b /home/snegovick/dev/arm/usr/bin/../lib/gcc/arm-elf/4.0.2/../../../../arm-elf/lib/thumb/interwork/libc.a(writer.o)
 .debug_line    0x00000000000034a8      0x110 /home/snegovick/dev/arm/usr/bin/../lib/gcc/arm-elf/4.0.2/../../../../arm-elf/lib/thumb/interwork/libc.a(callocr.o)
 .debug_line    0x00000000000035b8      0x10b /home/snegovick/dev/arm/usr/bin/../lib/gcc/arm-elf/4.0.2/../../../../arm-elf/lib/thumb/interwork/libc.a(closer.o)
 .debug_line    0x00000000000036c3      0x104 /home/snegovick/dev/arm/usr/bin/../lib/gcc/arm-elf/4.0.2/../../../../arm-elf/lib/thumb/interwork/libc.a(errno.o)
 .debug_line    0x00000000000037c7      0x161 /home/snegovick/dev/arm/usr/bin/../lib/gcc/arm-elf/4.0.2/../../../../arm-elf/lib/thumb/interwork/libc.a(fclose.o)
 .debug_line    0x0000000000003928      0x15b /home/snegovick/dev/arm/usr/bin/../lib/gcc/arm-elf/4.0.2/../../../../arm-elf/lib/thumb/interwork/libc.a(fstatr.o)
 .debug_line    0x0000000000003a83      0x10b /home/snegovick/dev/arm/usr/bin/../lib/gcc/arm-elf/4.0.2/../../../../arm-elf/lib/thumb/interwork/libc.a(lseekr.o)
 .debug_line    0x0000000000003b8e      0x10a /home/snegovick/dev/arm/usr/bin/../lib/gcc/arm-elf/4.0.2/../../../../arm-elf/lib/thumb/interwork/libc.a(readr.o)
 .debug_line    0x0000000000003c98      0x13c /home/snegovick/dev/arm/usr/bin/../lib/gcc/arm-elf/4.0.2/../../../../arm-elf/lib/thumb/interwork/libc.a(reent.o)
 .debug_line    0x0000000000003dd4       0x7c /home/snegovick/dev/arm/usr/bin/../lib/gcc/arm-elf/4.0.2/thumb/interwork/libgcc.a(_divsi3.o)
 .debug_line    0x0000000000003e50       0x68 /home/snegovick/dev/arm/usr/bin/../lib/gcc/arm-elf/4.0.2/thumb/interwork/libgcc.a(_umodsi3.o)
 .debug_line    0x0000000000003eb8       0x71 /home/snegovick/dev/arm/usr/bin/../lib/gcc/arm-elf/4.0.2/thumb/interwork/libgcc.a(_modsi3.o)
 .debug_line    0x0000000000003f29      0x162 /home/snegovick/dev/arm/usr/bin/../lib/gcc/arm-elf/4.0.2/thumb/interwork/libgcc.a(_addsubdf3.o)
 .debug_line    0x000000000000408b      0x177 /home/snegovick/dev/arm/usr/bin/../lib/gcc/arm-elf/4.0.2/thumb/interwork/libgcc.a(_muldivdf3.o)
 .debug_line    0x0000000000004202       0xa4 /home/snegovick/dev/arm/usr/bin/../lib/gcc/arm-elf/4.0.2/thumb/interwork/libgcc.a(_cmpdf2.o)
 .debug_line    0x00000000000042a6       0x6f /home/snegovick/dev/arm/usr/bin/../lib/gcc/arm-elf/4.0.2/thumb/interwork/libgcc.a(_fixdfsi.o)

.debug_info     0x0000000000000000    0x1698d
 .debug_info    0x0000000000000000       0x71 /home/snegovick/dev/arm/usr/bin/../lib/gcc/arm-elf/4.0.2/thumb/interwork/libgcc.a(_udivsi3.o)
 .debug_info    0x0000000000000071       0x71 /home/snegovick/dev/arm/usr/bin/../lib/gcc/arm-elf/4.0.2/thumb/interwork/libgcc.a(_dvmd_tls.o)
 .debug_info    0x00000000000000e2      0x10d /home/snegovick/dev/arm/usr/bin/../lib/gcc/arm-elf/4.0.2/../../../../arm-elf/lib/thumb/interwork/libc.a(memcpy.o)
 .debug_info    0x00000000000001ef      0x111 /home/snegovick/dev/arm/usr/bin/../lib/gcc/arm-elf/4.0.2/../../../../arm-elf/lib/thumb/interwork/libc.a(memset.o)
 .debug_info    0x0000000000000300      0xa00 /home/snegovick/dev/arm/usr/bin/../lib/gcc/arm-elf/4.0.2/../../../../arm-elf/lib/thumb/interwork/libc.a(sprintf.o)
 .debug_info    0x0000000000000d00       0xe5 /home/snegovick/dev/arm/usr/bin/../lib/gcc/arm-elf/4.0.2/../../../../arm-elf/lib/thumb/interwork/libc.a(strcat.o)
 .debug_info    0x0000000000000de5      0x10c /home/snegovick/dev/arm/usr/bin/../lib/gcc/arm-elf/4.0.2/../../../../arm-elf/lib/thumb/interwork/libc.a(strcpy.o)
 .debug_info    0x0000000000000ef1      0x126 /home/snegovick/dev/arm/usr/bin/../lib/gcc/arm-elf/4.0.2/../../../../arm-elf/lib/thumb/interwork/libc.a(strncpy.o)
 .debug_info    0x0000000000001017     0x10f2 /home/snegovick/dev/arm/usr/bin/../lib/gcc/arm-elf/4.0.2/../../../../arm-elf/lib/thumb/interwork/libc.a(vfprintf.o)
 .debug_info    0x0000000000002109      0x9ee /home/snegovick/dev/arm/usr/bin/../lib/gcc/arm-elf/4.0.2/../../../../arm-elf/lib/thumb/interwork/libc.a(wcrtomb.o)
 .debug_info    0x0000000000002af7      0xa84 /home/snegovick/dev/arm/usr/bin/../lib/gcc/arm-elf/4.0.2/../../../../arm-elf/lib/thumb/interwork/libc.a(wcsrtombs.o)
 .debug_info    0x000000000000357b      0x9f6 /home/snegovick/dev/arm/usr/bin/../lib/gcc/arm-elf/4.0.2/../../../../arm-elf/lib/thumb/interwork/libc.a(wctomb_r.o)
 .debug_info    0x0000000000003f71      0x939 /home/snegovick/dev/arm/usr/bin/../lib/gcc/arm-elf/4.0.2/../../../../arm-elf/lib/thumb/interwork/libc.a(wsetup.o)
 .debug_info    0x00000000000048aa      0xd65 /home/snegovick/dev/arm/usr/bin/../lib/gcc/arm-elf/4.0.2/../../../../arm-elf/lib/thumb/interwork/libc.a(dtoa.o)
 .debug_info    0x000000000000560f      0x973 /home/snegovick/dev/arm/usr/bin/../lib/gcc/arm-elf/4.0.2/../../../../arm-elf/lib/thumb/interwork/libc.a(fflush.o)
 .debug_info    0x0000000000005f82      0xb67 /home/snegovick/dev/arm/usr/bin/../lib/gcc/arm-elf/4.0.2/../../../../arm-elf/lib/thumb/interwork/libc.a(findfp.o)
 .debug_info    0x0000000000006ae9      0xbb3 /home/snegovick/dev/arm/usr/bin/../lib/gcc/arm-elf/4.0.2/../../../../arm-elf/lib/thumb/interwork/libc.a(freer.o)
 .debug_info    0x000000000000769c      0xa63 /home/snegovick/dev/arm/usr/bin/../lib/gcc/arm-elf/4.0.2/../../../../arm-elf/lib/thumb/interwork/libc.a(fvwrite.o)
 .debug_info    0x00000000000080ff      0xadb /home/snegovick/dev/arm/usr/bin/../lib/gcc/arm-elf/4.0.2/../../../../arm-elf/lib/thumb/interwork/libc.a(fwalk.o)
 .debug_info    0x0000000000008bda      0x922 /home/snegovick/dev/arm/usr/bin/../lib/gcc/arm-elf/4.0.2/../../../../arm-elf/lib/thumb/interwork/libc.a(impure.o)
 .debug_info    0x00000000000094fc      0xb7c /home/snegovick/dev/arm/usr/bin/../lib/gcc/arm-elf/4.0.2/../../../../arm-elf/lib/thumb/interwork/libc.a(locale.o)
 .debug_info    0x000000000000a078      0xad8 /home/snegovick/dev/arm/usr/bin/../lib/gcc/arm-elf/4.0.2/../../../../arm-elf/lib/thumb/interwork/libc.a(makebuf.o)
 .debug_info    0x000000000000ab50      0xcbd /home/snegovick/dev/arm/usr/bin/../lib/gcc/arm-elf/4.0.2/../../../../arm-elf/lib/thumb/interwork/libc.a(mallocr.o)
 .debug_info    0x000000000000b80d      0x136 /home/snegovick/dev/arm/usr/bin/../lib/gcc/arm-elf/4.0.2/../../../../arm-elf/lib/thumb/interwork/libc.a(memchr.o)
 .debug_info    0x000000000000b943      0x13e /home/snegovick/dev/arm/usr/bin/../lib/gcc/arm-elf/4.0.2/../../../../arm-elf/lib/thumb/interwork/libc.a(memmove.o)
 .debug_info    0x000000000000ba81      0x93e /home/snegovick/dev/arm/usr/bin/../lib/gcc/arm-elf/4.0.2/../../../../arm-elf/lib/thumb/interwork/libc.a(mlock.o)
 .debug_info    0x000000000000c3bf     0x1332 /home/snegovick/dev/arm/usr/bin/../lib/gcc/arm-elf/4.0.2/../../../../arm-elf/lib/thumb/interwork/libc.a(mprec.o)
 .debug_info    0x000000000000d6f1      0xbc3 /home/snegovick/dev/arm/usr/bin/../lib/gcc/arm-elf/4.0.2/../../../../arm-elf/lib/thumb/interwork/libc.a(reallocr.o)
 .debug_info    0x000000000000e2b4      0x951 /home/snegovick/dev/arm/usr/bin/../lib/gcc/arm-elf/4.0.2/../../../../arm-elf/lib/thumb/interwork/libc.a(sbrkr.o)
 .debug_info    0x000000000000ec05       0xd8 /home/snegovick/dev/arm/usr/bin/../lib/gcc/arm-elf/4.0.2/../../../../arm-elf/lib/thumb/interwork/libc.a(s_isinf.o)
 .debug_info    0x000000000000ecdd       0xd6 /home/snegovick/dev/arm/usr/bin/../lib/gcc/arm-elf/4.0.2/../../../../arm-elf/lib/thumb/interwork/libc.a(s_isnan.o)
 .debug_info    0x000000000000edb3      0xa70 /home/snegovick/dev/arm/usr/bin/../lib/gcc/arm-elf/4.0.2/../../../../arm-elf/lib/thumb/interwork/libc.a(stdio.o)
 .debug_info    0x000000000000f823       0xd9 /home/snegovick/dev/arm/usr/bin/../lib/gcc/arm-elf/4.0.2/../../../../arm-elf/lib/thumb/interwork/libc.a(strcmp.o)
 .debug_info    0x000000000000f8fc       0xd5 /home/snegovick/dev/arm/usr/bin/../lib/gcc/arm-elf/4.0.2/../../../../arm-elf/lib/thumb/interwork/libc.a(strlen.o)
 .debug_info    0x000000000000f9d1     0x15b0 /home/snegovick/dev/arm/usr/bin/../lib/gcc/arm-elf/4.0.2/../../../../arm-elf/lib/thumb/interwork/libc.a(syscalls.o)
 .debug_info    0x0000000000010f81      0x980 /home/snegovick/dev/arm/usr/bin/../lib/gcc/arm-elf/4.0.2/../../../../arm-elf/lib/thumb/interwork/libc.a(writer.o)
 .debug_info    0x0000000000011901      0xa02 /home/snegovick/dev/arm/usr/bin/../lib/gcc/arm-elf/4.0.2/../../../../arm-elf/lib/thumb/interwork/libc.a(callocr.o)
 .debug_info    0x0000000000012303      0x945 /home/snegovick/dev/arm/usr/bin/../lib/gcc/arm-elf/4.0.2/../../../../arm-elf/lib/thumb/interwork/libc.a(closer.o)
 .debug_info    0x0000000000012c48      0x914 /home/snegovick/dev/arm/usr/bin/../lib/gcc/arm-elf/4.0.2/../../../../arm-elf/lib/thumb/interwork/libc.a(errno.o)
 .debug_info    0x000000000001355c      0x980 /home/snegovick/dev/arm/usr/bin/../lib/gcc/arm-elf/4.0.2/../../../../arm-elf/lib/thumb/interwork/libc.a(fclose.o)
 .debug_info    0x0000000000013edc      0xabd /home/snegovick/dev/arm/usr/bin/../lib/gcc/arm-elf/4.0.2/../../../../arm-elf/lib/thumb/interwork/libc.a(fstatr.o)
 .debug_info    0x0000000000014999      0x96a /home/snegovick/dev/arm/usr/bin/../lib/gcc/arm-elf/4.0.2/../../../../arm-elf/lib/thumb/interwork/libc.a(lseekr.o)
 .debug_info    0x0000000000015303      0x979 /home/snegovick/dev/arm/usr/bin/../lib/gcc/arm-elf/4.0.2/../../../../arm-elf/lib/thumb/interwork/libc.a(readr.o)
 .debug_info    0x0000000000015c7c      0x9fe /home/snegovick/dev/arm/usr/bin/../lib/gcc/arm-elf/4.0.2/../../../../arm-elf/lib/thumb/interwork/libc.a(reent.o)
 .debug_info    0x000000000001667a       0x71 /home/snegovick/dev/arm/usr/bin/../lib/gcc/arm-elf/4.0.2/thumb/interwork/libgcc.a(_divsi3.o)
 .debug_info    0x00000000000166eb       0x71 /home/snegovick/dev/arm/usr/bin/../lib/gcc/arm-elf/4.0.2/thumb/interwork/libgcc.a(_umodsi3.o)
 .debug_info    0x000000000001675c       0x71 /home/snegovick/dev/arm/usr/bin/../lib/gcc/arm-elf/4.0.2/thumb/interwork/libgcc.a(_modsi3.o)
 .debug_info    0x00000000000167cd       0x70 /home/snegovick/dev/arm/usr/bin/../lib/gcc/arm-elf/4.0.2/thumb/interwork/libgcc.a(_addsubdf3.o)
 .debug_info    0x000000000001683d       0x70 /home/snegovick/dev/arm/usr/bin/../lib/gcc/arm-elf/4.0.2/thumb/interwork/libgcc.a(_muldivdf3.o)
 .debug_info    0x00000000000168ad       0x70 /home/snegovick/dev/arm/usr/bin/../lib/gcc/arm-elf/4.0.2/thumb/interwork/libgcc.a(_cmpdf2.o)
 .debug_info    0x000000000001691d       0x70 /home/snegovick/dev/arm/usr/bin/../lib/gcc/arm-elf/4.0.2/thumb/interwork/libgcc.a(_fixdfsi.o)

.debug_abbrev   0x0000000000000000     0x3e98
 .debug_abbrev  0x0000000000000000       0x14 /home/snegovick/dev/arm/usr/bin/../lib/gcc/arm-elf/4.0.2/thumb/interwork/libgcc.a(_udivsi3.o)
 .debug_abbrev  0x0000000000000014       0x14 /home/snegovick/dev/arm/usr/bin/../lib/gcc/arm-elf/4.0.2/thumb/interwork/libgcc.a(_dvmd_tls.o)
 .debug_abbrev  0x0000000000000028       0x99 /home/snegovick/dev/arm/usr/bin/../lib/gcc/arm-elf/4.0.2/../../../../arm-elf/lib/thumb/interwork/libc.a(memcpy.o)
 .debug_abbrev  0x00000000000000c1       0x9a /home/snegovick/dev/arm/usr/bin/../lib/gcc/arm-elf/4.0.2/../../../../arm-elf/lib/thumb/interwork/libc.a(memset.o)
 .debug_abbrev  0x000000000000015b      0x193 /home/snegovick/dev/arm/usr/bin/../lib/gcc/arm-elf/4.0.2/../../../../arm-elf/lib/thumb/interwork/libc.a(sprintf.o)
 .debug_abbrev  0x00000000000002ee       0x87 /home/snegovick/dev/arm/usr/bin/../lib/gcc/arm-elf/4.0.2/../../../../arm-elf/lib/thumb/interwork/libc.a(strcat.o)
 .debug_abbrev  0x0000000000000375       0x80 /home/snegovick/dev/arm/usr/bin/../lib/gcc/arm-elf/4.0.2/../../../../arm-elf/lib/thumb/interwork/libc.a(strcpy.o)
 .debug_abbrev  0x00000000000003f5       0x8d /home/snegovick/dev/arm/usr/bin/../lib/gcc/arm-elf/4.0.2/../../../../arm-elf/lib/thumb/interwork/libc.a(strncpy.o)
 .debug_abbrev  0x0000000000000482      0x35d /home/snegovick/dev/arm/usr/bin/../lib/gcc/arm-elf/4.0.2/../../../../arm-elf/lib/thumb/interwork/libc.a(vfprintf.o)
 .debug_abbrev  0x00000000000007df      0x1a7 /home/snegovick/dev/arm/usr/bin/../lib/gcc/arm-elf/4.0.2/../../../../arm-elf/lib/thumb/interwork/libc.a(wcrtomb.o)
 .debug_abbrev  0x0000000000000986      0x1a4 /home/snegovick/dev/arm/usr/bin/../lib/gcc/arm-elf/4.0.2/../../../../arm-elf/lib/thumb/interwork/libc.a(wcsrtombs.o)
 .debug_abbrev  0x0000000000000b2a      0x1ab /home/snegovick/dev/arm/usr/bin/../lib/gcc/arm-elf/4.0.2/../../../../arm-elf/lib/thumb/interwork/libc.a(wctomb_r.o)
 .debug_abbrev  0x0000000000000cd5      0x170 /home/snegovick/dev/arm/usr/bin/../lib/gcc/arm-elf/4.0.2/../../../../arm-elf/lib/thumb/interwork/libc.a(wsetup.o)
 .debug_abbrev  0x0000000000000e45      0x232 /home/snegovick/dev/arm/usr/bin/../lib/gcc/arm-elf/4.0.2/../../../../arm-elf/lib/thumb/interwork/libc.a(dtoa.o)
 .debug_abbrev  0x0000000000001077      0x17f /home/snegovick/dev/arm/usr/bin/../lib/gcc/arm-elf/4.0.2/../../../../arm-elf/lib/thumb/interwork/libc.a(fflush.o)
 .debug_abbrev  0x00000000000011f6      0x235 /home/snegovick/dev/arm/usr/bin/../lib/gcc/arm-elf/4.0.2/../../../../arm-elf/lib/thumb/interwork/libc.a(findfp.o)
 .debug_abbrev  0x000000000000142b      0x1d9 /home/snegovick/dev/arm/usr/bin/../lib/gcc/arm-elf/4.0.2/../../../../arm-elf/lib/thumb/interwork/libc.a(freer.o)
 .debug_abbrev  0x0000000000001604      0x1b4 /home/snegovick/dev/arm/usr/bin/../lib/gcc/arm-elf/4.0.2/../../../../arm-elf/lib/thumb/interwork/libc.a(fvwrite.o)
 .debug_abbrev  0x00000000000017b8      0x1e1 /home/snegovick/dev/arm/usr/bin/../lib/gcc/arm-elf/4.0.2/../../../../arm-elf/lib/thumb/interwork/libc.a(fwalk.o)
 .debug_abbrev  0x0000000000001999      0x157 /home/snegovick/dev/arm/usr/bin/../lib/gcc/arm-elf/4.0.2/../../../../arm-elf/lib/thumb/interwork/libc.a(impure.o)
 .debug_abbrev  0x0000000000001af0      0x1de /home/snegovick/dev/arm/usr/bin/../lib/gcc/arm-elf/4.0.2/../../../../arm-elf/lib/thumb/interwork/libc.a(locale.o)
 .debug_abbrev  0x0000000000001cce      0x1a8 /home/snegovick/dev/arm/usr/bin/../lib/gcc/arm-elf/4.0.2/../../../../arm-elf/lib/thumb/interwork/libc.a(makebuf.o)
 .debug_abbrev  0x0000000000001e76      0x214 /home/snegovick/dev/arm/usr/bin/../lib/gcc/arm-elf/4.0.2/../../../../arm-elf/lib/thumb/interwork/libc.a(mallocr.o)
 .debug_abbrev  0x000000000000208a       0xa8 /home/snegovick/dev/arm/usr/bin/../lib/gcc/arm-elf/4.0.2/../../../../arm-elf/lib/thumb/interwork/libc.a(memchr.o)
 .debug_abbrev  0x0000000000002132       0x99 /home/snegovick/dev/arm/usr/bin/../lib/gcc/arm-elf/4.0.2/../../../../arm-elf/lib/thumb/interwork/libc.a(memmove.o)
 .debug_abbrev  0x00000000000021cb      0x16a /home/snegovick/dev/arm/usr/bin/../lib/gcc/arm-elf/4.0.2/../../../../arm-elf/lib/thumb/interwork/libc.a(mlock.o)
 .debug_abbrev  0x0000000000002335      0x249 /home/snegovick/dev/arm/usr/bin/../lib/gcc/arm-elf/4.0.2/../../../../arm-elf/lib/thumb/interwork/libc.a(mprec.o)
 .debug_abbrev  0x000000000000257e      0x1c3 /home/snegovick/dev/arm/usr/bin/../lib/gcc/arm-elf/4.0.2/../../../../arm-elf/lib/thumb/interwork/libc.a(reallocr.o)
 .debug_abbrev  0x0000000000002741      0x18e /home/snegovick/dev/arm/usr/bin/../lib/gcc/arm-elf/4.0.2/../../../../arm-elf/lib/thumb/interwork/libc.a(sbrkr.o)
 .debug_abbrev  0x00000000000028cf       0x79 /home/snegovick/dev/arm/usr/bin/../lib/gcc/arm-elf/4.0.2/../../../../arm-elf/lib/thumb/interwork/libc.a(s_isinf.o)
 .debug_abbrev  0x0000000000002948       0x79 /home/snegovick/dev/arm/usr/bin/../lib/gcc/arm-elf/4.0.2/../../../../arm-elf/lib/thumb/interwork/libc.a(s_isnan.o)
 .debug_abbrev  0x00000000000029c1      0x1aa /home/snegovick/dev/arm/usr/bin/../lib/gcc/arm-elf/4.0.2/../../../../arm-elf/lib/thumb/interwork/libc.a(stdio.o)
 .debug_abbrev  0x0000000000002b6b       0x71 /home/snegovick/dev/arm/usr/bin/../lib/gcc/arm-elf/4.0.2/../../../../arm-elf/lib/thumb/interwork/libc.a(strcmp.o)
 .debug_abbrev  0x0000000000002bdc       0x8b /home/snegovick/dev/arm/usr/bin/../lib/gcc/arm-elf/4.0.2/../../../../arm-elf/lib/thumb/interwork/libc.a(strlen.o)
 .debug_abbrev  0x0000000000002c67      0x395 /home/snegovick/dev/arm/usr/bin/../lib/gcc/arm-elf/4.0.2/../../../../arm-elf/lib/thumb/interwork/libc.a(syscalls.o)
 .debug_abbrev  0x0000000000002ffc      0x184 /home/snegovick/dev/arm/usr/bin/../lib/gcc/arm-elf/4.0.2/../../../../arm-elf/lib/thumb/interwork/libc.a(writer.o)
 .debug_abbrev  0x0000000000003180      0x1af /home/snegovick/dev/arm/usr/bin/../lib/gcc/arm-elf/4.0.2/../../../../arm-elf/lib/thumb/interwork/libc.a(callocr.o)
 .debug_abbrev  0x000000000000332f      0x17f /home/snegovick/dev/arm/usr/bin/../lib/gcc/arm-elf/4.0.2/../../../../arm-elf/lib/thumb/interwork/libc.a(closer.o)
 .debug_abbrev  0x00000000000034ae      0x15f /home/snegovick/dev/arm/usr/bin/../lib/gcc/arm-elf/4.0.2/../../../../arm-elf/lib/thumb/interwork/libc.a(errno.o)
 .debug_abbrev  0x000000000000360d      0x18e /home/snegovick/dev/arm/usr/bin/../lib/gcc/arm-elf/4.0.2/../../../../arm-elf/lib/thumb/interwork/libc.a(fclose.o)
 .debug_abbrev  0x000000000000379b      0x18e /home/snegovick/dev/arm/usr/bin/../lib/gcc/arm-elf/4.0.2/../../../../arm-elf/lib/thumb/interwork/libc.a(fstatr.o)
 .debug_abbrev  0x0000000000003929      0x18c /home/snegovick/dev/arm/usr/bin/../lib/gcc/arm-elf/4.0.2/../../../../arm-elf/lib/thumb/interwork/libc.a(lseekr.o)
 .debug_abbrev  0x0000000000003ab5      0x17f /home/snegovick/dev/arm/usr/bin/../lib/gcc/arm-elf/4.0.2/../../../../arm-elf/lib/thumb/interwork/libc.a(readr.o)
 .debug_abbrev  0x0000000000003c34      0x1d8 /home/snegovick/dev/arm/usr/bin/../lib/gcc/arm-elf/4.0.2/../../../../arm-elf/lib/thumb/interwork/libc.a(reent.o)
 .debug_abbrev  0x0000000000003e0c       0x14 /home/snegovick/dev/arm/usr/bin/../lib/gcc/arm-elf/4.0.2/thumb/interwork/libgcc.a(_divsi3.o)
 .debug_abbrev  0x0000000000003e20       0x14 /home/snegovick/dev/arm/usr/bin/../lib/gcc/arm-elf/4.0.2/thumb/interwork/libgcc.a(_umodsi3.o)
 .debug_abbrev  0x0000000000003e34       0x14 /home/snegovick/dev/arm/usr/bin/../lib/gcc/arm-elf/4.0.2/thumb/interwork/libgcc.a(_modsi3.o)
 .debug_abbrev  0x0000000000003e48       0x14 /home/snegovick/dev/arm/usr/bin/../lib/gcc/arm-elf/4.0.2/thumb/interwork/libgcc.a(_addsubdf3.o)
 .debug_abbrev  0x0000000000003e5c       0x14 /home/snegovick/dev/arm/usr/bin/../lib/gcc/arm-elf/4.0.2/thumb/interwork/libgcc.a(_muldivdf3.o)
 .debug_abbrev  0x0000000000003e70       0x14 /home/snegovick/dev/arm/usr/bin/../lib/gcc/arm-elf/4.0.2/thumb/interwork/libgcc.a(_cmpdf2.o)
 .debug_abbrev  0x0000000000003e84       0x14 /home/snegovick/dev/arm/usr/bin/../lib/gcc/arm-elf/4.0.2/thumb/interwork/libgcc.a(_fixdfsi.o)

.debug_aranges  0x0000000000000000      0x640
 .debug_aranges
                0x0000000000000000       0x20 /home/snegovick/dev/arm/usr/bin/../lib/gcc/arm-elf/4.0.2/thumb/interwork/libgcc.a(_udivsi3.o)
 .debug_aranges
                0x0000000000000020       0x20 /home/snegovick/dev/arm/usr/bin/../lib/gcc/arm-elf/4.0.2/thumb/interwork/libgcc.a(_dvmd_tls.o)
 .debug_aranges
                0x0000000000000040       0x20 /home/snegovick/dev/arm/usr/bin/../lib/gcc/arm-elf/4.0.2/../../../../arm-elf/lib/thumb/interwork/libc.a(memcpy.o)
 .debug_aranges
                0x0000000000000060       0x20 /home/snegovick/dev/arm/usr/bin/../lib/gcc/arm-elf/4.0.2/../../../../arm-elf/lib/thumb/interwork/libc.a(memset.o)
 .debug_aranges
                0x0000000000000080       0x20 /home/snegovick/dev/arm/usr/bin/../lib/gcc/arm-elf/4.0.2/../../../../arm-elf/lib/thumb/interwork/libc.a(sprintf.o)
 .debug_aranges
                0x00000000000000a0       0x20 /home/snegovick/dev/arm/usr/bin/../lib/gcc/arm-elf/4.0.2/../../../../arm-elf/lib/thumb/interwork/libc.a(strcat.o)
 .debug_aranges
                0x00000000000000c0       0x20 /home/snegovick/dev/arm/usr/bin/../lib/gcc/arm-elf/4.0.2/../../../../arm-elf/lib/thumb/interwork/libc.a(strcpy.o)
 .debug_aranges
                0x00000000000000e0       0x20 /home/snegovick/dev/arm/usr/bin/../lib/gcc/arm-elf/4.0.2/../../../../arm-elf/lib/thumb/interwork/libc.a(strncpy.o)
 .debug_aranges
                0x0000000000000100       0x20 /home/snegovick/dev/arm/usr/bin/../lib/gcc/arm-elf/4.0.2/../../../../arm-elf/lib/thumb/interwork/libc.a(vfprintf.o)
 .debug_aranges
                0x0000000000000120       0x20 /home/snegovick/dev/arm/usr/bin/../lib/gcc/arm-elf/4.0.2/../../../../arm-elf/lib/thumb/interwork/libc.a(wcrtomb.o)
 .debug_aranges
                0x0000000000000140       0x20 /home/snegovick/dev/arm/usr/bin/../lib/gcc/arm-elf/4.0.2/../../../../arm-elf/lib/thumb/interwork/libc.a(wcsrtombs.o)
 .debug_aranges
                0x0000000000000160       0x20 /home/snegovick/dev/arm/usr/bin/../lib/gcc/arm-elf/4.0.2/../../../../arm-elf/lib/thumb/interwork/libc.a(wctomb_r.o)
 .debug_aranges
                0x0000000000000180       0x20 /home/snegovick/dev/arm/usr/bin/../lib/gcc/arm-elf/4.0.2/../../../../arm-elf/lib/thumb/interwork/libc.a(wsetup.o)
 .debug_aranges
                0x00000000000001a0       0x20 /home/snegovick/dev/arm/usr/bin/../lib/gcc/arm-elf/4.0.2/../../../../arm-elf/lib/thumb/interwork/libc.a(dtoa.o)
 .debug_aranges
                0x00000000000001c0       0x20 /home/snegovick/dev/arm/usr/bin/../lib/gcc/arm-elf/4.0.2/../../../../arm-elf/lib/thumb/interwork/libc.a(fflush.o)
 .debug_aranges
                0x00000000000001e0       0x20 /home/snegovick/dev/arm/usr/bin/../lib/gcc/arm-elf/4.0.2/../../../../arm-elf/lib/thumb/interwork/libc.a(findfp.o)
 .debug_aranges
                0x0000000000000200       0x20 /home/snegovick/dev/arm/usr/bin/../lib/gcc/arm-elf/4.0.2/../../../../arm-elf/lib/thumb/interwork/libc.a(freer.o)
 .debug_aranges
                0x0000000000000220       0x20 /home/snegovick/dev/arm/usr/bin/../lib/gcc/arm-elf/4.0.2/../../../../arm-elf/lib/thumb/interwork/libc.a(fvwrite.o)
 .debug_aranges
                0x0000000000000240       0x20 /home/snegovick/dev/arm/usr/bin/../lib/gcc/arm-elf/4.0.2/../../../../arm-elf/lib/thumb/interwork/libc.a(fwalk.o)
 .debug_aranges
                0x0000000000000260       0x20 /home/snegovick/dev/arm/usr/bin/../lib/gcc/arm-elf/4.0.2/../../../../arm-elf/lib/thumb/interwork/libc.a(locale.o)
 .debug_aranges
                0x0000000000000280       0x20 /home/snegovick/dev/arm/usr/bin/../lib/gcc/arm-elf/4.0.2/../../../../arm-elf/lib/thumb/interwork/libc.a(makebuf.o)
 .debug_aranges
                0x00000000000002a0       0x20 /home/snegovick/dev/arm/usr/bin/../lib/gcc/arm-elf/4.0.2/../../../../arm-elf/lib/thumb/interwork/libc.a(mallocr.o)
 .debug_aranges
                0x00000000000002c0       0x20 /home/snegovick/dev/arm/usr/bin/../lib/gcc/arm-elf/4.0.2/../../../../arm-elf/lib/thumb/interwork/libc.a(memchr.o)
 .debug_aranges
                0x00000000000002e0       0x20 /home/snegovick/dev/arm/usr/bin/../lib/gcc/arm-elf/4.0.2/../../../../arm-elf/lib/thumb/interwork/libc.a(memmove.o)
 .debug_aranges
                0x0000000000000300       0x20 /home/snegovick/dev/arm/usr/bin/../lib/gcc/arm-elf/4.0.2/../../../../arm-elf/lib/thumb/interwork/libc.a(mlock.o)
 .debug_aranges
                0x0000000000000320       0x20 /home/snegovick/dev/arm/usr/bin/../lib/gcc/arm-elf/4.0.2/../../../../arm-elf/lib/thumb/interwork/libc.a(mprec.o)
 .debug_aranges
                0x0000000000000340       0x20 /home/snegovick/dev/arm/usr/bin/../lib/gcc/arm-elf/4.0.2/../../../../arm-elf/lib/thumb/interwork/libc.a(reallocr.o)
 .debug_aranges
                0x0000000000000360       0x20 /home/snegovick/dev/arm/usr/bin/../lib/gcc/arm-elf/4.0.2/../../../../arm-elf/lib/thumb/interwork/libc.a(sbrkr.o)
 .debug_aranges
                0x0000000000000380       0x20 /home/snegovick/dev/arm/usr/bin/../lib/gcc/arm-elf/4.0.2/../../../../arm-elf/lib/thumb/interwork/libc.a(s_isinf.o)
 .debug_aranges
                0x00000000000003a0       0x20 /home/snegovick/dev/arm/usr/bin/../lib/gcc/arm-elf/4.0.2/../../../../arm-elf/lib/thumb/interwork/libc.a(s_isnan.o)
 .debug_aranges
                0x00000000000003c0       0x20 /home/snegovick/dev/arm/usr/bin/../lib/gcc/arm-elf/4.0.2/../../../../arm-elf/lib/thumb/interwork/libc.a(stdio.o)
 .debug_aranges
                0x00000000000003e0       0x20 /home/snegovick/dev/arm/usr/bin/../lib/gcc/arm-elf/4.0.2/../../../../arm-elf/lib/thumb/interwork/libc.a(strcmp.o)
 .debug_aranges
                0x0000000000000400       0x20 /home/snegovick/dev/arm/usr/bin/../lib/gcc/arm-elf/4.0.2/../../../../arm-elf/lib/thumb/interwork/libc.a(strlen.o)
 .debug_aranges
                0x0000000000000420       0x20 /home/snegovick/dev/arm/usr/bin/../lib/gcc/arm-elf/4.0.2/../../../../arm-elf/lib/thumb/interwork/libc.a(syscalls.o)
 .debug_aranges
                0x0000000000000440       0x20 /home/snegovick/dev/arm/usr/bin/../lib/gcc/arm-elf/4.0.2/../../../../arm-elf/lib/thumb/interwork/libc.a(writer.o)
 .debug_aranges
                0x0000000000000460       0x20 /home/snegovick/dev/arm/usr/bin/../lib/gcc/arm-elf/4.0.2/../../../../arm-elf/lib/thumb/interwork/libc.a(callocr.o)
 .debug_aranges
                0x0000000000000480       0x20 /home/snegovick/dev/arm/usr/bin/../lib/gcc/arm-elf/4.0.2/../../../../arm-elf/lib/thumb/interwork/libc.a(closer.o)
 .debug_aranges
                0x00000000000004a0       0x20 /home/snegovick/dev/arm/usr/bin/../lib/gcc/arm-elf/4.0.2/../../../../arm-elf/lib/thumb/interwork/libc.a(errno.o)
 .debug_aranges
                0x00000000000004c0       0x20 /home/snegovick/dev/arm/usr/bin/../lib/gcc/arm-elf/4.0.2/../../../../arm-elf/lib/thumb/interwork/libc.a(fclose.o)
 .debug_aranges
                0x00000000000004e0       0x20 /home/snegovick/dev/arm/usr/bin/../lib/gcc/arm-elf/4.0.2/../../../../arm-elf/lib/thumb/interwork/libc.a(fstatr.o)
 .debug_aranges
                0x0000000000000500       0x20 /home/snegovick/dev/arm/usr/bin/../lib/gcc/arm-elf/4.0.2/../../../../arm-elf/lib/thumb/interwork/libc.a(lseekr.o)
 .debug_aranges
                0x0000000000000520       0x20 /home/snegovick/dev/arm/usr/bin/../lib/gcc/arm-elf/4.0.2/../../../../arm-elf/lib/thumb/interwork/libc.a(readr.o)
 .debug_aranges
                0x0000000000000540       0x20 /home/snegovick/dev/arm/usr/bin/../lib/gcc/arm-elf/4.0.2/../../../../arm-elf/lib/thumb/interwork/libc.a(reent.o)
 .debug_aranges
                0x0000000000000560       0x20 /home/snegovick/dev/arm/usr/bin/../lib/gcc/arm-elf/4.0.2/thumb/interwork/libgcc.a(_divsi3.o)
 .debug_aranges
                0x0000000000000580       0x20 /home/snegovick/dev/arm/usr/bin/../lib/gcc/arm-elf/4.0.2/thumb/interwork/libgcc.a(_umodsi3.o)
 .debug_aranges
                0x00000000000005a0       0x20 /home/snegovick/dev/arm/usr/bin/../lib/gcc/arm-elf/4.0.2/thumb/interwork/libgcc.a(_modsi3.o)
 .debug_aranges
                0x00000000000005c0       0x20 /home/snegovick/dev/arm/usr/bin/../lib/gcc/arm-elf/4.0.2/thumb/interwork/libgcc.a(_addsubdf3.o)
 .debug_aranges
                0x00000000000005e0       0x20 /home/snegovick/dev/arm/usr/bin/../lib/gcc/arm-elf/4.0.2/thumb/interwork/libgcc.a(_muldivdf3.o)
 .debug_aranges
                0x0000000000000600       0x20 /home/snegovick/dev/arm/usr/bin/../lib/gcc/arm-elf/4.0.2/thumb/interwork/libgcc.a(_cmpdf2.o)
 .debug_aranges
                0x0000000000000620       0x20 /home/snegovick/dev/arm/usr/bin/../lib/gcc/arm-elf/4.0.2/thumb/interwork/libgcc.a(_fixdfsi.o)

.debug_frame    0x0000000000000000      0xf4c
 .debug_frame   0x0000000000000000       0x2c /home/snegovick/dev/arm/usr/bin/../lib/gcc/arm-elf/4.0.2/../../../../arm-elf/lib/thumb/interwork/libc.a(memcpy.o)
 .debug_frame   0x000000000000002c       0x2c /home/snegovick/dev/arm/usr/bin/../lib/gcc/arm-elf/4.0.2/../../../../arm-elf/lib/thumb/interwork/libc.a(memset.o)
 .debug_frame   0x0000000000000058       0x50 /home/snegovick/dev/arm/usr/bin/../lib/gcc/arm-elf/4.0.2/../../../../arm-elf/lib/thumb/interwork/libc.a(sprintf.o)
 .debug_frame   0x00000000000000a8       0x2c /home/snegovick/dev/arm/usr/bin/../lib/gcc/arm-elf/4.0.2/../../../../arm-elf/lib/thumb/interwork/libc.a(strcat.o)
 .debug_frame   0x00000000000000d4       0x2c /home/snegovick/dev/arm/usr/bin/../lib/gcc/arm-elf/4.0.2/../../../../arm-elf/lib/thumb/interwork/libc.a(strcpy.o)
 .debug_frame   0x0000000000000100       0x30 /home/snegovick/dev/arm/usr/bin/../lib/gcc/arm-elf/4.0.2/../../../../arm-elf/lib/thumb/interwork/libc.a(strncpy.o)
 .debug_frame   0x0000000000000130       0x70 /home/snegovick/dev/arm/usr/bin/../lib/gcc/arm-elf/4.0.2/../../../../arm-elf/lib/thumb/interwork/libc.a(vfprintf.o)
 .debug_frame   0x00000000000001a0       0x48 /home/snegovick/dev/arm/usr/bin/../lib/gcc/arm-elf/4.0.2/../../../../arm-elf/lib/thumb/interwork/libc.a(wcrtomb.o)
 .debug_frame   0x00000000000001e8       0x5c /home/snegovick/dev/arm/usr/bin/../lib/gcc/arm-elf/4.0.2/../../../../arm-elf/lib/thumb/interwork/libc.a(wcsrtombs.o)
 .debug_frame   0x0000000000000244       0x30 /home/snegovick/dev/arm/usr/bin/../lib/gcc/arm-elf/4.0.2/../../../../arm-elf/lib/thumb/interwork/libc.a(wctomb_r.o)
 .debug_frame   0x0000000000000274       0x2c /home/snegovick/dev/arm/usr/bin/../lib/gcc/arm-elf/4.0.2/../../../../arm-elf/lib/thumb/interwork/libc.a(wsetup.o)
 .debug_frame   0x00000000000002a0       0x68 /home/snegovick/dev/arm/usr/bin/../lib/gcc/arm-elf/4.0.2/../../../../arm-elf/lib/thumb/interwork/libc.a(dtoa.o)
 .debug_frame   0x0000000000000308       0x2c /home/snegovick/dev/arm/usr/bin/../lib/gcc/arm-elf/4.0.2/../../../../arm-elf/lib/thumb/interwork/libc.a(fflush.o)
 .debug_frame   0x0000000000000334      0x134 /home/snegovick/dev/arm/usr/bin/../lib/gcc/arm-elf/4.0.2/../../../../arm-elf/lib/thumb/interwork/libc.a(findfp.o)
 .debug_frame   0x0000000000000468       0x54 /home/snegovick/dev/arm/usr/bin/../lib/gcc/arm-elf/4.0.2/../../../../arm-elf/lib/thumb/interwork/libc.a(freer.o)
 .debug_frame   0x00000000000004bc       0x3c /home/snegovick/dev/arm/usr/bin/../lib/gcc/arm-elf/4.0.2/../../../../arm-elf/lib/thumb/interwork/libc.a(fvwrite.o)
 .debug_frame   0x00000000000004f8       0x5c /home/snegovick/dev/arm/usr/bin/../lib/gcc/arm-elf/4.0.2/../../../../arm-elf/lib/thumb/interwork/libc.a(fwalk.o)
 .debug_frame   0x0000000000000554       0x7c /home/snegovick/dev/arm/usr/bin/../lib/gcc/arm-elf/4.0.2/../../../../arm-elf/lib/thumb/interwork/libc.a(locale.o)
 .debug_frame   0x00000000000005d0       0x30 /home/snegovick/dev/arm/usr/bin/../lib/gcc/arm-elf/4.0.2/../../../../arm-elf/lib/thumb/interwork/libc.a(makebuf.o)
 .debug_frame   0x0000000000000600       0x3c /home/snegovick/dev/arm/usr/bin/../lib/gcc/arm-elf/4.0.2/../../../../arm-elf/lib/thumb/interwork/libc.a(mallocr.o)
 .debug_frame   0x000000000000063c       0x30 /home/snegovick/dev/arm/usr/bin/../lib/gcc/arm-elf/4.0.2/../../../../arm-elf/lib/thumb/interwork/libc.a(memchr.o)
 .debug_frame   0x000000000000066c       0x30 /home/snegovick/dev/arm/usr/bin/../lib/gcc/arm-elf/4.0.2/../../../../arm-elf/lib/thumb/interwork/libc.a(memmove.o)
 .debug_frame   0x000000000000069c       0x30 /home/snegovick/dev/arm/usr/bin/../lib/gcc/arm-elf/4.0.2/../../../../arm-elf/lib/thumb/interwork/libc.a(mlock.o)
 .debug_frame   0x00000000000006cc      0x224 /home/snegovick/dev/arm/usr/bin/../lib/gcc/arm-elf/4.0.2/../../../../arm-elf/lib/thumb/interwork/libc.a(mprec.o)
 .debug_frame   0x00000000000008f0       0x3c /home/snegovick/dev/arm/usr/bin/../lib/gcc/arm-elf/4.0.2/../../../../arm-elf/lib/thumb/interwork/libc.a(reallocr.o)
 .debug_frame   0x000000000000092c       0x2c /home/snegovick/dev/arm/usr/bin/../lib/gcc/arm-elf/4.0.2/../../../../arm-elf/lib/thumb/interwork/libc.a(sbrkr.o)
 .debug_frame   0x0000000000000958       0x20 /home/snegovick/dev/arm/usr/bin/../lib/gcc/arm-elf/4.0.2/../../../../arm-elf/lib/thumb/interwork/libc.a(s_isinf.o)
 .debug_frame   0x0000000000000978       0x20 /home/snegovick/dev/arm/usr/bin/../lib/gcc/arm-elf/4.0.2/../../../../arm-elf/lib/thumb/interwork/libc.a(s_isnan.o)
 .debug_frame   0x0000000000000998       0x7c /home/snegovick/dev/arm/usr/bin/../lib/gcc/arm-elf/4.0.2/../../../../arm-elf/lib/thumb/interwork/libc.a(stdio.o)
 .debug_frame   0x0000000000000a14       0x2c /home/snegovick/dev/arm/usr/bin/../lib/gcc/arm-elf/4.0.2/../../../../arm-elf/lib/thumb/interwork/libc.a(strcmp.o)
 .debug_frame   0x0000000000000a40       0x2c /home/snegovick/dev/arm/usr/bin/../lib/gcc/arm-elf/4.0.2/../../../../arm-elf/lib/thumb/interwork/libc.a(strlen.o)
 .debug_frame   0x0000000000000a6c      0x30c /home/snegovick/dev/arm/usr/bin/../lib/gcc/arm-elf/4.0.2/../../../../arm-elf/lib/thumb/interwork/libc.a(syscalls.o)
 .debug_frame   0x0000000000000d78       0x2c /home/snegovick/dev/arm/usr/bin/../lib/gcc/arm-elf/4.0.2/../../../../arm-elf/lib/thumb/interwork/libc.a(writer.o)
 .debug_frame   0x0000000000000da4       0x28 /home/snegovick/dev/arm/usr/bin/../lib/gcc/arm-elf/4.0.2/../../../../arm-elf/lib/thumb/interwork/libc.a(callocr.o)
 .debug_frame   0x0000000000000dcc       0x2c /home/snegovick/dev/arm/usr/bin/../lib/gcc/arm-elf/4.0.2/../../../../arm-elf/lib/thumb/interwork/libc.a(closer.o)
 .debug_frame   0x0000000000000df8       0x20 /home/snegovick/dev/arm/usr/bin/../lib/gcc/arm-elf/4.0.2/../../../../arm-elf/lib/thumb/interwork/libc.a(errno.o)
 .debug_frame   0x0000000000000e18       0x44 /home/snegovick/dev/arm/usr/bin/../lib/gcc/arm-elf/4.0.2/../../../../arm-elf/lib/thumb/interwork/libc.a(fclose.o)
 .debug_frame   0x0000000000000e5c       0x2c /home/snegovick/dev/arm/usr/bin/../lib/gcc/arm-elf/4.0.2/../../../../arm-elf/lib/thumb/interwork/libc.a(fstatr.o)
 .debug_frame   0x0000000000000e88       0x2c /home/snegovick/dev/arm/usr/bin/../lib/gcc/arm-elf/4.0.2/../../../../arm-elf/lib/thumb/interwork/libc.a(lseekr.o)
 .debug_frame   0x0000000000000eb4       0x2c /home/snegovick/dev/arm/usr/bin/../lib/gcc/arm-elf/4.0.2/../../../../arm-elf/lib/thumb/interwork/libc.a(readr.o)
 .debug_frame   0x0000000000000ee0       0x6c /home/snegovick/dev/arm/usr/bin/../lib/gcc/arm-elf/4.0.2/../../../../arm-elf/lib/thumb/interwork/libc.a(reent.o)

.debug_loc      0x0000000000000000     0x9254
 .debug_loc     0x0000000000000000      0x127 /home/snegovick/dev/arm/usr/bin/../lib/gcc/arm-elf/4.0.2/../../../../arm-elf/lib/thumb/interwork/libc.a(memcpy.o)
 .debug_loc     0x0000000000000127      0x12a /home/snegovick/dev/arm/usr/bin/../lib/gcc/arm-elf/4.0.2/../../../../arm-elf/lib/thumb/interwork/libc.a(memset.o)
 .debug_loc     0x0000000000000251       0x95 /home/snegovick/dev/arm/usr/bin/../lib/gcc/arm-elf/4.0.2/../../../../arm-elf/lib/thumb/interwork/libc.a(sprintf.o)
 .debug_loc     0x00000000000002e6       0x65 /home/snegovick/dev/arm/usr/bin/../lib/gcc/arm-elf/4.0.2/../../../../arm-elf/lib/thumb/interwork/libc.a(strcat.o)
 .debug_loc     0x000000000000034b       0xb4 /home/snegovick/dev/arm/usr/bin/../lib/gcc/arm-elf/4.0.2/../../../../arm-elf/lib/thumb/interwork/libc.a(strcpy.o)
 .debug_loc     0x00000000000003ff      0x14b /home/snegovick/dev/arm/usr/bin/../lib/gcc/arm-elf/4.0.2/../../../../arm-elf/lib/thumb/interwork/libc.a(strncpy.o)
 .debug_loc     0x000000000000054a     0x20b6 /home/snegovick/dev/arm/usr/bin/../lib/gcc/arm-elf/4.0.2/../../../../arm-elf/lib/thumb/interwork/libc.a(vfprintf.o)
 .debug_loc     0x0000000000002600      0x149 /home/snegovick/dev/arm/usr/bin/../lib/gcc/arm-elf/4.0.2/../../../../arm-elf/lib/thumb/interwork/libc.a(wcrtomb.o)
 .debug_loc     0x0000000000002749      0x2db /home/snegovick/dev/arm/usr/bin/../lib/gcc/arm-elf/4.0.2/../../../../arm-elf/lib/thumb/interwork/libc.a(wcsrtombs.o)
 .debug_loc     0x0000000000002a24      0x208 /home/snegovick/dev/arm/usr/bin/../lib/gcc/arm-elf/4.0.2/../../../../arm-elf/lib/thumb/interwork/libc.a(wctomb_r.o)
 .debug_loc     0x0000000000002c2c       0x29 /home/snegovick/dev/arm/usr/bin/../lib/gcc/arm-elf/4.0.2/../../../../arm-elf/lib/thumb/interwork/libc.a(wsetup.o)
 .debug_loc     0x0000000000002c55     0x1cd7 /home/snegovick/dev/arm/usr/bin/../lib/gcc/arm-elf/4.0.2/../../../../arm-elf/lib/thumb/interwork/libc.a(dtoa.o)
 .debug_loc     0x000000000000492c       0xd0 /home/snegovick/dev/arm/usr/bin/../lib/gcc/arm-elf/4.0.2/../../../../arm-elf/lib/thumb/interwork/libc.a(fflush.o)
 .debug_loc     0x00000000000049fc      0x1a7 /home/snegovick/dev/arm/usr/bin/../lib/gcc/arm-elf/4.0.2/../../../../arm-elf/lib/thumb/interwork/libc.a(findfp.o)
 .debug_loc     0x0000000000004ba3      0x3cf /home/snegovick/dev/arm/usr/bin/../lib/gcc/arm-elf/4.0.2/../../../../arm-elf/lib/thumb/interwork/libc.a(freer.o)
 .debug_loc     0x0000000000004f72      0x305 /home/snegovick/dev/arm/usr/bin/../lib/gcc/arm-elf/4.0.2/../../../../arm-elf/lib/thumb/interwork/libc.a(fvwrite.o)
 .debug_loc     0x0000000000005277      0x173 /home/snegovick/dev/arm/usr/bin/../lib/gcc/arm-elf/4.0.2/../../../../arm-elf/lib/thumb/interwork/libc.a(fwalk.o)
 .debug_loc     0x00000000000053ea       0xe0 /home/snegovick/dev/arm/usr/bin/../lib/gcc/arm-elf/4.0.2/../../../../arm-elf/lib/thumb/interwork/libc.a(locale.o)
 .debug_loc     0x00000000000054ca       0xbe /home/snegovick/dev/arm/usr/bin/../lib/gcc/arm-elf/4.0.2/../../../../arm-elf/lib/thumb/interwork/libc.a(makebuf.o)
 .debug_loc     0x0000000000005588      0xaf9 /home/snegovick/dev/arm/usr/bin/../lib/gcc/arm-elf/4.0.2/../../../../arm-elf/lib/thumb/interwork/libc.a(mallocr.o)
 .debug_loc     0x0000000000006081      0x192 /home/snegovick/dev/arm/usr/bin/../lib/gcc/arm-elf/4.0.2/../../../../arm-elf/lib/thumb/interwork/libc.a(memchr.o)
 .debug_loc     0x0000000000006213      0x1cc /home/snegovick/dev/arm/usr/bin/../lib/gcc/arm-elf/4.0.2/../../../../arm-elf/lib/thumb/interwork/libc.a(memmove.o)
 .debug_loc     0x00000000000063df     0x13a9 /home/snegovick/dev/arm/usr/bin/../lib/gcc/arm-elf/4.0.2/../../../../arm-elf/lib/thumb/interwork/libc.a(mprec.o)
 .debug_loc     0x0000000000007788      0x911 /home/snegovick/dev/arm/usr/bin/../lib/gcc/arm-elf/4.0.2/../../../../arm-elf/lib/thumb/interwork/libc.a(reallocr.o)
 .debug_loc     0x0000000000008099       0x5a /home/snegovick/dev/arm/usr/bin/../lib/gcc/arm-elf/4.0.2/../../../../arm-elf/lib/thumb/interwork/libc.a(sbrkr.o)
 .debug_loc     0x00000000000080f3       0x36 /home/snegovick/dev/arm/usr/bin/../lib/gcc/arm-elf/4.0.2/../../../../arm-elf/lib/thumb/interwork/libc.a(s_isinf.o)
 .debug_loc     0x0000000000008129       0x18 /home/snegovick/dev/arm/usr/bin/../lib/gcc/arm-elf/4.0.2/../../../../arm-elf/lib/thumb/interwork/libc.a(s_isnan.o)
 .debug_loc     0x0000000000008141      0x189 /home/snegovick/dev/arm/usr/bin/../lib/gcc/arm-elf/4.0.2/../../../../arm-elf/lib/thumb/interwork/libc.a(stdio.o)
 .debug_loc     0x00000000000082ca       0x8e /home/snegovick/dev/arm/usr/bin/../lib/gcc/arm-elf/4.0.2/../../../../arm-elf/lib/thumb/interwork/libc.a(strcmp.o)
 .debug_loc     0x0000000000008358       0x3c /home/snegovick/dev/arm/usr/bin/../lib/gcc/arm-elf/4.0.2/../../../../arm-elf/lib/thumb/interwork/libc.a(strlen.o)
 .debug_loc     0x0000000000008394      0x931 /home/snegovick/dev/arm/usr/bin/../lib/gcc/arm-elf/4.0.2/../../../../arm-elf/lib/thumb/interwork/libc.a(syscalls.o)
 .debug_loc     0x0000000000008cc5       0x96 /home/snegovick/dev/arm/usr/bin/../lib/gcc/arm-elf/4.0.2/../../../../arm-elf/lib/thumb/interwork/libc.a(writer.o)
 .debug_loc     0x0000000000008d5b       0xf6 /home/snegovick/dev/arm/usr/bin/../lib/gcc/arm-elf/4.0.2/../../../../arm-elf/lib/thumb/interwork/libc.a(callocr.o)
 .debug_loc     0x0000000000008e51       0x5a /home/snegovick/dev/arm/usr/bin/../lib/gcc/arm-elf/4.0.2/../../../../arm-elf/lib/thumb/interwork/libc.a(closer.o)
 .debug_loc     0x0000000000008eab       0xa4 /home/snegovick/dev/arm/usr/bin/../lib/gcc/arm-elf/4.0.2/../../../../arm-elf/lib/thumb/interwork/libc.a(fclose.o)
 .debug_loc     0x0000000000008f4f       0x78 /home/snegovick/dev/arm/usr/bin/../lib/gcc/arm-elf/4.0.2/../../../../arm-elf/lib/thumb/interwork/libc.a(fstatr.o)
 .debug_loc     0x0000000000008fc7       0x78 /home/snegovick/dev/arm/usr/bin/../lib/gcc/arm-elf/4.0.2/../../../../arm-elf/lib/thumb/interwork/libc.a(lseekr.o)
 .debug_loc     0x000000000000903f       0x96 /home/snegovick/dev/arm/usr/bin/../lib/gcc/arm-elf/4.0.2/../../../../arm-elf/lib/thumb/interwork/libc.a(readr.o)
 .debug_loc     0x00000000000090d5      0x17f /home/snegovick/dev/arm/usr/bin/../lib/gcc/arm-elf/4.0.2/../../../../arm-elf/lib/thumb/interwork/libc.a(reent.o)

.debug_pubnames
                0x0000000000000000      0xa26
 .debug_pubnames
                0x0000000000000000       0x1d /home/snegovick/dev/arm/usr/bin/../lib/gcc/arm-elf/4.0.2/../../../../arm-elf/lib/thumb/interwork/libc.a(memcpy.o)
 .debug_pubnames
                0x000000000000001d       0x1d /home/snegovick/dev/arm/usr/bin/../lib/gcc/arm-elf/4.0.2/../../../../arm-elf/lib/thumb/interwork/libc.a(memset.o)
 .debug_pubnames
                0x000000000000003a       0x2d /home/snegovick/dev/arm/usr/bin/../lib/gcc/arm-elf/4.0.2/../../../../arm-elf/lib/thumb/interwork/libc.a(sprintf.o)
 .debug_pubnames
                0x0000000000000067       0x1d /home/snegovick/dev/arm/usr/bin/../lib/gcc/arm-elf/4.0.2/../../../../arm-elf/lib/thumb/interwork/libc.a(strcat.o)
 .debug_pubnames
                0x0000000000000084       0x1d /home/snegovick/dev/arm/usr/bin/../lib/gcc/arm-elf/4.0.2/../../../../arm-elf/lib/thumb/interwork/libc.a(strcpy.o)
 .debug_pubnames
                0x00000000000000a1       0x1e /home/snegovick/dev/arm/usr/bin/../lib/gcc/arm-elf/4.0.2/../../../../arm-elf/lib/thumb/interwork/libc.a(strncpy.o)
 .debug_pubnames
                0x00000000000000bf       0x2f /home/snegovick/dev/arm/usr/bin/../lib/gcc/arm-elf/4.0.2/../../../../arm-elf/lib/thumb/interwork/libc.a(vfprintf.o)
 .debug_pubnames
                0x00000000000000ee       0x2d /home/snegovick/dev/arm/usr/bin/../lib/gcc/arm-elf/4.0.2/../../../../arm-elf/lib/thumb/interwork/libc.a(wcrtomb.o)
 .debug_pubnames
                0x000000000000011b       0x31 /home/snegovick/dev/arm/usr/bin/../lib/gcc/arm-elf/4.0.2/../../../../arm-elf/lib/thumb/interwork/libc.a(wcsrtombs.o)
 .debug_pubnames
                0x000000000000014c       0x20 /home/snegovick/dev/arm/usr/bin/../lib/gcc/arm-elf/4.0.2/../../../../arm-elf/lib/thumb/interwork/libc.a(wctomb_r.o)
 .debug_pubnames
                0x000000000000016c       0x20 /home/snegovick/dev/arm/usr/bin/../lib/gcc/arm-elf/4.0.2/../../../../arm-elf/lib/thumb/interwork/libc.a(wsetup.o)
 .debug_pubnames
                0x000000000000018c       0x1e /home/snegovick/dev/arm/usr/bin/../lib/gcc/arm-elf/4.0.2/../../../../arm-elf/lib/thumb/interwork/libc.a(dtoa.o)
 .debug_pubnames
                0x00000000000001aa       0x1d /home/snegovick/dev/arm/usr/bin/../lib/gcc/arm-elf/4.0.2/../../../../arm-elf/lib/thumb/interwork/libc.a(fflush.o)
 .debug_pubnames
                0x00000000000001c7       0xdb /home/snegovick/dev/arm/usr/bin/../lib/gcc/arm-elf/4.0.2/../../../../arm-elf/lib/thumb/interwork/libc.a(findfp.o)
 .debug_pubnames
                0x00000000000002a2       0x31 /home/snegovick/dev/arm/usr/bin/../lib/gcc/arm-elf/4.0.2/../../../../arm-elf/lib/thumb/interwork/libc.a(freer.o)
 .debug_pubnames
                0x00000000000002d3       0x21 /home/snegovick/dev/arm/usr/bin/../lib/gcc/arm-elf/4.0.2/../../../../arm-elf/lib/thumb/interwork/libc.a(fvwrite.o)
 .debug_pubnames
                0x00000000000002f4       0x2e /home/snegovick/dev/arm/usr/bin/../lib/gcc/arm-elf/4.0.2/../../../../arm-elf/lib/thumb/interwork/libc.a(fwalk.o)
 .debug_pubnames
                0x0000000000000322       0x39 /home/snegovick/dev/arm/usr/bin/../lib/gcc/arm-elf/4.0.2/../../../../arm-elf/lib/thumb/interwork/libc.a(impure.o)
 .debug_pubnames
                0x000000000000035b       0xc3 /home/snegovick/dev/arm/usr/bin/../lib/gcc/arm-elf/4.0.2/../../../../arm-elf/lib/thumb/interwork/libc.a(locale.o)
 .debug_pubnames
                0x000000000000041e       0x21 /home/snegovick/dev/arm/usr/bin/../lib/gcc/arm-elf/4.0.2/../../../../arm-elf/lib/thumb/interwork/libc.a(makebuf.o)
 .debug_pubnames
                0x000000000000043f       0xce /home/snegovick/dev/arm/usr/bin/../lib/gcc/arm-elf/4.0.2/../../../../arm-elf/lib/thumb/interwork/libc.a(mallocr.o)
 .debug_pubnames
                0x000000000000050d       0x1d /home/snegovick/dev/arm/usr/bin/../lib/gcc/arm-elf/4.0.2/../../../../arm-elf/lib/thumb/interwork/libc.a(memchr.o)
 .debug_pubnames
                0x000000000000052a       0x1e /home/snegovick/dev/arm/usr/bin/../lib/gcc/arm-elf/4.0.2/../../../../arm-elf/lib/thumb/interwork/libc.a(memmove.o)
 .debug_pubnames
                0x0000000000000548       0x38 /home/snegovick/dev/arm/usr/bin/../lib/gcc/arm-elf/4.0.2/../../../../arm-elf/lib/thumb/interwork/libc.a(mlock.o)
 .debug_pubnames
                0x0000000000000580      0x112 /home/snegovick/dev/arm/usr/bin/../lib/gcc/arm-elf/4.0.2/../../../../arm-elf/lib/thumb/interwork/libc.a(mprec.o)
 .debug_pubnames
                0x0000000000000692       0x21 /home/snegovick/dev/arm/usr/bin/../lib/gcc/arm-elf/4.0.2/../../../../arm-elf/lib/thumb/interwork/libc.a(reallocr.o)
 .debug_pubnames
                0x00000000000006b3       0x1e /home/snegovick/dev/arm/usr/bin/../lib/gcc/arm-elf/4.0.2/../../../../arm-elf/lib/thumb/interwork/libc.a(sbrkr.o)
 .debug_pubnames
                0x00000000000006d1       0x1c /home/snegovick/dev/arm/usr/bin/../lib/gcc/arm-elf/4.0.2/../../../../arm-elf/lib/thumb/interwork/libc.a(s_isinf.o)
 .debug_pubnames
                0x00000000000006ed       0x1c /home/snegovick/dev/arm/usr/bin/../lib/gcc/arm-elf/4.0.2/../../../../arm-elf/lib/thumb/interwork/libc.a(s_isnan.o)
 .debug_pubnames
                0x0000000000000709       0x44 /home/snegovick/dev/arm/usr/bin/../lib/gcc/arm-elf/4.0.2/../../../../arm-elf/lib/thumb/interwork/libc.a(stdio.o)
 .debug_pubnames