Archive member included because of file (symbol)

/home/snegovick/dev/arm/usr/bin/../lib/gcc/arm-elf/4.0.2/thumb/interwork/libgcc.a(_udivsi3.o)
                              adc/adc.o (__udivsi3)
/home/snegovick/dev/arm/usr/bin/../lib/gcc/arm-elf/4.0.2/thumb/interwork/libgcc.a(_dvmd_tls.o)
                              /home/snegovick/dev/arm/usr/bin/../lib/gcc/arm-elf/4.0.2/thumb/interwork/libgcc.a(_udivsi3.o) (__div0)
/home/snegovick/dev/arm/usr/bin/../lib/gcc/arm-elf/4.0.2/../../../../arm-elf/lib/thumb/interwork/libc.a(memcpy.o)
                              ../../low_rtos/FreeRTOS/Source/queue.o (memcpy)
/home/snegovick/dev/arm/usr/bin/../lib/gcc/arm-elf/4.0.2/../../../../arm-elf/lib/thumb/interwork/libc.a(memset.o)
                              main.o (memset)
/home/snegovick/dev/arm/usr/bin/../lib/gcc/arm-elf/4.0.2/../../../../arm-elf/lib/thumb/interwork/libc.a(sprintf.o)
                              ../../low_rtos/FreeRTOS/Source/tasks.o (sprintf)
/home/snegovick/dev/arm/usr/bin/../lib/gcc/arm-elf/4.0.2/../../../../arm-elf/lib/thumb/interwork/libc.a(strcat.o)
                              ../../low_rtos/FreeRTOS/Source/tasks.o (strcat)
/home/snegovick/dev/arm/usr/bin/../lib/gcc/arm-elf/4.0.2/../../../../arm-elf/lib/thumb/interwork/libc.a(strcpy.o)
                              /home/snegovick/dev/arm/usr/bin/../lib/gcc/arm-elf/4.0.2/../../../../arm-elf/lib/thumb/interwork/libc.a(strcat.o) (strcpy)
/home/snegovick/dev/arm/usr/bin/../lib/gcc/arm-elf/4.0.2/../../../../arm-elf/lib/thumb/interwork/libc.a(strncpy.o)
                              ../../low_rtos/FreeRTOS/Source/tasks.o (strncpy)
/home/snegovick/dev/arm/usr/bin/../lib/gcc/arm-elf/4.0.2/../../../../arm-elf/lib/thumb/interwork/libc.a(vfprintf.o)
                              /home/snegovick/dev/arm/usr/bin/../lib/gcc/arm-elf/4.0.2/../../../../arm-elf/lib/thumb/interwork/libc.a(sprintf.o) (_vfprintf_r)
/home/snegovick/dev/arm/usr/bin/../lib/gcc/arm-elf/4.0.2/../../../../arm-elf/lib/thumb/interwork/libc.a(wcrtomb.o)
                              /home/snegovick/dev/arm/usr/bin/../lib/gcc/arm-elf/4.0.2/../../../../arm-elf/lib/thumb/interwork/libc.a(vfprintf.o) (_wcrtomb_r)
/home/snegovick/dev/arm/usr/bin/../lib/gcc/arm-elf/4.0.2/../../../../arm-elf/lib/thumb/interwork/libc.a(wcsrtombs.o)
                              /home/snegovick/dev/arm/usr/bin/../lib/gcc/arm-elf/4.0.2/../../../../arm-elf/lib/thumb/interwork/libc.a(vfprintf.o) (_wcsrtombs_r)
/home/snegovick/dev/arm/usr/bin/../lib/gcc/arm-elf/4.0.2/../../../../arm-elf/lib/thumb/interwork/libc.a(wctomb_r.o)
                              /home/snegovick/dev/arm/usr/bin/../lib/gcc/arm-elf/4.0.2/../../../../arm-elf/lib/thumb/interwork/libc.a(wcrtomb.o) (_wctomb_r)
/home/snegovick/dev/arm/usr/bin/../lib/gcc/arm-elf/4.0.2/../../../../arm-elf/lib/thumb/interwork/libc.a(wsetup.o)
                              /home/snegovick/dev/arm/usr/bin/../lib/gcc/arm-elf/4.0.2/../../../../arm-elf/lib/thumb/interwork/libc.a(vfprintf.o) (__swsetup)
/home/snegovick/dev/arm/usr/bin/../lib/gcc/arm-elf/4.0.2/../../../../arm-elf/lib/thumb/interwork/libc.a(dtoa.o)
                              /home/snegovick/dev/arm/usr/bin/../lib/gcc/arm-elf/4.0.2/../../../../arm-elf/lib/thumb/interwork/libc.a(vfprintf.o) (_dtoa_r)
/home/snegovick/dev/arm/usr/bin/../lib/gcc/arm-elf/4.0.2/../../../../arm-elf/lib/thumb/interwork/libc.a(fflush.o)
                              /home/snegovick/dev/arm/usr/bin/../lib/gcc/arm-elf/4.0.2/../../../../arm-elf/lib/thumb/interwork/libc.a(vfprintf.o) (fflush)
/home/snegovick/dev/arm/usr/bin/../lib/gcc/arm-elf/4.0.2/../../../../arm-elf/lib/thumb/interwork/libc.a(findfp.o)
                              /home/snegovick/dev/arm/usr/bin/../lib/gcc/arm-elf/4.0.2/../../../../arm-elf/lib/thumb/interwork/libc.a(vfprintf.o) (__sinit)
/home/snegovick/dev/arm/usr/bin/../lib/gcc/arm-elf/4.0.2/../../../../arm-elf/lib/thumb/interwork/libc.a(freer.o)
                              /home/snegovick/dev/arm/usr/bin/../lib/gcc/arm-elf/4.0.2/../../../../arm-elf/lib/thumb/interwork/libc.a(vfprintf.o) (_free_r)
/home/snegovick/dev/arm/usr/bin/../lib/gcc/arm-elf/4.0.2/../../../../arm-elf/lib/thumb/interwork/libc.a(fvwrite.o)
                              /home/snegovick/dev/arm/usr/bin/../lib/gcc/arm-elf/4.0.2/../../../../arm-elf/lib/thumb/interwork/libc.a(vfprintf.o) (__sfvwrite)
/home/snegovick/dev/arm/usr/bin/../lib/gcc/arm-elf/4.0.2/../../../../arm-elf/lib/thumb/interwork/libc.a(fwalk.o)
                              /home/snegovick/dev/arm/usr/bin/../lib/gcc/arm-elf/4.0.2/../../../../arm-elf/lib/thumb/interwork/libc.a(fflush.o) (_fwalk)
/home/snegovick/dev/arm/usr/bin/../lib/gcc/arm-elf/4.0.2/../../../../arm-elf/lib/thumb/interwork/libc.a(impure.o)
                              /home/snegovick/dev/arm/usr/bin/../lib/gcc/arm-elf/4.0.2/../../../../arm-elf/lib/thumb/interwork/libc.a(fflush.o) (_global_impure_ptr)
[...]
Memory Configuration

Name             Origin             Length             Attributes
flash            0x0000000000100000 0x0000000000040000
ram              0x0000000000200000 0x0000000000010000
*default*        0x0000000000000000 0xffffffffffffffff

Linker script and memory map

LOAD ../../low_rtos/FreeRTOS/Source/portable/GCC/ARM7_AT91SAM7S/portISR.o
LOAD ./SrcAtmel/Cstartup_SAM7.o
LOAD USB/USBIsr.o
LOAD locator/locator_isr.o
LOAD main.o
LOAD ../../low_rtos/FreeRTOS/Source/list.o
LOAD ../../low_rtos/FreeRTOS/Source/queue.o
LOAD ../../low_rtos/FreeRTOS/Source/tasks.o
LOAD ../../low_rtos/FreeRTOS/Source/portable/GCC/ARM7_AT91SAM7S/port.o
LOAD ../../low_rtos/FreeRTOS/Source/portable/MemMang/heap_2.o
LOAD aic/aic.o
LOAD pio/pio.o
LOAD USB/USB-CDC.o
LOAD locator/locator_task.o
LOAD fft/fix_fft.o
LOAD adc/adc.o
LOAD tc/tc.o
LOAD locator/locator.o
LOAD /tmp/ccNeQYLp.o
LOAD /home/snegovick/dev/arm/usr/bin/../lib/gcc/arm-elf/4.0.2/thumb/interwork/libgcc.a
LOAD /home/snegovick/dev/arm/usr/bin/../lib/gcc/arm-elf/4.0.2/../../../../arm-elf/lib/thumb/interwork/libc.a
LOAD /home/snegovick/dev/arm/usr/bin/../lib/gcc/arm-elf/4.0.2/thumb/interwork/libgcc.a
                0x000000000020fffc                __stack_end__ = 0x20fffc
                0x0000000000000000                . = 0x0

startup         0x0000000000100000       0x44
 *(.startup)
 .startup       0x0000000000100000       0x44 /tmp/ccNeQYLp.o

prog            0x0000000000100044     0x9ecc
 *(.text)
 .text          0x0000000000100044      0x254 ../../low_rtos/FreeRTOS/Source/portable/GCC/ARM7_AT91SAM7S/portISR.o
                0x0000000000100134                vPreemptiveTick
                0x000000000010024c                vPortExitCritical
                0x0000000000100090                vPortYieldProcessor
                0x00000000001001f0                vPortDisableInterruptsFromThumb
                0x0000000000100044                vPortISRStartFirstTask
                0x0000000000100208                vPortEnableInterruptsFromThumb
                0x0000000000100220                vPortEnterCritical
 .text          0x0000000000100298       0xac ./SrcAtmel/Cstartup_SAM7.o
                0x0000000000100298                AT91F_LowLevelInit
 .text          0x0000000000100344      0x268 USB/USBIsr.o
                0x0000000000100344                vUSB_ISR_Handler
                0x0000000000100504                vUSB_ISR_Wrapper
 .text          0x00000000001005ac      0x3c0 locator/locator_isr.o
                0x00000000001006dc                ISR_Tc0
                0x00000000001005ac                vLOC_ISR_Handler
                0x000000000010063c                vLOC_ISR_Wrapper
                0x00000000001007d8                vLOC_TC_ISR_Wrapper
 .text          0x000000000010096c       0xc4 main.o
                0x000000000010096c                main
                0x00000000001009ec                vApplicationIdleHook
 .text          0x0000000000100a30       0xac ../../low_rtos/FreeRTOS/Source/list.o
                0x0000000000100a50                vListInsertEnd
                0x0000000000100ab8                vListRemove
                0x0000000000100a48                vListInitialiseItem
                0x0000000000100a30                vListInitialise
                0x0000000000100a6c                vListInsert
 .text          0x0000000000100adc      0x584 ../../low_rtos/FreeRTOS/Source/queue.o
                0x0000000000100be4                xQueueGenericSendFromISR
                0x0000000000100adc                xQueueCreate
                0x0000000000100b64                vQueueDelete
                0x0000000000100ea4                xQueueGenericSend
                0x0000000000100b7c                xQueueReceiveFromISR
                0x0000000000100d1c                xQueueIsQueueFullFromISR
                0x0000000000100d30                xQueueGenericReceive
                0x0000000000100b48                uxQueueMessagesWaiting
                0x0000000000100b60                uxQueueMessagesWaitingFromISR
                0x0000000000100d10                xQueueIsQueueEmptyFromISR
                0x0000000000101018                xQueueCreateMutex
 .text          0x0000000000101060      0xbf0 ../../low_rtos/FreeRTOS/Source/tasks.o
                0x0000000000101070                uxTaskPriorityGet
                0x0000000000101098                vTaskPrioritySet
                0x000000000010113c                vTaskEndScheduler
                0x0000000000101384                vTaskPlaceOnEventList
                0x0000000000101284                ulTaskEndTrace
                0x0000000000101220                xTaskGetTickCount
                0x00000000001013dc                xTaskRemoveFromEventList
                0x0000000000101248                vTaskStartTrace
                0x0000000000101768                xTaskCheckForTimeOut
                0x0000000000101060                vTaskSuspendAll
                0x000000000010171c                vTaskPriorityDisinherit
                0x00000000001016b0                vTaskPriorityInherit
                0x00000000001012b0                vTaskSwitchContext
                0x000000000010123c                uxTaskGetNumberOfTasks
                0x0000000000101154                vTaskIncrementTick
                0x0000000000101964                vTaskList
                0x0000000000101bc4                vTaskDelayUntil
                0x00000000001016a4                xTaskGetCurrentTaskHandle
                0x0000000000101688                usTaskCheckFreeStackSpace
                0x00000000001017c0                xTaskResumeAll
                0x0000000000101640                vTaskStartScheduler
                0x0000000000101470                vTaskMissedYield
                0x0000000000101494                xTaskCreate
                0x0000000000101b5c                vTaskDelay
                0x0000000000101458                vTaskSetTimeOutState
 .text          0x0000000000101c50       0xec ../../low_rtos/FreeRTOS/Source/portable/GCC/ARM7_AT91SAM7S/port.o
                0x0000000000101cf4                xPortStartScheduler
                0x0000000000101d38                vPortEndScheduler
                0x0000000000101c50                pxPortInitialiseStack
 .text          0x0000000000101d3c       0xe8 ../../low_rtos/FreeRTOS/Source/portable/MemMang/heap_2.o
                0x0000000000101df4                vPortFree
                0x0000000000101d3c                pvPortMalloc
 .text          0x0000000000101e24       0x54 aic/aic.o
                0x0000000000101e64                AIC_DisableIT
                0x0000000000101e50                AIC_EnableIT
                0x0000000000101e24                AIC_ConfigureIT
 .text          0x0000000000101e78      0x170 pio/pio.o
                0x0000000000101f98                PIO_Get
                0x0000000000101e78                PIO_Configure
                0x0000000000101f90                PIO_Clear
                0x0000000000101fc4                PIO_GetOutputDataStatus
                0x0000000000101f88                PIO_Set
                0x0000000000101fe0                PIO_GetISR
 .text          0x0000000000101fe8      0xa58 USB/USB-CDC.o
                0x0000000000101fe8                vUSBSendByte
                0x0000000000102110                vUSBCDCTask
 .text          0x0000000000102a40      0x2c0 locator/locator_task.o
                0x0000000000102a64                loc_writecommand
                0x0000000000102a40                vStartLocatorTask
                0x0000000000102b30                vLocatorTask
 .text          0x0000000000102d00      0x34c fft/fix_fft.o
                0x0000000000102d1c                fix_fft
                0x0000000000102d00                FIX_MPY
                0x0000000000102fd4                fix_fftr
 .text          0x000000000010304c      0x1a4 adc/adc.o
                0x000000000010306c                ADC_StartConversion
                0x0000000000103068                ADC_GetChannelStatus
                0x0000000000103060                ADC_DisableChannel
                0x00000000001030ac                ADC_EnableIt
                0x0000000000103054                ADC_GetModeReg
                0x000000000010304c                ADC_SoftReset
                0x00000000001030fc                ADC_GetStatus
                0x0000000000103100                ADC_GetInterruptMaskStatus
                0x0000000000103124                ADC_IsInterruptMasked
                0x000000000010312c                ADC_Initialize
                0x00000000001030d8                ADC_DisableIt
                0x0000000000103104                ADC_IsChannelInterruptStatusSet
                0x000000000010311c                ADC_IsStatusSet
                0x0000000000103078                ADC_GetConvertedData
                0x0000000000103074                ADC_GetLastConvertedData
                0x0000000000103058                ADC_EnableChannel
                0x00000000001030d0                ADC_EnableDataReadyIt
 .text          0x00000000001031f0       0xc4 tc/tc.o
                0x0000000000103210                TC_FindMckDivisor
                0x00000000001031f0                TC_Configure
                0x0000000000103208                TC_Stop
                0x0000000000103200                TC_Start
 .text          0x00000000001032b4       0x5c locator/locator.o
                0x00000000001032cc                adchanfindmax
                0x00000000001032b4                ConvHex2mV
 .text          0x0000000000103310       0xd0 /tmp/ccNeQYLp.o
                0x0000000000103310                start
                0x00000000001033c0                endless_loop
 .text          0x00000000001033e0       0x8c /home/snegovick/dev/arm/usr/bin/../lib/gcc/arm-elf/4.0.2/thumb/interwork/libgcc.a(_udivsi3.o)
                0x00000000001033e0                __udivsi3
                0x000000000010345c                __aeabi_uidivmod
 .text          0x000000000010346c        0x4 /home/snegovick/dev/arm/usr/bin/../lib/gcc/arm-elf/4.0.2/thumb/interwork/libgcc.a(_dvmd_tls.o)
                0x000000000010346c                __aeabi_ldiv0
                0x000000000010346c                __div0
                0x000000000010346c                __aeabi_idiv0
 .text          0x0000000000103470       0x68 /home/snegovick/dev/arm/usr/bin/../lib/gcc/arm-elf/4.0.2/../../../../arm-elf/lib/thumb/interwork/libc.a(memcpy.o)
                0x0000000000103470                memcpy
 .text          0x00000000001034d8       0x68 /home/snegovick/dev/arm/usr/bin/../lib/gcc/arm-elf/4.0.2/../../../../arm-elf/lib/thumb/interwork/libc.a(memset.o)
                0x00000000001034d8                memset
 .text          0x0000000000103540       0x84 /home/snegovick/dev/arm/usr/bin/../lib/gcc/arm-elf/4.0.2/../../../../arm-elf/lib/thumb/interwork/libc.a(sprintf.o)
                0x0000000000103540                _sprintf_r
                0x0000000000103580                sprintf
 .text          0x00000000001035c4       0x50 /home/snegovick/dev/arm/usr/bin/../lib/gcc/arm-elf/4.0.2/../../../../arm-elf/lib/thumb/interwork/libc.a(strcat.o)
                0x00000000001035c4                strcat
 .text          0x0000000000103614       0x60 /home/snegovick/dev/arm/usr/bin/../lib/gcc/arm-elf/4.0.2/../../../../arm-elf/lib/thumb/interwork/libc.a(strcpy.o)
                0x0000000000103614                strcpy
 .text          0x0000000000103674       0x84 /home/snegovick/dev/arm/usr/bin/../lib/gcc/arm-elf/4.0.2/../../../../arm-elf/lib/thumb/interwork/libc.a(strncpy.o)
                0x0000000000103674                strncpy
 .text          0x00000000001036f8     0x1900 /home/snegovick/dev/arm/usr/bin/../lib/gcc/arm-elf/4.0.2/../../../../arm-elf/lib/thumb/interwork/libc.a(vfprintf.o)
                0x0000000000103718                _vfprintf_r
                0x0000000000104fd8                vfprintf
 .text          0x0000000000104ff8       0x54 /home/snegovick/dev/arm/usr/bin/../lib/gcc/arm-elf/4.0.2/../../../../arm-elf/lib/thumb/interwork/libc.a(wcrtomb.o)
                0x0000000000104ff8                _wcrtomb_r
                0x000000000010502c                wcrtomb
 .text          0x000000000010504c      0x100 /home/snegovick/dev/arm/usr/bin/../lib/gcc/arm-elf/4.0.2/../../../../arm-elf/lib/thumb/interwork/libc.a(wcsrtombs.o)
                0x000000000010504c                _wcsrtombs_r
                0x0000000000105124                wcsrtombs
 .text          0x000000000010514c      0x2a8 /home/snegovick/dev/arm/usr/bin/../lib/gcc/arm-elf/4.0.2/../../../../arm-elf/lib/thumb/interwork/libc.a(wctomb_r.o)
                0x000000000010514c                _wctomb_r
 .text          0x00000000001053f4       0xa8 /home/snegovick/dev/arm/usr/bin/../lib/gcc/arm-elf/4.0.2/../../../../arm-elf/lib/thumb/interwork/libc.a(wsetup.o)
                0x00000000001053f4                __swsetup
 .text          0x000000000010549c      0xf08 /home/snegovick/dev/arm/usr/bin/../lib/gcc/arm-elf/4.0.2/../../../../arm-elf/lib/thumb/interwork/libc.a(dtoa.o)
                0x00000000001055ec                _dtoa_r
 .text          0x00000000001063a4       0x90 /home/snegovick/dev/arm/usr/bin/../lib/gcc/arm-elf/4.0.2/../../../../arm-elf/lib/thumb/interwork/libc.a(fflush.o)
                0x00000000001063a4                fflush
 .text          0x0000000000106434      0x1c0 /home/snegovick/dev/arm/usr/bin/../lib/gcc/arm-elf/4.0.2/../../../../arm-elf/lib/thumb/interwork/libc.a(findfp.o)
                0x00000000001064d4                __sinit
                0x000000000010646c                __sfmoreglue
                0x00000000001064b8                _cleanup
                0x00000000001064a8                _cleanup_r
                0x00000000001065c4                __fp_lock_all
                0x00000000001064a0                __sfp_lock_acquire
                0x0000000000106530                __sfp
                0x00000000001064d0                __sinit_lock_release
                0x00000000001065dc                __fp_unlock_all
                0x00000000001064a4                __sfp_lock_release
                0x00000000001064cc                __sinit_lock_acquire
 .text          0x00000000001065f4      0x260 /home/snegovick/dev/arm/usr/bin/../lib/gcc/arm-elf/4.0.2/../../../../arm-elf/lib/thumb/interwork/libc.a(freer.o)
                0x0000000000106694                _free_r
                0x00000000001065f4                _malloc_trim_r
 .text          0x0000000000106854      0x2a8 /home/snegovick/dev/arm/usr/bin/../lib/gcc/arm-elf/4.0.2/../../../../arm-elf/lib/thumb/interwork/libc.a(fvwrite.o)
                0x0000000000106854                __sfvwrite
 .text          0x0000000000106afc       0xe0 /home/snegovick/dev/arm/usr/bin/../lib/gcc/arm-elf/4.0.2/../../../../arm-elf/lib/thumb/interwork/libc.a(fwalk.o)
                0x0000000000106afc                _fwalk
                0x0000000000106b68                _fwalk_reent
 .text          0x0000000000106bdc       0x80 /home/snegovick/dev/arm/usr/bin/../lib/gcc/arm-elf/4.0.2/../../../../arm-elf/lib/thumb/interwork/libc.a(locale.o)
                0x0000000000106bdc                _setlocale_r
                0x0000000000106c18                __locale_charset
                0x0000000000106c24                _localeconv_r
                0x0000000000106c2c                setlocale
                0x0000000000106c48                localeconv
 .text          0x0000000000106c5c       0xe0 /home/snegovick/dev/arm/usr/bin/../lib/gcc/arm-elf/4.0.2/../../../../arm-elf/lib/thumb/interwork/libc.a(makebuf.o)
                0x0000000000106c5c                __smakebuf
 .text          0x0000000000106d3c      0x548 /home/snegovick/dev/arm/usr/bin/../lib/gcc/arm-elf/4.0.2/../../../../arm-elf/lib/thumb/interwork/libc.a(mallocr.o)
                0x0000000000106d3c                _malloc_r
 .text          0x0000000000107284       0x90 /home/snegovick/dev/arm/usr/bin/../lib/gcc/arm-elf/4.0.2/../../../../arm-elf/lib/thumb/interwork/libc.a(memchr.o)
                0x0000000000107284                memchr
 .text          0x0000000000107314       0x90 /home/snegovick/dev/arm/usr/bin/../lib/gcc/arm-elf/4.0.2/../../../../arm-elf/lib/thumb/interwork/libc.a(memmove.o)
                0x0000000000107314                memmove
 .text          0x00000000001073a4        0x8 /home/snegovick/dev/arm/usr/bin/../lib/gcc/arm-elf/4.0.2/../../../../arm-elf/lib/thumb/interwork/libc.a(mlock.o)
                0x00000000001073a8                __malloc_unlock
                0x00000000001073a4                __malloc_lock
 .text          0x00000000001073ac      0x8f4 /home/snegovick/dev/arm/usr/bin/../lib/gcc/arm-elf/4.0.2/../../../../arm-elf/lib/thumb/interwork/libc.a(mprec.o)
                0x0000000000107c5c                _mprec_log10
                0x0000000000107558                _hi0bits
                0x00000000001073ac                _Balloc
                0x0000000000107b20                _d2b
                0x000000000010762c                _multiply
                0x0000000000107c08                _ratio
                0x00000000001074b8                _s2b
                0x0000000000107614                _i2b
                0x00000000001075a8                _lo0bits
                0x00000000001078cc                __mcmp
                0x0000000000107778                _pow5mult
                0x0000000000107a08                _ulp
                0x0000000000107a5c                _b2d
                0x000000000010741c                _multadd
                0x0000000000107910                __mdiff
                0x0000000000107818                _lshift
                0x0000000000107404                _Bfree
 .text          0x0000000000107ca0      0x3ac /home/snegovick/dev/arm/usr/bin/../lib/gcc/arm-elf/4.0.2/../../../../arm-elf/lib/thumb/interwork/libc.a(reallocr.o)
                0x0000000000107ca0                _realloc_r
 .text          0x000000000010804c       0x28 /home/snegovick/dev/arm/usr/bin/../lib/gcc/arm-elf/4.0.2/../../../../arm-elf/lib/thumb/interwork/libc.a(sbrkr.o)
                0x000000000010804c                _sbrk_r
 .text          0x0000000000108074       0x24 /home/snegovick/dev/arm/usr/bin/../lib/gcc/arm-elf/4.0.2/../../../../arm-elf/lib/thumb/interwork/libc.a(s_isinf.o)
                0x0000000000108074                isinf
 .text          0x0000000000108098       0x1c /home/snegovick/dev/arm/usr/bin/../lib/gcc/arm-elf/4.0.2/../../../../arm-elf/lib/thumb/interwork/libc.a(s_isnan.o)
                0x0000000000108098                isnan
 .text          0x00000000001080b4       0xe4 /home/snegovick/dev/arm/usr/bin/../lib/gcc/arm-elf/4.0.2/../../../../arm-elf/lib/thumb/interwork/libc.a(stdio.o)
                0x000000000010813c                __sseek
                0x00000000001080b4                __sread
                0x000000000010817c                __sclose
                0x00000000001080f0                __swrite
 .text          0x0000000000108198       0x88 /home/snegovick/dev/arm/usr/bin/../lib/gcc/arm-elf/4.0.2/../../../../arm-elf/lib/thumb/interwork/libc.a(strcmp.o)
                0x0000000000108198                strcmp
 .text          0x0000000000108220       0x48 /home/snegovick/dev/arm/usr/bin/../lib/gcc/arm-elf/4.0.2/../../../../arm-elf/lib/thumb/interwork/libc.a(strlen.o)
                0x0000000000108220                strlen
 .text          0x0000000000108268      0x504 /home/snegovick/dev/arm/usr/bin/../lib/gcc/arm-elf/4.0.2/../../../../arm-elf/lib/thumb/interwork/libc.a(syscalls.o)
                0x00000000001082d4                _getpid
                0x000000000010839c                initialise_monitor_handles
                0x000000000010836c                isatty
                0x0000000000108310                _fstat
                0x0000000000108620                _open
                0x00000000001082d8                _sbrk
                0x0000000000108344                _raise
                0x0000000000108348                _times
                0x0000000000108634                _stat
                0x0000000000108584                _lseek
                0x0000000000108334                _link
                0x00000000001084d8                _swiwrite
                0x0000000000108388                _rename
                0x000000000010844c                _swilseek
                0x0000000000108500                _swiclose
                0x0000000000108594                _swiopen
                0x000000000010833c                _unlink
                0x0000000000108670                _write
                0x0000000000108724                _kill
                0x0000000000108740                _gettimeofday
                0x00000000001086c0                _read
                0x000000000010870c                _exit
                0x0000000000108370                _system
                0x0000000000108424                _swiread
                0x0000000000108574                _close
 .text          0x000000000010876c       0x2c /home/snegovick/dev/arm/usr/bin/../lib/gcc/arm-elf/4.0.2/../../../../arm-elf/lib/thumb/interwork/libc.a(writer.o)
                0x000000000010876c                _write_r
 .text          0x0000000000108798       0x64 /home/snegovick/dev/arm/usr/bin/../lib/gcc/arm-elf/4.0.2/../../../../arm-elf/lib/thumb/interwork/libc.a(callocr.o)
                0x0000000000108798                _calloc_r
 .text          0x00000000001087fc       0x28 /home/snegovick/dev/arm/usr/bin/../lib/gcc/arm-elf/4.0.2/../../../../arm-elf/lib/thumb/interwork/libc.a(closer.o)
                0x00000000001087fc                _close_r
 .text          0x0000000000108824        0xc /home/snegovick/dev/arm/usr/bin/../lib/gcc/arm-elf/4.0.2/../../../../arm-elf/lib/thumb/interwork/libc.a(errno.o)
                0x0000000000108824                __errno
 .text          0x0000000000108830       0xbc /home/snegovick/dev/arm/usr/bin/../lib/gcc/arm-elf/4.0.2/../../../../arm-elf/lib/thumb/interwork/libc.a(fclose.o)
                0x0000000000108830                _fclose_r
                0x00000000001088d4                fclose
 .text          0x00000000001088ec       0x2c /home/snegovick/dev/arm/usr/bin/../lib/gcc/arm-elf/4.0.2/../../../../arm-elf/lib/thumb/interwork/libc.a(fstatr.o)
                0x00000000001088ec                _fstat_r
 .text          0x0000000000108918       0x2c /home/snegovick/dev/arm/usr/bin/../lib/gcc/arm-elf/4.0.2/../../../../arm-elf/lib/thumb/interwork/libc.a(lseekr.o)
                0x0000000000108918                _lseek_r
 .text          0x0000000000108944       0x2c /home/snegovick/dev/arm/usr/bin/../lib/gcc/arm-elf/4.0.2/../../../../arm-elf/lib/thumb/interwork/libc.a(readr.o)
                0x0000000000108944                _read_r
 .text          0x0000000000108970      0x118 /home/snegovick/dev/arm/usr/bin/../lib/gcc/arm-elf/4.0.2/../../../../arm-elf/lib/thumb/interwork/libc.a(reent.o)
                0x0000000000108970                cleanup_glue
                0x0000000000108990                _reclaim_reent
                0x0000000000108a24                _wrapup_reent
 .text          0x0000000000108a88       0xa4 /home/snegovick/dev/arm/usr/bin/../lib/gcc/arm-elf/4.0.2/thumb/interwork/libgcc.a(_divsi3.o)
                0x0000000000108a88                __divsi3
                0x0000000000108b1c                __aeabi_idivmod
 .text          0x0000000000108b2c       0xc8 /home/snegovick/dev/arm/usr/bin/../lib/gcc/arm-elf/4.0.2/thumb/interwork/libgcc.a(_umodsi3.o)
                0x0000000000108b2c                __umodsi3
 .text          0x0000000000108bf4       0xd8 /home/snegovick/dev/arm/usr/bin/../lib/gcc/arm-elf/4.0.2/thumb/interwork/libgcc.a(_modsi3.o)
                0x0000000000108bf4                __modsi3
 .text          0x0000000000108ccc      0x430 /home/snegovick/dev/arm/usr/bin/../lib/gcc/arm-elf/4.0.2/thumb/interwork/libgcc.a(_addsubdf3.o)
                0x0000000000109090                __floatdidf
                0x0000000000109010                __floatsidf
                0x0000000000108fe8                __aeabi_ui2d
                0x0000000000108ccc                __aeabi_drsub
                0x000000000010903c                __extendsfdf2
                0x0000000000108cd8                __adddf3
                0x0000000000108fe8                __floatunsidf
                0x0000000000108cd8                __aeabi_dadd
                0x000000000010907c                __aeabi_ul2d
                0x0000000000108cd4                __aeabi_dsub
                0x000000000010907c                __floatundidf
                0x0000000000109010                __aeabi_i2d
                0x0000000000109090                __aeabi_l2d
                0x000000000010903c                __aeabi_f2d
                0x0000000000108cd4                __subdf3
 .text          0x00000000001090fc      0x49c /home/snegovick/dev/arm/usr/bin/../lib/gcc/arm-elf/4.0.2/thumb/interwork/libgcc.a(_muldivdf3.o)
                0x000000000010938c                __aeabi_ddiv
                0x00000000001090fc                __aeabi_dmul
                0x000000000010938c                __divdf3
                0x00000000001090fc                __muldf3
 .text          0x0000000000109598      0x140 /home/snegovick/dev/arm/usr/bin/../lib/gcc/arm-elf/4.0.2/thumb/interwork/libgcc.a(_cmpdf2.o)
                0x0000000000109690                __aeabi_dcmple
                0x00000000001095a8                __cmpdf2
                0x00000000001095a8                __eqdf2
                0x0000000000109598                __gtdf2
                0x0000000000109648                __aeabi_cdcmple
                0x000000000010962c                __aeabi_cdrcmple
                0x00000000001095a0                __ltdf2
                0x0000000000109678                __aeabi_dcmplt
                0x00000000001095a0                __ledf2
                0x00000000001096c0                __aeabi_dcmpgt
                0x00000000001096a8                __aeabi_dcmpge
                0x00000000001095a8                __nedf2
                0x0000000000109660                __aeabi_dcmpeq
                0x0000000000109648                __aeabi_cdcmpeq
                0x0000000000109598                __gedf2
 .text          0x00000000001096d8       0x5c /home/snegovick/dev/arm/usr/bin/../lib/gcc/arm-elf/4.0.2/thumb/interwork/libgcc.a(_fixdfsi.o)
                0x00000000001096d8                __fixdfsi
                0x00000000001096d8                __aeabi_d2iz
 *(.rodata)
 .rodata        0x0000000000109734       0x48 main.o
 .rodata        0x000000000010977c       0x14 pio/pio.o
 .rodata        0x0000000000109790      0x248 USB/USB-CDC.o
                0x00000000001097f1                pxDeviceDescriptor
                0x000000000010986b                pxManufacturerStringDescriptor
                0x0000000000109790                pxReportDescriptor
                0x0000000000109803                pxInterfaceStringDescriptor
                0x0000000000109847                pxProductStringDescriptor
                0x000000000010987d                pxLanguageStringDescriptor
                0x0000000000109821                pxConfigurationStringDescriptor
                0x00000000001097ae                pxConfigDescriptor
 .rodata        0x00000000001099d8       0x30 locator/locator_task.o
 .rodata        0x0000000000109a08       0x20 adc/adc.o
 .rodata        0x0000000000109a28       0x14 tc/tc.o
 .rodata        0x0000000000109a3c      0x18c /home/snegovick/dev/arm/usr/bin/../lib/gcc/arm-elf/4.0.2/../../../../arm-elf/lib/thumb/interwork/libc.a(vfprintf.o)
 .rodata        0x0000000000109bc8       0x18 /home/snegovick/dev/arm/usr/bin/../lib/gcc/arm-elf/4.0.2/../../../../arm-elf/lib/thumb/interwork/libc.a(dtoa.o)
 .rodata        0x0000000000109be0        0x4 /home/snegovick/dev/arm/usr/bin/../lib/gcc/arm-elf/4.0.2/../../../../arm-elf/lib/thumb/interwork/libc.a(impure.o)
                0x0000000000109be0                _global_impure_ptr
 .rodata        0x0000000000109be4       0x30 /home/snegovick/dev/arm/usr/bin/../lib/gcc/arm-elf/4.0.2/../../../../arm-elf/lib/thumb/interwork/libc.a(locale.o)
 .rodata        0x0000000000109c14      0x124 /home/snegovick/dev/arm/usr/bin/../lib/gcc/arm-elf/4.0.2/../../../../arm-elf/lib/thumb/interwork/libc.a(mprec.o)
                0x0000000000109c14                __mprec_tinytens
                0x0000000000109c64                __mprec_tens
                0x0000000000109c3c                __mprec_bigtens
 *(.rodata*)
 .rodata.str1.4
                0x0000000000109d38        0x4 main.o
 .rodata.str1.4
                0x0000000000109d3c       0x1e ../../low_rtos/FreeRTOS/Source/tasks.o
                                         0x20 (size before relaxing)
 *fill*         0x0000000000109d5a        0x2 00
 .rodata.str1.4
                0x0000000000109d5c        0x2 USB/USB-CDC.o
                                          0x4 (size before relaxing)
 *fill*         0x0000000000109d5e        0x2 00
 .rodata.str1.4
                0x0000000000109d60        0x4 locator/locator_task.o
 .rodata.str1.4
                0x0000000000109d64       0x62 /home/snegovick/dev/arm/usr/bin/../lib/gcc/arm-elf/4.0.2/../../../../arm-elf/lib/thumb/interwork/libc.a(vfprintf.o)
                                         0x64 (size before relaxing)
 *fill*         0x0000000000109dc6        0x2 00
 .rodata.str1.4
                0x0000000000109dc8       0x1e /home/snegovick/dev/arm/usr/bin/../lib/gcc/arm-elf/4.0.2/../../../../arm-elf/lib/thumb/interwork/libc.a(wctomb_r.o)
                                         0x20 (size before relaxing)
 *fill*         0x0000000000109de6        0x2 00
 .rodata.str1.4
                0x0000000000109de8       0x10 /home/snegovick/dev/arm/usr/bin/../lib/gcc/arm-elf/4.0.2/../../../../arm-elf/lib/thumb/interwork/libc.a(dtoa.o)
                                         0x14 (size before relaxing)
 .rodata.str1.4
                0x0000000000109df8        0x2 /home/snegovick/dev/arm/usr/bin/../lib/gcc/arm-elf/4.0.2/../../../../arm-elf/lib/thumb/interwork/libc.a(impure.o)
                                          0x4 (size before relaxing)
 *fill*         0x0000000000109dfa        0x2 00
 .rodata.str1.4
                0x0000000000109dfc        0xb /home/snegovick/dev/arm/usr/bin/../lib/gcc/arm-elf/4.0.2/../../../../arm-elf/lib/thumb/interwork/libc.a(locale.o)
                                         0x18 (size before relaxing)
 *fill*         0x0000000000109e07        0x1 00
 .rodata.str1.4
                0x0000000000109e08        0x4 /home/snegovick/dev/arm/usr/bin/../lib/gcc/arm-elf/4.0.2/../../../../arm-elf/lib/thumb/interwork/libc.a(syscalls.o)
 *(.glue_7)
 .glue_7        0x0000000000109e0c       0x84 /home/snegovick/dev/arm/usr/bin/../lib/gcc/arm-elf/4.0.2/thumb/interwork/libgcc.a(_fixdfsi.o)
                0x0000000000109e6c                __ConvHex2mV_from_arm
                0x0000000000109e60                __ADC_GetConvertedData_from_arm
                0x0000000000109e3c                __ADC_IsChannelInterruptStatusSet_from_arm
                0x0000000000109e78                __ADC_EnableIt_from_arm
                0x0000000000109e24                __xQueueGenericSendFromISR_from_arm
                0x0000000000109e84                __TC_Stop_from_arm
                0x0000000000109e54                __ADC_DisableIt_from_arm
                0x0000000000109e30                __ADC_GetStatus_from_arm
                0x0000000000109e18                __vTaskIncrementTick_from_arm
                0x0000000000109e48                __ADC_StartConversion_from_arm
                0x0000000000109e0c                __vTaskSwitchContext_from_arm
 *(.glue_7t)
 .glue_7t       0x0000000000109e90       0x80 /home/snegovick/dev/arm/usr/bin/../lib/gcc/arm-elf/4.0.2/thumb/interwork/libgcc.a(_fixdfsi.o)
                0x0000000000109e9c                __vPortEnterCritical_change_to_arm
                0x0000000000109eb0                __vPortEnableInterruptsFromThumb_from_thumb
                0x0000000000109f00                ____gtdf2_from_thumb
                0x0000000000109ed0                ____subdf3_from_thumb
                0x0000000000109ecc                ____ltdf2_change_to_arm
                0x0000000000109ed4                ____subdf3_change_to_arm
                0x0000000000109ea4                __vPortExitCritical_change_to_arm
                0x0000000000109f0c                ____gedf2_change_to_arm
                0x0000000000109ea8                __vPortISRStartFirstTask_from_thumb
                0x0000000000109eb8                ____eqdf2_from_thumb
                0x0000000000109ef0                ____fixdfsi_from_thumb
                0x0000000000109e90                __vPortDisableInterruptsFromThumb_from_thumb
                0x0000000000109efc                ____divdf3_change_to_arm
                0x0000000000109f08                ____gedf2_from_thumb
                0x0000000000109ea0                __vPortExitCritical_from_thumb
                0x0000000000109edc                ____muldf3_change_to_arm
                0x0000000000109ef4                ____fixdfsi_change_to_arm
                0x0000000000109ef8                ____divdf3_from_thumb
                0x0000000000109ee4                ____adddf3_change_to_arm
                0x0000000000109f04                ____gtdf2_change_to_arm
                0x0000000000109e98                __vPortEnterCritical_from_thumb
                0x0000000000109ee8                ____floatsidf_from_thumb
                0x0000000000109ec8                ____ltdf2_from_thumb
                0x0000000000109eac                __vPortISRStartFirstTask_change_to_arm
                0x0000000000109ec4                ____nedf2_change_to_arm
                0x0000000000109ee0                ____adddf3_from_thumb
                0x0000000000109e94                __vPortDisableInterruptsFromThumb_change_to_arm
                0x0000000000109ebc                ____eqdf2_change_to_arm
                0x0000000000109ed8                ____muldf3_from_thumb
                0x0000000000109ec0                ____nedf2_from_thumb
                0x0000000000109eec                ____floatsidf_change_to_arm
                0x0000000000109eb4                __vPortEnableInterruptsFromThumb_change_to_arm
                0x0000000000109f10                __end_of_text__ = .

.data           0x0000000000200000      0xe30 load address 0x0000000000109f10
                0x0000000000200000                __data_beg__ = .
                0x0000000000109f10                __data_beg_src__ = __end_of_text__
 *(.data)
 .data          0x0000000000200000        0x4 ../../low_rtos/FreeRTOS/Source/portable/GCC/ARM7_AT91SAM7S/portISR.o
                0x0000000000200000                ulCriticalNesting
 .data          0x0000000000200004        0x4 ../../low_rtos/FreeRTOS/Source/tasks.o
 .data          0x0000000000200008      0x600 fft/fix_fft.o
                0x0000000000200008                Sinewave
 .data          0x0000000000200608      0x404 /home/snegovick/dev/arm/usr/bin/../lib/gcc/arm-elf/4.0.2/../../../../arm-elf/lib/thumb/interwork/libc.a(impure.o)
                0x0000000000200a08                _impure_ptr
 .data          0x0000000000200a0c       0x14 /home/snegovick/dev/arm/usr/bin/../lib/gcc/arm-elf/4.0.2/../../../../arm-elf/lib/thumb/interwork/libc.a(locale.o)
                0x0000000000200a18                __mb_cur_max
                0x0000000000200a0c                __lc_ctype
 .data          0x0000000000200a20      0x410 /home/snegovick/dev/arm/usr/bin/../lib/gcc/arm-elf/4.0.2/../../../../arm-elf/lib/thumb/interwork/libc.a(mallocr.o)
                0x0000000000200a20                __malloc_sbrk_base
                0x0000000000200a28                __malloc_av_
                0x0000000000200a24                __malloc_trim_threshold
                0x0000000000200e30                __data_end__ = .

.bss            0x0000000000200e30     0x753c
                0x0000000000200e30                __bss_beg__ = .
 *(.bss)
 .bss           0x0000000000200e30       0x44 USB/USBIsr.o
 .bss           0x0000000000200e74        0x4 main.o
 .bss           0x0000000000200e78      0x104 ../../low_rtos/FreeRTOS/Source/tasks.o
                0x0000000000200e78                pxCurrentTCB
 .bss           0x0000000000200f7c     0x6014 ../../low_rtos/FreeRTOS/Source/portable/MemMang/heap_2.o
 .bss           0x0000000000206f90      0x134 USB/USB-CDC.o
 .bss           0x00000000002070c4        0xc /home/snegovick/dev/arm/usr/bin/../lib/gcc/arm-elf/4.0.2/../../../../arm-elf/lib/thumb/interwork/libc.a(locale.o)
                0x00000000002070cc                __nlocale_changed
                0x00000000002070c8                __mlocale_changed
                0x00000000002070c4                _PathLocale
 .bss           0x00000000002070d0       0x34 /home/snegovick/dev/arm/usr/bin/../lib/gcc/arm-elf/4.0.2/../../../../arm-elf/lib/thumb/interwork/libc.a(mallocr.o)
                0x0000000000207100                __malloc_top_pad
                0x00000000002070fc                __malloc_max_sbrked_mem
                0x00000000002070d0                __malloc_current_mallinfo
                0x00000000002070f8                __malloc_max_total_mem
 .bss           0x0000000000207104       0xb0 /home/snegovick/dev/arm/usr/bin/../lib/gcc/arm-elf/4.0.2/../../../../arm-elf/lib/thumb/interwork/libc.a(syscalls.o)
 COMMON         0x00000000002071b4     0x11b0 locator/locator_isr.o
                0x00000000002071b4                trspistat
                0x0000000000208260                locstat
 COMMON         0x0000000000208364        0x4 USB/USB-CDC.o
                0x0000000000208364                xUSBInterruptQueue
 COMMON         0x0000000000208368        0x4 /home/snegovick/dev/arm/usr/bin/../lib/gcc/arm-elf/4.0.2/../../../../arm-elf/lib/thumb/interwork/libc.a(reent.o)
                0x0000000000208368                errno
                0x000000000020836c                . = ALIGN (0x4)
                0x000000000020836c                . = ALIGN (0x4)
                0x000000000020836c                _end = .
                0x000000000020836c                _bss_end__ = .
                0x000000000020836c                __bss_end__ = .
                0x000000000020836c                __end__ = .
                0x000000000020836c                PROVIDE (end, .)
OUTPUT(RTOSDemo.elf elf32-littlearm)

.comment        0x0000000000000000      0x438
 .comment       0x0000000000000000       0x12 ../../low_rtos/FreeRTOS/Source/portable/GCC/ARM7_AT91SAM7S/portISR.o
 .comment       0x0000000000000012       0x12 ./SrcAtmel/Cstartup_SAM7.o
 .comment       0x0000000000000024       0x12 USB/USBIsr.o
 .comment       0x0000000000000036       0x12 locator/locator_isr.o
 .comment       0x0000000000000048       0x12 main.o
 .comment       0x000000000000005a       0x12 ../../low_rtos/FreeRTOS/Source/list.o
 .comment       0x000000000000006c       0x12 ../../low_rtos/FreeRTOS/Source/queue.o
 .comment       0x000000000000007e       0x12 ../../low_rtos/FreeRTOS/Source/tasks.o
 .comment       0x0000000000000090       0x12 ../../low_rtos/FreeRTOS/Source/portable/GCC/ARM7_AT91SAM7S/port.o
 .comment       0x00000000000000a2       0x12 ../../low_rtos/FreeRTOS/Source/portable/MemMang/heap_2.o
 .comment       0x00000000000000b4       0x12 aic/aic.o
 .comment       0x00000000000000c6       0x12 pio/pio.o
 .comment       0x00000000000000d8       0x12 USB/USB-CDC.o
 .comment       0x00000000000000ea       0x12 locator/locator_task.o
 .comment       0x00000000000000fc       0x12 fft/fix_fft.o
 .comment       0x000000000000010e       0x12 adc/adc.o
 .comment       0x0000000000000120       0x12 tc/tc.o
 .comment       0x0000000000000132       0x12 locator/locator.o
 .comment       0x0000000000000144       0x12 /home/snegovick/dev/arm/usr/bin/../lib/gcc/arm-elf/4.0.2/../../../../arm-elf/lib/thumb/interwork/libc.a(memcpy.o)
 .comment       0x0000000000000156       0x12 /home/snegovick/dev/arm/usr/bin/../lib/gcc/arm-elf/4.0.2/../../../../arm-elf/lib/thumb/interwork/libc.a(memset.o)
 .comment       0x0000000000000168       0x12 /home/snegovick/dev/arm/usr/bin/../lib/gcc/arm-elf/4.0.2/../../../../arm-elf/lib/thumb/interwork/libc.a(sprintf.o)
 .comment       0x000000000000017a       0x12 /home/snegovick/dev/arm/usr/bin/../lib/gcc/arm-elf/4.0.2/../../../../arm-elf/lib/thumb/interwork/libc.a(strcat.o)
 .comment       0x000000000000018c       0x12 /home/snegovick/dev/arm/usr/bin/../lib/gcc/arm-elf/4.0.2/../../../../arm-elf/lib/thumb/interwork/libc.a(strcpy.o)
 .comment       0x000000000000019e       0x12 /home/snegovick/dev/arm/usr/bin/../lib/gcc/arm-elf/4.0.2/../../../../arm-elf/lib/thumb/interwork/libc.a(strncpy.o)
 .comment       0x00000000000001b0       0x12 /home/snegovick/dev/arm/usr/bin/../lib/gcc/arm-elf/4.0.2/../../../../arm-elf/lib/thumb/interwork/libc.a(vfprintf.o)
 .comment       0x00000000000001c2       0x12 /home/snegovick/dev/arm/usr/bin/../lib/gcc/arm-elf/4.0.2/../../../../arm-elf/lib/thumb/interwork/libc.a(wcrtomb.o)
 .comment       0x00000000000001d4       0x12 /home/snegovick/dev/arm/usr/bin/../lib/gcc/arm-elf/4.0.2/../../../../arm-elf/lib/thumb/interwork/libc.a(wcsrtombs.o)
 .comment       0x00000000000001e6       0x12 /home/snegovick/dev/arm/usr/bin/../lib/gcc/arm-elf/4.0.2/../../../../arm-elf/lib/thumb/interwork/libc.a(wctomb_r.o)
 .comment       0x00000000000001f8       0x12 /home/snegovick/dev/arm/usr/bin/../lib/gcc/arm-elf/4.0.2/../../../../arm-elf/lib/thumb/interwork/libc.a(wsetup.o)
 .comment       0x000000000000020a       0x12 /home/snegovick/dev/arm/usr/bin/../lib/gcc/arm-elf/4.0.2/../../../../arm-elf/lib/thumb/interwork/libc.a(dtoa.o)
 .comment       0x000000000000021c       0x12 /home/snegovick/dev/arm/usr/bin/../lib/gcc/arm-elf/4.0.2/../../../../arm-elf/lib/thumb/interwork/libc.a(fflush.o)
 .comment       0x000000000000022e       0x12 /home/snegovick/dev/arm/usr/bin/../lib/gcc/arm-elf/4.0.2/../../../../arm-elf/lib/thumb/interwork/libc.a(findfp.o)
 .comment       0x0000000000000240       0x12 /home/snegovick/dev/arm/usr/bin/../lib/gcc/arm-elf/4.0.2/../../../../arm-elf/lib/thumb/interwork/libc.a(freer.o)
 .comment       0x0000000000000252       0x12 /home/snegovick/dev/arm/usr/bin/../lib/gcc/arm-elf/4.0.2/../../../../arm-elf/lib/thumb/interwork/libc.a(fvwrite.o)
 .comment       0x0000000000000264       0x12 /home/snegovick/dev/arm/usr/bin/../lib/gcc/arm-elf/4.0.2/../../../../arm-elf/lib/thumb/interwork/libc.a(fwalk.o)
 .comment       0x0000000000000276       0x12 /home/snegovick/dev/arm/usr/bin/../lib/gcc/arm-elf/4.0.2/../../../../arm-elf/lib/thumb/interwork/libc.a(impure.o)
 .comment       0x0000000000000288       0x12 /home/snegovick/dev/arm/usr/bin/../lib/gcc/arm-elf/4.0.2/../../../../arm-elf/lib/thumb/interwork/libc.a(locale.o)
 .comment       0x000000000000029a       0x12 /home/snegovick/dev/arm/usr/bin/../lib/gcc/arm-elf/4.0.2/../../../../arm-elf/lib/thumb/interwork/libc.a(makebuf.o)
 .comment       0x00000000000002ac       0x12 /home/snegovick/dev/arm/usr/bin/../lib/gcc/arm-elf/4.0.2/../../../../arm-elf/lib/thumb/interwork/libc.a(mallocr.o)
 .comment       0x00000000000002be       0x12 /home/snegovick/dev/arm/usr/bin/../lib/gcc/arm-elf/4.0.2/../../../../arm-elf/lib/thumb/interwork/libc.a(memchr.o)
 .comment       0x00000000000002d0       0x12 /home/snegovick/dev/arm/usr/bin/../lib/gcc/arm-elf/4.0.2/../../../../arm-elf/lib/thumb/interwork/libc.a(memmove.o)
 .comment       0x00000000000002e2       0x12 /home/snegovick/dev/arm/usr/bin/../lib/gcc/arm-elf/4.0.2/../../../../arm-elf/lib/thumb/interwork/libc.a(mlock.o)
 .comment       0x00000000000002f4       0x12 /home/snegovick/dev/arm/usr/bin/../lib/gcc/arm-elf/4.0.2/../../../../arm-elf/lib/thumb/interwork/libc.a(mprec.o)
 .comment       0x0000000000000306       0x12 /home/snegovick/dev/arm/usr/bin/../lib/gcc/arm-elf/4.0.2/../../../../arm-elf/lib/thumb/interwork/libc.a(reallocr.o)
 .comment       0x0000000000000318       0x12 /home/snegovick/dev/arm/usr/bin/../lib/gcc/arm-elf/4.0.2/../../../../arm-elf/lib/thumb/interwork/libc.a(sbrkr.o)
 .comment       0x000000000000032a       0x12 /home/snegovick/dev/arm/usr/bin/../lib/gcc/arm-elf/4.0.2/../../../../arm-elf/lib/thumb/interwork/libc.a(s_isinf.o)
 .comment       0x000000000000033c       0x12 /home/snegovick/dev/arm/usr/bin/../lib/gcc/arm-elf/4.0.2/../../../../arm-elf/lib/thumb/interwork/libc.a(s_isnan.o)
 .comment       0x000000000000034e       0x12 /home/snegovick/dev/arm/usr/bin/../lib/gcc/arm-elf/4.0.2/../../../../arm-elf/lib/thumb/interwork/libc.a(stdio.o)
 .comment       0x0000000000000360       0x12 /home/snegovick/dev/arm/usr/bin/../lib/gcc/arm-elf/4.0.2/../../../../arm-elf/lib/thumb/interwork/libc.a(strcmp.o)
 .comment       0x0000000000000372       0x12 /home/snegovick/dev/arm/usr/bin/../lib/gcc/arm-elf/4.0.2/../../../../arm-elf/lib/thumb/interwork/libc.a(strlen.o)
 .comment       0x0000000000000384       0x12 /home/snegovick/dev/arm/usr/bin/../lib/gcc/arm-elf/4.0.2/../../../../arm-elf/lib/thumb/interwork/libc.a(syscalls.o)
 .comment       0x0000000000000396       0x12 /home/snegovick/dev/arm/usr/bin/../lib/gcc/arm-elf/4.0.2/../../../../arm-elf/lib/thumb/interwork/libc.a(writer.o)
 .comment       0x00000000000003a8       0x12 /home/snegovick/dev/arm/usr/bin/../lib/gcc/arm-elf/4.0.2/../../../../arm-elf/lib/thumb/interwork/libc.a(callocr.o)
 .comment       0x00000000000003ba       0x12 /home/snegovick/dev/arm/usr/bin/../lib/gcc/arm-elf/4.0.2/../../../../arm-elf/lib/thumb/interwork/libc.a(closer.o)
 .comment       0x00000000000003cc       0x12 /home/snegovick/dev/arm/usr/bin/../lib/gcc/arm-elf/4.0.2/../../../../arm-elf/lib/thumb/interwork/libc.a(errno.o)
 .comment       0x00000000000003de       0x12 /home/snegovick/dev/arm/usr/bin/../lib/gcc/arm-elf/4.0.2/../../../../arm-elf/lib/thumb/interwork/libc.a(fclose.o)
 .comment       0x00000000000003f0       0x12 /home/snegovick/dev/arm/usr/bin/../lib/gcc/arm-elf/4.0.2/../../../../arm-elf/lib/thumb/interwork/libc.a(fstatr.o)
 .comment       0x0000000000000402       0x12 /home/snegovick/dev/arm/usr/bin/../lib/gcc/arm-elf/4.0.2/../../../../arm-elf/lib/thumb/interwork/libc.a(lseekr.o)
 .comment       0x0000000000000414       0x12 /home/snegovick/dev/arm/usr/bin/../lib/gcc/arm-elf/4.0.2/../../../../arm-elf/lib/thumb/interwork/libc.a(readr.o)
 .comment       0x0000000000000426       0x12 /home/snegovick/dev/arm/usr/bin/../lib/gcc/arm-elf/4.0.2/../../../../arm-elf/lib/thumb/interwork/libc.a(reent.o)

.debug_line     0x0000000000000000     0x4315
 .debug_line    0x0000000000000000       0x70 /home/snegovick/dev/arm/usr/bin/../lib/gcc/arm-elf/4.0.2/thumb/interwork/libgcc.a(_udivsi3.o)
 .debug_line    0x0000000000000070       0x5a /home/snegovick/dev/arm/usr/bin/../lib/gcc/arm-elf/4.0.2/thumb/interwork/libgcc.a(_dvmd_tls.o)
 .debug_line    0x00000000000000ca       0xce /home/snegovick/dev/arm/usr/bin/../lib/gcc/arm-elf/4.0.2/../../../../arm-elf/lib/thumb/interwork/libc.a(memcpy.o)
 .debug_line    0x0000000000000198       0xdf /home/snegovick/dev/arm/usr/bin/../lib/gcc/arm-elf/4.0.2/../../../../arm-elf/lib/thumb/interwork/libc.a(memset.o)
 .debug_line    0x0000000000000277      0x183 /home/snegovick/dev/arm/usr/bin/../lib/gcc/arm-elf/4.0.2/../../../../arm-elf/lib/thumb/interwork/libc.a(sprintf.o)
 .debug_line    0x00000000000003fa       0x7f /home/snegovick/dev/arm/usr/bin/../lib/gcc/arm-elf/4.0.2/../../../../arm-elf/lib/thumb/interwork/libc.a(strcat.o)
 .debug_line    0x0000000000000479       0x80 /home/snegovick/dev/arm/usr/bin/../lib/gcc/arm-elf/4.0.2/../../../../arm-elf/lib/thumb/interwork/libc.a(strcpy.o)
 .debug_line    0x00000000000004f9       0xcd /home/snegovick/dev/arm/usr/bin/../lib/gcc/arm-elf/4.0.2/../../../../arm-elf/lib/thumb/interwork/libc.a(strncpy.o)
 .debug_line    0x00000000000005c6      0x580 /home/snegovick/dev/arm/usr/bin/../lib/gcc/arm-elf/4.0.2/../../../../arm-elf/lib/thumb/interwork/libc.a(vfprintf.o)
 .debug_line    0x0000000000000b46      0x155 /home/snegovick/dev/arm/usr/bin/../lib/gcc/arm-elf/4.0.2/../../../../arm-elf/lib/thumb/interwork/libc.a(wcrtomb.o)
 .debug_line    0x0000000000000c9b      0x183 /home/snegovick/dev/arm/usr/bin/../lib/gcc/arm-elf/4.0.2/../../../../arm-elf/lib/thumb/interwork/libc.a(wcsrtombs.o)
 .debug_line    0x0000000000000e1e      0x1cb /home/snegovick/dev/arm/usr/bin/../lib/gcc/arm-elf/4.0.2/../../../../arm-elf/lib/thumb/interwork/libc.a(wctomb_r.o)
 .debug_line    0x0000000000000fe9      0x165 /home/snegovick/dev/arm/usr/bin/../lib/gcc/arm-elf/4.0.2/../../../../arm-elf/lib/thumb/interwork/libc.a(wsetup.o)
 .debug_line    0x000000000000114e      0x436 /home/snegovick/dev/arm/usr/bin/../lib/gcc/arm-elf/4.0.2/../../../../arm-elf/lib/thumb/interwork/libc.a(dtoa.o)
 .debug_line    0x0000000000001584      0x15f /home/snegovick/dev/arm/usr/bin/../lib/gcc/arm-elf/4.0.2/../../../../arm-elf/lib/thumb/interwork/libc.a(fflush.o)
 .debug_line    0x00000000000016e3      0x1b7 /home/snegovick/dev/arm/usr/bin/../lib/gcc/arm-elf/4.0.2/../../../../arm-elf/lib/thumb/interwork/libc.a(findfp.o)
 .debug_line    0x000000000000189a      0x176 /home/snegovick/dev/arm/usr/bin/../lib/gcc/arm-elf/4.0.2/../../../../arm-elf/lib/thumb/interwork/libc.a(freer.o)
 .debug_line    0x0000000000001a10      0x1e8 /home/snegovick/dev/arm/usr/bin/../lib/gcc/arm-elf/4.0.2/../../../../arm-elf/lib/thumb/interwork/libc.a(fvwrite.o)
 .debug_line    0x0000000000001bf8      0x171 /home/snegovick/dev/arm/usr/bin/../lib/gcc/arm-elf/4.0.2/../../../../arm-elf/lib/thumb/interwork/libc.a(fwalk.o)
 .debug_line    0x0000000000001d69       0xf5 /home/snegovick/dev/arm/usr/bin/../lib/gcc/arm-elf/4.0.2/../../../../arm-elf/lib/thumb/interwork/libc.a(impure.o)
 .debug_line    0x0000000000001e5e      0x15e /home/snegovick/dev/arm/usr/bin/../lib/gcc/arm-elf/4.0.2/../../../../arm-elf/lib/thumb/interwork/libc.a(locale.o)
 .debug_line    0x0000000000001fbc      0x17f /home/snegovick/dev/arm/usr/bin/../lib/gcc/arm-elf/4.0.2/../../../../arm-elf/lib/thumb/interwork/libc.a(makebuf.o)
 .debug_line    0x000000000000213b      0x24f /home/snegovick/dev/arm/usr/bin/../lib/gcc/arm-elf/4.0.2/../../../../arm-elf/lib/thumb/interwork/libc.a(mallocr.o)
 .debug_line    0x000000000000238a       0xe5 /home/snegovick/dev/arm/usr/bin/../lib/gcc/arm-elf/4.0.2/../../../../arm-elf/lib/thumb/interwork/libc.a(memchr.o)
 .debug_line    0x000000000000246f       0xd9 /home/snegovick/dev/arm/usr/bin/../lib/gcc/arm-elf/4.0.2/../../../../arm-elf/lib/thumb/interwork/libc.a(memmove.o)
 .debug_line    0x0000000000002548      0x107 /home/snegovick/dev/arm/usr/bin/../lib/gcc/arm-elf/4.0.2/../../../../arm-elf/lib/thumb/interwork/libc.a(mlock.o)
 .debug_line    0x000000000000264f      0x3ba /home/snegovick/dev/arm/usr/bin/../lib/gcc/arm-elf/4.0.2/../../../../arm-elf/lib/thumb/interwork/libc.a(mprec.o)
 .debug_line    0x0000000000002a09      0x1ae /home/snegovick/dev/arm/usr/bin/../lib/gcc/arm-elf/4.0.2/../../../../arm-elf/lib/thumb/interwork/libc.a(reallocr.o)
 .debug_line    0x0000000000002bb7      0x10a /home/snegovick/dev/arm/usr/bin/../lib/gcc/arm-elf/4.0.2/../../../../arm-elf/lib/thumb/interwork/libc.a(sbrkr.o)
 .debug_line    0x0000000000002cc1       0xb0 /home/snegovick/dev/arm/usr/bin/../lib/gcc/arm-elf/4.0.2/../../../../arm-elf/lib/thumb/interwork/libc.a(s_isinf.o)
 .debug_line    0x0000000000002d71       0xb0 /home/snegovick/dev/arm/usr/bin/../lib/gcc/arm-elf/4.0.2/../../../../arm-elf/lib/thumb/interwork/libc.a(s_isnan.o)
 .debug_line    0x0000000000002e21      0x170 /home/snegovick/dev/arm/usr/bin/../lib/gcc/arm-elf/4.0.2/../../../../arm-elf/lib/thumb/interwork/libc.a(stdio.o)
 .debug_line    0x0000000000002f91       0x88 /home/snegovick/dev/arm/usr/bin/../lib/gcc/arm-elf/4.0.2/../../../../arm-elf/lib/thumb/interwork/libc.a(strcmp.o)
 .debug_line    0x0000000000003019       0xba /home/snegovick/dev/arm/usr/bin/../lib/gcc/arm-elf/4.0.2/../../../../arm-elf/lib/thumb/interwork/libc.a(strlen.o)
 .debug_line    0x00000000000030d3      0x2ca /home/snegovick/dev/arm/usr/bin/../lib/gcc/arm-elf/4.0.2/../../../../arm-elf/lib/thumb/interwork/libc.a(syscalls.o)
 .debug_line    0x000000000000339d      0x10b /home/snegovick/dev/arm/usr/bin/../lib/gcc/arm-elf/4.0.2/../../../../arm-elf/lib/thumb/interwork/libc.a(writer.o)
 .debug_line    0x00000000000034a8      0x110 /home/snegovick/dev/arm/usr/bin/../lib/gcc/arm-elf/4.0.2/../../../../arm-elf/lib/thumb/interwork/libc.a(callocr.o)
 .debug_line    0x00000000000035b8      0x10b /home/snegovick/dev/arm/usr/bin/../lib/gcc/arm-elf/4.0.2/../../../../arm-elf/lib/thumb/interwork/libc.a(closer.o)
 .debug_line    0x00000000000036c3      0x104 /home/snegovick/dev/arm/usr/bin/../lib/gcc/arm-elf/4.0.2/../../../../arm-elf/lib/thumb/interwork/libc.a(errno.o)
 .debug_line    0x00000000000037c7      0x161 /home/snegovick/dev/arm/usr/bin/../lib/gcc/arm-elf/4.0.2/../../../../arm-elf/lib/thumb/interwork/libc.a(fclose.o)
 .debug_line    0x0000000000003928      0x15b /home/snegovick/dev/arm/usr/bin/../lib/gcc/arm-elf/4.0.2/../../../../arm-elf/lib/thumb/interwork/libc.a(fstatr.o)
 .debug_line    0x0000000000003a83      0x10b /home/snegovick/dev/arm/usr/bin/../lib/gcc/arm-elf/4.0.2/../../../../arm-elf/lib/thumb/interwork/libc.a(lseekr.o)
 .debug_line    0x0000000000003b8e      0x10a /home/snegovick/dev/arm/usr/bin/../lib/gcc/arm-elf/4.0.2/../../../../arm-elf/lib/thumb/interwork/libc.a(readr.o)
 .debug_line    0x0000000000003c98      0x13c /home/snegovick/dev/arm/usr/bin/../lib/gcc/arm-elf/4.0.2/../../../../arm-elf/lib/thumb/interwork/libc.a(reent.o)
 .debug_line    0x0000000000003dd4       0x7c /home/snegovick/dev/arm/usr/bin/../lib/gcc/arm-elf/4.0.2/thumb/interwork/libgcc.a(_divsi3.o)
 .debug_line    0x0000000000003e50       0x68 /home/snegovick/dev/arm/usr/bin/../lib/gcc/arm-elf/4.0.2/thumb/interwork/libgcc.a(_umodsi3.o)
 .debug_line    0x0000000000003eb8       0x71 /home/snegovick/dev/arm/usr/bin/../lib/gcc/arm-elf/4.0.2/thumb/interwork/libgcc.a(_modsi3.o)
 .debug_line    0x0000000000003f29      0x162 /home/snegovick/dev/arm/usr/bin/../lib/gcc/arm-elf/4.0.2/thumb/interwork/libgcc.a(_addsubdf3.o)
 .debug_line    0x000000000000408b      0x177 /home/snegovick/dev/arm/usr/bin/../lib/gcc/arm-elf/4.0.2/thumb/interwork/libgcc.a(_muldivdf3.o)
 .debug_line    0x0000000000004202       0xa4 /home/snegovick/dev/arm/usr/bin/../lib/gcc/arm-elf/4.0.2/thumb/interwork/libgcc.a(_cmpdf2.o)
 .debug_line    0x00000000000042a6       0x6f /home/snegovick/dev/arm/usr/bin/../lib/gcc/arm-elf/4.0.2/thumb/interwork/libgcc.a(_fixdfsi.o)

.debug_info     0x0000000000000000    0x1698d
 .debug_info    0x0000000000000000       0x71 /home/snegovick/dev/arm/usr/bin/../lib/gcc/arm-elf/4.0.2/thumb/interwork/libgcc.a(_udivsi3.o)
 .debug_info    0x0000000000000071       0x71 /home/snegovick/dev/arm/usr/bin/../lib/gcc/arm-elf/4.0.2/thumb/interwork/libgcc.a(_dvmd_tls.o)
 .debug_info    0x00000000000000e2      0x10d /home/snegovick/dev/arm/usr/bin/../lib/gcc/arm-elf/4.0.2/../../../../arm-elf/lib/thumb/interwork/libc.a(memcpy.o)
 .debug_info    0x00000000000001ef      0x111 /home/snegovick/dev/arm/usr/bin/../lib/gcc/arm-elf/4.0.2/../../../../arm-elf/lib/thumb/interwork/libc.a(memset.o)
 .debug_info    0x0000000000000300      0xa00 /home/snegovick/dev/arm/usr/bin/../lib/gcc/arm-elf/4.0.2/../../../../arm-elf/lib/thumb/interwork/libc.a(sprintf.o)
 .debug_info    0x0000000000000d00       0xe5 /home/snegovick/dev/arm/usr/bin/../lib/gcc/arm-elf/4.0.2/../../../../arm-elf/lib/thumb/interwork/libc.a(strcat.o)
 .debug_info    0x0000000000000de5      0x10c /home/snegovick/dev/arm/usr/bin/../lib/gcc/arm-elf/4.0.2/../../../../arm-elf/lib/thumb/interwork/libc.a(strcpy.o)
 .debug_info    0x0000000000000ef1      0x126 /home/snegovick/dev/arm/usr/bin/../lib/gcc/arm-elf/4.0.2/../../../../arm-elf/lib/thumb/interwork/libc.a(strncpy.o)
 .debug_info    0x0000000000001017     0x10f2 /home/snegovick/dev/arm/usr/bin/../lib/gcc/arm-elf/4.0.2/../../../../arm-elf/lib/thumb/interwork/libc.a(vfprintf.o)
 .debug_info    0x0000000000002109      0x9ee /home/snegovick/dev/arm/usr/bin/../lib/gcc/arm-elf/4.0.2/../../../../arm-elf/lib/thumb/interwork/libc.a(wcrtomb.o)
 .debug_info    0x0000000000002af7      0xa84 /home/snegovick/dev/arm/usr/bin/../lib/gcc/arm-elf/4.0.2/../../../../arm-elf/lib/thumb/interwork/libc.a(wcsrtombs.o)
 .debug_info    0x000000000000357b      0x9f6 /home/snegovick/dev/arm/usr/bin/../lib/gcc/arm-elf/4.0.2/../../../../arm-elf/lib/thumb/interwork/libc.a(wctomb_r.o)
 .debug_info    0x0000000000003f71      0x939 /home/snegovick/dev/arm/usr/bin/../lib/gcc/arm-elf/4.0.2/../../../../arm-elf/lib/thumb/interwork/libc.a(wsetup.o)
 .debug_info    0x00000000000048aa      0xd65 /home/snegovick/dev/arm/usr/bin/../lib/gcc/arm-elf/4.0.2/../../../../arm-elf/lib/thumb/interwork/libc.a(dtoa.o)
 .debug_info    0x000000000000560f      0x973 /home/snegovick/dev/arm/usr/bin/../lib/gcc/arm-elf/4.0.2/../../../../arm-elf/lib/thumb/interwork/libc.a(fflush.o)
 .debug_info    0x0000000000005f82      0xb67 /home/snegovick/dev/arm/usr/bin/../lib/gcc/arm-elf/4.0.2/../../../../arm-elf/lib/thumb/interwork/libc.a(findfp.o)
 .debug_info    0x0000000000006ae9      0xbb3 /home/snegovick/dev/arm/usr/bin/../lib/gcc/arm-elf/4.0.2/../../../../arm-elf/lib/thumb/interwork/libc.a(freer.o)
 .debug_info    0x000000000000769c      0xa63 /home/snegovick/dev/arm/usr/bin/../lib/gcc/arm-elf/4.0.2/../../../../arm-elf/lib/thumb/interwork/libc.a(fvwrite.o)
 .debug_info    0x00000000000080ff      0xadb /home/snegovick/dev/arm/usr/bin/../lib/gcc/arm-elf/4.0.2/../../../../arm-elf/lib/thumb/interwork/libc.a(fwalk.o)
 .debug_info    0x0000000000008bda      0x922 /home/snegovick/dev/arm/usr/bin/../lib/gcc/arm-elf/4.0.2/../../../../arm-elf/lib/thumb/interwork/libc.a(impure.o)
 .debug_info    0x00000000000094fc      0xb7c /home/snegovick/dev/arm/usr/bin/../lib/gcc/arm-elf/4.0.2/../../../../arm-elf/lib/thumb/interwork/libc.a(locale.o)
 .debug_info    0x000000000000a078      0xad8 /home/snegovick/dev/arm/usr/bin/../lib/gcc/arm-elf/4.0.2/../../../../arm-elf/lib/thumb/interwork/libc.a(makebuf.o)
 .debug_info    0x000000000000ab50      0xcbd /home/snegovick/dev/arm/usr/bin/../lib/gcc/arm-elf/4.0.2/../../../../arm-elf/lib/thumb/interwork/libc.a(mallocr.o)
 .debug_info    0x000000000000b80d      0x136 /home/snegovick/dev/arm/usr/bin/../lib/gcc/arm-elf/4.0.2/../../../../arm-elf/lib/thumb/interwork/libc.a(memchr.o)
 .debug_info    0x000000000000b943      0x13e /home/snegovick/dev/arm/usr/bin/../lib/gcc/arm-elf/4.0.2/../../../../arm-elf/lib/thumb/interwork/libc.a(memmove.o)
 .debug_info    0x000000000000ba81      0x93e /home/snegovick/dev/arm/usr/bin/../lib/gcc/arm-elf/4.0.2/../../../../arm-elf/lib/thumb/interwork/libc.a(mlock.o)
 .debug_info    0x000000000000c3bf     0x1332 /home/snegovick/dev/arm/usr/bin/../lib/gcc/arm-elf/4.0.2/../../../../arm-elf/lib/thumb/interwork/libc.a(mprec.o)
 .debug_info    0x000000000000d6f1      0xbc3 /home/snegovick/dev/arm/usr/bin/../lib/gcc/arm-elf/4.0.2/../../../../arm-elf/lib/thumb/interwork/libc.a(reallocr.o)
 .debug_info    0x000000000000e2b4      0x951 /home/snegovick/dev/arm/usr/bin/../lib/gcc/arm-elf/4.0.2/../../../../arm-elf/lib/thumb/interwork/libc.a(sbrkr.o)
 .debug_info    0x000000000000ec05       0xd8 /home/snegovick/dev/arm/usr/bin/../lib/gcc/arm-elf/4.0.2/../../../../arm-elf/lib/thumb/interwork/libc.a(s_isinf.o)
 .debug_info    0x000000000000ecdd       0xd6 /home/snegovick/dev/arm/usr/bin/../lib/gcc/arm-elf/4.0.2/../../../../arm-elf/lib/thumb/interwork/libc.a(s_isnan.o)
 .debug_info    0x000000000000edb3      0xa70 /home/snegovick/dev/arm/usr/bin/../lib/gcc/arm-elf/4.0.2/../../../../arm-elf/lib/thumb/interwork/libc.a(stdio.o)
 .debug_info    0x000000000000f823       0xd9 /home/snegovick/dev/arm/usr/bin/../lib/gcc/arm-elf/4.0.2/../../../../arm-elf/lib/thumb/interwork/libc.a(strcmp.o)
 .debug_info    0x000000000000f8fc       0xd5 /home/snegovick/dev/arm/usr/bin/../lib/gcc/arm-elf/4.0.2/../../../../arm-elf/lib/thumb/interwork/libc.a(strlen.o)
 .debug_info    0x000000000000f9d1     0x15b0 /home/snegovick/dev/arm/usr/bin/../lib/gcc/arm-elf/4.0.2/../../../../arm-elf/lib/thumb/interwork/libc.a(syscalls.o)
 .debug_info    0x0000000000010f81      0x980 /home/snegovick/dev/arm/usr/bin/../lib/gcc/arm-elf/4.0.2/../../../../arm-elf/lib/thumb/interwork/libc.a(writer.o)
 .debug_info    0x0000000000011901      0xa02 /home/snegovick/dev/arm/usr/bin/../lib/gcc/arm-elf/4.0.2/../../../../arm-elf/lib/thumb/interwork/libc.a(callocr.o)
 .debug_info    0x0000000000012303      0x945 /home/snegovick/dev/arm/usr/bin/../lib/gcc/arm-elf/4.0.2/../../../../arm-elf/lib/thumb/interwork/libc.a(closer.o)
 .debug_info    0x0000000000012c48      0x914 /home/snegovick/dev/arm/usr/bin/../lib/gcc/arm-elf/4.0.2/../../../../arm-elf/lib/thumb/interwork/libc.a(errno.o)
 .debug_info    0x000000000001355c      0x980 /home/snegovick/dev/arm/usr/bin/../lib/gcc/arm-elf/4.0.2/../../../../arm-elf/lib/thumb/interwork/libc.a(fclose.o)
 .debug_info    0x0000000000013edc      0xabd /home/snegovick/dev/arm/usr/bin/../lib/gcc/arm-elf/4.0.2/../../../../arm-elf/lib/thumb/interwork/libc.a(fstatr.o)
 .debug_info    0x0000000000014999      0x96a /home/snegovick/dev/arm/usr/bin/../lib/gcc/arm-elf/4.0.2/../../../../arm-elf/lib/thumb/interwork/libc.a(lseekr.o)
 .debug_info    0x0000000000015303      0x979 /home/snegovick/dev/arm/usr/bin/../lib/gcc/arm-elf/4.0.2/../../../../arm-elf/lib/thumb/interwork/libc.a(readr.o)
 .debug_info    0x0000000000015c7c      0x9fe /home/snegovick/dev/arm/usr/bin/../lib/gcc/arm-elf/4.0.2/../../../../arm-elf/lib/thumb/interwork/libc.a(reent.o)
 .debug_info    0x000000000001667a       0x71 /home/snegovick/dev/arm/usr/bin/../lib/gcc/arm-elf/4.0.2/thumb/interwork/libgcc.a(_divsi3.o)
 .debug_info    0x00000000000166eb       0x71 /home/snegovick/dev/arm/usr/bin/../lib/gcc/arm-elf/4.0.2/thumb/interwork/libgcc.a(_umodsi3.o)
 .debug_info    0x000000000001675c       0x71 /home/snegovick/dev/arm/usr/bin/../lib/gcc/arm-elf/4.0.2/thumb/interwork/libgcc.a(_modsi3.o)
 .debug_info    0x00000000000167cd       0x70 /home/snegovick/dev/arm/usr/bin/../lib/gcc/arm-elf/4.0.2/thumb/interwork/libgcc.a(_addsubdf3.o)
 .debug_info    0x000000000001683d       0x70 /home/snegovick/dev/arm/usr/bin/../lib/gcc/arm-elf/4.0.2/thumb/interwork/libgcc.a(_muldivdf3.o)
 .debug_info    0x00000000000168ad       0x70 /home/snegovick/dev/arm/usr/bin/../lib/gcc/arm-elf/4.0.2/thumb/interwork/libgcc.a(_cmpdf2.o)
 .debug_info    0x000000000001691d       0x70 /home/snegovick/dev/arm/usr/bin/../lib/gcc/arm-elf/4.0.2/thumb/interwork/libgcc.a(_fixdfsi.o)

.debug_abbrev   0x0000000000000000     0x3e98
 .debug_abbrev  0x0000000000000000       0x14 /home/snegovick/dev/arm/usr/bin/../lib/gcc/arm-elf/4.0.2/thumb/interwork/libgcc.a(_udivsi3.o)
 .debug_abbrev  0x0000000000000014       0x14 /home/snegovick/dev/arm/usr/bin/../lib/gcc/arm-elf/4.0.2/thumb/interwork/libgcc.a(_dvmd_tls.o)
 .debug_abbrev  0x0000000000000028       0x99 /home/snegovick/dev/arm/usr/bin/../lib/gcc/arm-elf/4.0.2/../../../../arm-elf/lib/thumb/interwork/libc.a(memcpy.o)
 .debug_abbrev  0x00000000000000c1       0x9a /home/snegovick/dev/arm/usr/bin/../lib/gcc/arm-elf/4.0.2/../../../../arm-elf/lib/thumb/interwork/libc.a(memset.o)
 .debug_abbrev  0x000000000000015b      0x193 /home/snegovick/dev/arm/usr/bin/../lib/gcc/arm-elf/4.0.2/../../../../arm-elf/lib/thumb/interwork/libc.a(sprintf.o)
 .debug_abbrev  0x00000000000002ee       0x87 /home/snegovick/dev/arm/usr/bin/../lib/gcc/arm-elf/4.0.2/../../../../arm-elf/lib/thumb/interwork/libc.a(strcat.o)
 .debug_abbrev  0x0000000000000375       0x80 /home/snegovick/dev/arm/usr/bin/../lib/gcc/arm-elf/4.0.2/../../../../arm-elf/lib/thumb/interwork/libc.a(strcpy.o)
 .debug_abbrev  0x00000000000003f5       0x8d /home/snegovick/dev/arm/usr/bin/../lib/gcc/arm-elf/4.0.2/../../../../arm-elf/lib/thumb/interwork/libc.a(strncpy.o)
 .debug_abbrev  0x0000000000000482      0x35d /home/snegovick/dev/arm/usr/bin/../lib/gcc/arm-elf/4.0.2/../../../../arm-elf/lib/thumb/interwork/libc.a(vfprintf.o)
 .debug_abbrev  0x00000000000007df      0x1a7 /home/snegovick/dev/arm/usr/bin/../lib/gcc/arm-elf/4.0.2/../../../../arm-elf/lib/thumb/interwork/libc.a(wcrtomb.o)
 .debug_abbrev  0x0000000000000986      0x1a4 /home/snegovick/dev/arm/usr/bin/../lib/gcc/arm-elf/4.0.2/../../../../arm-elf/lib/thumb/interwork/libc.a(wcsrtombs.o)
 .debug_abbrev  0x0000000000000b2a      0x1ab /home/snegovick/dev/arm/usr/bin/../lib/gcc/arm-elf/4.0.2/../../../../arm-elf/lib/thumb/interwork/libc.a(wctomb_r.o)
 .debug_abbrev  0x0000000000000cd5      0x170 /home/snegovick/dev/arm/usr/bin/../lib/gcc/arm-elf/4.0.2/../../../../arm-elf/lib/thumb/interwork/libc.a(wsetup.o)
 .debug_abbrev  0x0000000000000e45      0x232 /home/snegovick/dev/arm/usr/bin/../lib/gcc/arm-elf/4.0.2/../../../../arm-elf/lib/thumb/interwork/libc.a(dtoa.o)
 .debug_abbrev  0x0000000000001077      0x17f /home/snegovick/dev/arm/usr/bin/../lib/gcc/arm-elf/4.0.2/../../../../arm-elf/lib/thumb/interwork/libc.a(fflush.o)
 .debug_abbrev  0x00000000000011f6      0x235 /home/snegovick/dev/arm/usr/bin/../lib/gcc/arm-elf/4.0.2/../../../../arm-elf/lib/thumb/interwork/libc.a(findfp.o)
 .debug_abbrev  0x000000000000142b      0x1d9 /home/snegovick/dev/arm/usr/bin/../lib/gcc/arm-elf/4.0.2/../../../../arm-elf/lib/thumb/interwork/libc.a(freer.o)
 .debug_abbrev  0x0000000000001604      0x1b4 /home/snegovick/dev/arm/usr/bin/../lib/gcc/arm-elf/4.0.2/../../../../arm-elf/lib/thumb/interwork/libc.a(fvwrite.o)
 .debug_abbrev  0x00000000000017b8      0x1e1 /home/snegovick/dev/arm/usr/bin/../lib/gcc/arm-elf/4.0.2/../../../../arm-elf/lib/thumb/interwork/libc.a(fwalk.o)
 .debug_abbrev  0x0000000000001999      0x157 /home/snegovick/dev/arm/usr/bin/../lib/gcc/arm-elf/4.0.2/../../../../arm-elf/lib/thumb/interwork/libc.a(impure.o)
 .debug_abbrev  0x0000000000001af0      0x1de /home/snegovick/dev/arm/usr/bin/../lib/gcc/arm-elf/4.0.2/../../../../arm-elf/lib/thumb/interwork/libc.a(locale.o)
 .debug_abbrev  0x0000000000001cce      0x1a8 /home/snegovick/dev/arm/usr/bin/../lib/gcc/arm-elf/4.0.2/../../../../arm-elf/lib/thumb/interwork/libc.a(makebuf.o)
 .debug_abbrev  0x0000000000001e76      0x214 /home/snegovick/dev/arm/usr/bin/../lib/gcc/arm-elf/4.0.2/../../../../arm-elf/lib/thumb/interwork/libc.a(mallocr.o)
 .debug_abbrev  0x000000000000208a       0xa8 /home/snegovick/dev/arm/usr/bin/../lib/gcc/arm-elf/4.0.2/../../../../arm-elf/lib/thumb/interwork/libc.a(memchr.o)
 .debug_abbrev  0x0000000000002132       0x99 /home/snegovick/dev/arm/usr/bin/../lib/gcc/arm-elf/4.0.2/../../../../arm-elf/lib/thumb/interwork/libc.a(memmove.o)
 .debug_abbrev  0x00000000000021cb      0x16a /home/snegovick/dev/arm/usr/bin/../lib/gcc/arm-elf/4.0.2/../../../../arm-elf/lib/thumb/interwork/libc.a(mlock.o)
 .debug_abbrev  0x0000000000002335      0x249 /home/snegovick/dev/arm/usr/bin/../lib/gcc/arm-elf/4.0.2/../../../../arm-elf/lib/thumb/interwork/libc.a(mprec.o)
 .debug_abbrev  0x000000000000257e      0x1c3 /home/snegovick/dev/arm/usr/bin/../lib/gcc/arm-elf/4.0.2/../../../../arm-elf/lib/thumb/interwork/libc.a(reallocr.o)
 .debug_abbrev  0x0000000000002741      0x18e /home/snegovick/dev/arm/usr/bin/../lib/gcc/arm-elf/4.0.2/../../../../arm-elf/lib/thumb/interwork/libc.a(sbrkr.o)
 .debug_abbrev  0x00000000000028cf       0x79 /home/snegovick/dev/arm/usr/bin/../lib/gcc/arm-elf/4.0.2/../../../../arm-elf/lib/thumb/interwork/libc.a(s_isinf.o)
 .debug_abbrev  0x0000000000002948       0x79 /home/snegovick/dev/arm/usr/bin/../lib/gcc/arm-elf/4.0.2/../../../../arm-elf/lib/thumb/interwork/libc.a(s_isnan.o)
 .debug_abbrev  0x00000000000029c1      0x1aa /home/snegovick/dev/arm/usr/bin/../lib/gcc/arm-elf/4.0.2/../../../../arm-elf/lib/thumb/interwork/libc.a(stdio.o)
 .debug_abbrev  0x0000000000002b6b       0x71 /home/snegovick/dev/arm/usr/bin/../lib/gcc/arm-elf/4.0.2/../../../../arm-elf/lib/thumb/interwork/libc.a(strcmp.o)
 .debug_abbrev  0x0000000000002bdc       0x8b /home/snegovick/dev/arm/usr/bin/../lib/gcc/arm-elf/4.0.2/../../../../arm-elf/lib/thumb/interwork/libc.a(strlen.o)
 .debug_abbrev  0x0000000000002c67      0x395 /home/snegovick/dev/arm/usr/bin/../lib/gcc/arm-elf/4.0.2/../../../../arm-elf/lib/thumb/interwork/libc.a(syscalls.o)
 .debug_abbrev  0x0000000000002ffc      0x184 /home/snegovick/dev/arm/usr/bin/../lib/gcc/arm-elf/4.0.2/../../../../arm-elf/lib/thumb/interwork/libc.a(writer.o)
 .debug_abbrev  0x0000000000003180      0x1af /home/snegovick/dev/arm/usr/bin/../lib/gcc/arm-elf/4.0.2/../../../../arm-elf/lib/thumb/interwork/libc.a(callocr.o)
 .debug_abbrev  0x000000000000332f      0x17f /home/snegovick/dev/arm/usr/bin/../lib/gcc/arm-elf/4.0.2/../../../../arm-elf/lib/thumb/interwork/libc.a(closer.o)
 .debug_abbrev  0x00000000000034ae      0x15f /home/snegovick/dev/arm/usr/bin/../lib/gcc/arm-elf/4.0.2/../../../../arm-elf/lib/thumb/interwork/libc.a(errno.o)
 .debug_abbrev  0x000000000000360d      0x18e /home/snegovick/dev/arm/usr/bin/../lib/gcc/arm-elf/4.0.2/../../../../arm-elf/lib/thumb/interwork/libc.a(fclose.o)
 .debug_abbrev  0x000000000000379b      0x18e /home/snegovick/dev/arm/usr/bin/../lib/gcc/arm-elf/4.0.2/../../../../arm-elf/lib/thumb/interwork/libc.a(fstatr.o)
 .debug_abbrev  0x0000000000003929      0x18c /home/snegovick/dev/arm/usr/bin/../lib/gcc/arm-elf/4.0.2/../../../../arm-elf/lib/thumb/interwork/libc.a(lseekr.o)
 .debug_abbrev  0x0000000000003ab5      0x17f /home/snegovick/dev/arm/usr/bin/../lib/gcc/arm-elf/4.0.2/../../../../arm-elf/lib/thumb/interwork/libc.a(readr.o)
 .debug_abbrev  0x0000000000003c34      0x1d8 /home/snegovick/dev/arm/usr/bin/../lib/gcc/arm-elf/4.0.2/../../../../arm-elf/lib/thumb/interwork/libc.a(reent.o)
 .debug_abbrev  0x0000000000003e0c       0x14 /home/snegovick/dev/arm/usr/bin/../lib/gcc/arm-elf/4.0.2/thumb/interwork/libgcc.a(_divsi3.o)
 .debug_abbrev  0x0000000000003e20       0x14 /home/snegovick/dev/arm/usr/bin/../lib/gcc/arm-elf/4.0.2/thumb/interwork/libgcc.a(_umodsi3.o)
 .debug_abbrev  0x0000000000003e34       0x14 /home/snegovick/dev/arm/usr/bin/../lib/gcc/arm-elf/4.0.2/thumb/interwork/libgcc.a(_modsi3.o)
 .debug_abbrev  0x0000000000003e48       0x14 /home/snegovick/dev/arm/usr/bin/../lib/gcc/arm-elf/4.0.2/thumb/interwork/libgcc.a(_addsubdf3.o)
 .debug_abbrev  0x0000000000003e5c       0x14 /home/snegovick/dev/arm/usr/bin/../lib/gcc/arm-elf/4.0.2/thumb/interwork/libgcc.a(_muldivdf3.o)
 .debug_abbrev  0x0000000000003e70       0x14 /home/snegovick/dev/arm/usr/bin/../lib/gcc/arm-elf/4.0.2/thumb/interwork/libgcc.a(_cmpdf2.o)
 .debug_abbrev  0x0000000000003e84       0x14 /home/snegovick/dev/arm/usr/bin/../lib/gcc/arm-elf/4.0.2/thumb/interwork/libgcc.a(_fixdfsi.o)

.debug_aranges  0x0000000000000000      0x640
 .debug_aranges
                0x0000000000000000       0x20 /home/snegovick/dev/arm/usr/bin/../lib/gcc/arm-elf/4.0.2/thumb/interwork/libgcc.a(_udivsi3.o)
 .debug_aranges
                0x0000000000000020       0x20 /home/snegovick/dev/arm/usr/bin/../lib/gcc/arm-elf/4.0.2/thumb/interwork/libgcc.a(_dvmd_tls.o)
 .debug_aranges
                0x0000000000000040       0x20 /home/snegovick/dev/arm/usr/bin/../lib/gcc/arm-elf/4.0.2/../../../../arm-elf/lib/thumb/interwork/libc.a(memcpy.o)
 .debug_aranges
                0x0000000000000060       0x20 /home/snegovick/dev/arm/usr/bin/../lib/gcc/arm-elf/4.0.2/../../../../arm-elf/lib/thumb/interwork/libc.a(memset.o)
 .debug_aranges
                0x0000000000000080       0x20 /home/snegovick/dev/arm/usr/bin/../lib/gcc/arm-elf/4.0.2/../../../../arm-elf/lib/thumb/interwork/libc.a(sprintf.o)
 .debug_aranges
                0x00000000000000a0       0x20 /home/snegovick/dev/arm/usr/bin/../lib/gcc/arm-elf/4.0.2/../../../../arm-elf/lib/thumb/interwork/libc.a(strcat.o)
 .debug_aranges
                0x00000000000000c0       0x20 /home/snegovick/dev/arm/usr/bin/../lib/gcc/arm-elf/4.0.2/../../../../arm-elf/lib/thumb/interwork/libc.a(strcpy.o)
 .debug_aranges
                0x00000000000000e0       0x20 /home/snegovick/dev/arm/usr/bin/../lib/gcc/arm-elf/4.0.2/../../../../arm-elf/lib/thumb/interwork/libc.a(strncpy.o)
 .debug_aranges
                0x0000000000000100       0x20 /home/snegovick/dev/arm/usr/bin/../lib/gcc/arm-elf/4.0.2/../../../../arm-elf/lib/thumb/interwork/libc.a(vfprintf.o)
 .debug_aranges
                0x0000000000000120       0x20 /home/snegovick/dev/arm/usr/bin/../lib/gcc/arm-elf/4.0.2/../../../../arm-elf/lib/thumb/interwork/libc.a(wcrtomb.o)
 .debug_aranges
                0x0000000000000140       0x20 /home/snegovick/dev/arm/usr/bin/../lib/gcc/arm-elf/4.0.2/../../../../arm-elf/lib/thumb/interwork/libc.a(wcsrtombs.o)
 .debug_aranges
                0x0000000000000160       0x20 /home/snegovick/dev/arm/usr/bin/../lib/gcc/arm-elf/4.0.2/../../../../arm-elf/lib/thumb/interwork/libc.a(wctomb_r.o)
 .debug_aranges
                0x0000000000000180       0x20 /home/snegovick/dev/arm/usr/bin/../lib/gcc/arm-elf/4.0.2/../../../../arm-elf/lib/thumb/interwork/libc.a(wsetup.o)
 .debug_aranges
                0x00000000000001a0       0x20 /home/snegovick/dev/arm/usr/bin/../lib/gcc/arm-elf/4.0.2/../../../../arm-elf/lib/thumb/interwork/libc.a(dtoa.o)
 .debug_aranges
                0x00000000000001c0       0x20 /home/snegovick/dev/arm/usr/bin/../lib/gcc/arm-elf/4.0.2/../../../../arm-elf/lib/thumb/interwork/libc.a(fflush.o)
 .debug_aranges
                0x00000000000001e0       0x20 /home/snegovick/dev/arm/usr/bin/../lib/gcc/arm-elf/4.0.2/../../../../arm-elf/lib/thumb/interwork/libc.a(findfp.o)
 .debug_aranges
                0x0000000000000200       0x20 /home/snegovick/dev/arm/usr/bin/../lib/gcc/arm-elf/4.0.2/../../../../arm-elf/lib/thumb/interwork/libc.a(freer.o)
 .debug_aranges
                0x0000000000000220       0x20 /home/snegovick/dev/arm/usr/bin/../lib/gcc/arm-elf/4.0.2/../../../../arm-elf/lib/thumb/interwork/libc.a(fvwrite.o)
 .debug_aranges
                0x0000000000000240       0x20 /home/snegovick/dev/arm/usr/bin/../lib/gcc/arm-elf/4.0.2/../../../../arm-elf/lib/thumb/interwork/libc.a(fwalk.o)
 .debug_aranges
                0x0000000000000260       0x20 /home/snegovick/dev/arm/usr/bin/../lib/gcc/arm-elf/4.0.2/../../../../arm-elf/lib/thumb/interwork/libc.a(locale.o)
 .debug_aranges
                0x0000000000000280       0x20 /home/snegovick/dev/arm/usr/bin/../lib/gcc/arm-elf/4.0.2/../../../../arm-elf/lib/thumb/interwork/libc.a(makebuf.o)
 .debug_aranges
                0x00000000000002a0       0x20 /home/snegovick/dev/arm/usr/bin/../lib/gcc/arm-elf/4.0.2/../../../../arm-elf/lib/thumb/interwork/libc.a(mallocr.o)
 .debug_aranges
                0x00000000000002c0       0x20 /home/snegovick/dev/arm/usr/bin/../lib/gcc/arm-elf/4.0.2/../../../../arm-elf/lib/thumb/interwork/libc.a(memchr.o)
 .debug_aranges
                0x00000000000002e0       0x20 /home/snegovick/dev/arm/usr/bin/../lib/gcc/arm-elf/4.0.2/../../../../arm-elf/lib/thumb/interwork/libc.a(memmove.o)
 .debug_aranges
                0x0000000000000300       0x20 /home/snegovick/dev/arm/usr/bin/../lib/gcc/arm-elf/4.0.2/../../../../arm-elf/lib/thumb/interwork/libc.a(mlock.o)
 .debug_aranges
                0x0000000000000320       0x20 /home/snegovick/dev/arm/usr/bin/../lib/gcc/arm-elf/4.0.2/../../../../arm-elf/lib/thumb/interwork/libc.a(mprec.o)
 .debug_aranges
                0x0000000000000340       0x20 /home/snegovick/dev/arm/usr/bin/../lib/gcc/arm-elf/4.0.2/../../../../arm-elf/lib/thumb/interwork/libc.a(reallocr.o)
 .debug_aranges
                0x0000000000000360       0x20 /home/snegovick/dev/arm/usr/bin/../lib/gcc/arm-elf/4.0.2/../../../../arm-elf/lib/thumb/interwork/libc.a(sbrkr.o)
 .debug_aranges
                0x0000000000000380       0x20 /home/snegovick/dev/arm/usr/bin/../lib/gcc/arm-elf/4.0.2/../../../../arm-elf/lib/thumb/interwork/libc.a(s_isinf.o)
 .debug_aranges
                0x00000000000003a0       0x20 /home/snegovick/dev/arm/usr/bin/../lib/gcc/arm-elf/4.0.2/../../../../arm-elf/lib/thumb/interwork/libc.a(s_isnan.o)
 .debug_aranges
                0x00000000000003c0       0x20 /home/snegovick/dev/arm/usr/bin/../lib/gcc/arm-elf/4.0.2/../../../../arm-elf/lib/thumb/interwork/libc.a(stdio.o)
 .debug_aranges
                0x00000000000003e0       0x20 /home/snegovick/dev/arm/usr/bin/../lib/gcc/arm-elf/4.0.2/../../../../arm-elf/lib/thumb/interwork/libc.a(strcmp.o)
 .debug_aranges
                0x0000000000000400       0x20 /home/snegovick/dev/arm/usr/bin/../lib/gcc/arm-elf/4.0.2/../../../../arm-elf/lib/thumb/interwork/libc.a(strlen.o)
 .debug_aranges
                0x0000000000000420       0x20 /home/snegovick/dev/arm/usr/bin/../lib/gcc/arm-elf/4.0.2/../../../../arm-elf/lib/thumb/interwork/libc.a(syscalls.o)
 .debug_aranges
                0x0000000000000440       0x20 /home/snegovick/dev/arm/usr/bin/../lib/gcc/arm-elf/4.0.2/../../../../arm-elf/lib/thumb/interwork/libc.a(writer.o)
 .debug_aranges
                0x0000000000000460       0x20 /home/snegovick/dev/arm/usr/bin/../lib/gcc/arm-elf/4.0.2/../../../../arm-elf/lib/thumb/interwork/libc.a(callocr.o)
 .debug_aranges
                0x0000000000000480       0x20 /home/snegovick/dev/arm/usr/bin/../lib/gcc/arm-elf/4.0.2/../../../../arm-elf/lib/thumb/interwork/libc.a(closer.o)
 .debug_aranges
                0x00000000000004a0       0x20 /home/snegovick/dev/arm/usr/bin/../lib/gcc/arm-elf/4.0.2/../../../../arm-elf/lib/thumb/interwork/libc.a(errno.o)
 .debug_aranges
                0x00000000000004c0       0x20 /home/snegovick/dev/arm/usr/bin/../lib/gcc/arm-elf/4.0.2/../../../../arm-elf/lib/thumb/interwork/libc.a(fclose.o)
 .debug_aranges
                0x00000000000004e0       0x20 /home/snegovick/dev/arm/usr/bin/../lib/gcc/arm-elf/4.0.2/../../../../arm-elf/lib/thumb/interwork/libc.a(fstatr.o)
 .debug_aranges
                0x0000000000000500       0x20 /home/snegovick/dev/arm/usr/bin/../lib/gcc/arm-elf/4.0.2/../../../../arm-elf/lib/thumb/interwork/libc.a(lseekr.o)
 .debug_aranges
                0x0000000000000520       0x20 /home/snegovick/dev/arm/usr/bin/../lib/gcc/arm-elf/4.0.2/../../../../arm-elf/lib/thumb/interwork/libc.a(readr.o)
 .debug_aranges
                0x0000000000000540       0x20 /home/snegovick/dev/arm/usr/bin/../lib/gcc/arm-elf/4.0.2/../../../../arm-elf/lib/thumb/interwork/libc.a(reent.o)
 .debug_aranges
                0x0000000000000560       0x20 /home/snegovick/dev/arm/usr/bin/../lib/gcc/arm-elf/4.0.2/thumb/interwork/libgcc.a(_divsi3.o)
 .debug_aranges
                0x0000000000000580       0x20 /home/snegovick/dev/arm/usr/bin/../lib/gcc/arm-elf/4.0.2/thumb/interwork/libgcc.a(_umodsi3.o)
 .debug_aranges
                0x00000000000005a0       0x20 /home/snegovick/dev/arm/usr/bin/../lib/gcc/arm-elf/4.0.2/thumb/interwork/libgcc.a(_modsi3.o)
 .debug_aranges
                0x00000000000005c0       0x20 /home/snegovick/dev/arm/usr/bin/../lib/gcc/arm-elf/4.0.2/thumb/interwork/libgcc.a(_addsubdf3.o)
 .debug_aranges
                0x00000000000005e0       0x20 /home/snegovick/dev/arm/usr/bin/../lib/gcc/arm-elf/4.0.2/thumb/interwork/libgcc.a(_muldivdf3.o)
 .debug_aranges
                0x0000000000000600       0x20 /home/snegovick/dev/arm/usr/bin/../lib/gcc/arm-elf/4.0.2/thumb/interwork/libgcc.a(_cmpdf2.o)
 .debug_aranges
                0x0000000000000620       0x20 /home/snegovick/dev/arm/usr/bin/../lib/gcc/arm-elf/4.0.2/thumb/interwork/libgcc.a(_fixdfsi.o)

.debug_frame    0x0000000000000000      0xf4c
 .debug_frame   0x0000000000000000       0x2c /home/snegovick/dev/arm/usr/bin/../lib/gcc/arm-elf/4.0.2/../../../../arm-elf/lib/thumb/interwork/libc.a(memcpy.o)
 .debug_frame   0x000000000000002c       0x2c /home/snegovick/dev/arm/usr/bin/../lib/gcc/arm-elf/4.0.2/../../../../arm-elf/lib/thumb/interwork/libc.a(memset.o)
 .debug_frame   0x0000000000000058       0x50 /home/snegovick/dev/arm/usr/bin/../lib/gcc/arm-elf/4.0.2/../../../../arm-elf/lib/thumb/interwork/libc.a(sprintf.o)
 .debug_frame   0x00000000000000a8       0x2c /home/snegovick/dev/arm/usr/bin/../lib/gcc/arm-elf/4.0.2/../../../../arm-elf/lib/thumb/interwork/libc.a(strcat.o)
 .debug_frame   0x00000000000000d4       0x2c /home/snegovick/dev/arm/usr/bin/../lib/gcc/arm-elf/4.0.2/../../../../arm-elf/lib/thumb/interwork/libc.a(strcpy.o)
 .debug_frame   0x0000000000000100       0x30 /home/snegovick/dev/arm/usr/bin/../lib/gcc/arm-elf/4.0.2/../../../../arm-elf/lib/thumb/interwork/libc.a(strncpy.o)
 .debug_frame   0x0000000000000130       0x70 /home/snegovick/dev/arm/usr/bin/../lib/gcc/arm-elf/4.0.2/../../../../arm-elf/lib/thumb/interwork/libc.a(vfprintf.o)
 .debug_frame   0x00000000000001a0       0x48 /home/snegovick/dev/arm/usr/bin/../lib/gcc/arm-elf/4.0.2/../../../../arm-elf/lib/thumb/interwork/libc.a(wcrtomb.o)
 .debug_frame   0x00000000000001e8       0x5c /home/snegovick/dev/arm/usr/bin/../lib/gcc/arm-elf/4.0.2/../../../../arm-elf/lib/thumb/interwork/libc.a(wcsrtombs.o)
 .debug_frame   0x0000000000000244       0x30 /home/snegovick/dev/arm/usr/bin/../lib/gcc/arm-elf/4.0.2/../../../../arm-elf/lib/thumb/interwork/libc.a(wctomb_r.o)
 .debug_frame   0x0000000000000274       0x2c /home/snegovick/dev/arm/usr/bin/../lib/gcc/arm-elf/4.0.2/../../../../arm-elf/lib/thumb/interwork/libc.a(wsetup.o)
 .debug_frame   0x00000000000002a0       0x68 /home/snegovick/dev/arm/usr/bin/../lib/gcc/arm-elf/4.0.2/../../../../arm-elf/lib/thumb/interwork/libc.a(dtoa.o)
 .debug_frame   0x0000000000000308       0x2c /home/snegovick/dev/arm/usr/bin/../lib/gcc/arm-elf/4.0.2/../../../../arm-elf/lib/thumb/interwork/libc.a(fflush.o)
 .debug_frame   0x0000000000000334      0x134 /home/snegovick/dev/arm/usr/bin/../lib/gcc/arm-elf/4.0.2/../../../../arm-elf/lib/thumb/interwork/libc.a(findfp.o)
 .debug_frame   0x0000000000000468       0x54 /home/snegovick/dev/arm/usr/bin/../lib/gcc/arm-elf/4.0.2/../../../../arm-elf/lib/thumb/interwork/libc.a(freer.o)
 .debug_frame   0x00000000000004bc       0x3c /home/snegovick/dev/arm/usr/bin/../lib/gcc/arm-elf/4.0.2/../../../../arm-elf/lib/thumb/interwork/libc.a(fvwrite.o)
 .debug_frame   0x00000000000004f8       0x5c /home/snegovick/dev/arm/usr/bin/../lib/gcc/arm-elf/4.0.2/../../../../arm-elf/lib/thumb/interwork/libc.a(fwalk.o)
 .debug_frame   0x0000000000000554       0x7c /home/snegovick/dev/arm/usr/bin/../lib/gcc/arm-elf/4.0.2/../../../../arm-elf/lib/thumb/interwork/libc.a(locale.o)
 .debug_frame   0x00000000000005d0       0x30 /home/snegovick/dev/arm/usr/bin/../lib/gcc/arm-elf/4.0.2/../../../../arm-elf/lib/thumb/interwork/libc.a(makebuf.o)
 .debug_frame   0x0000000000000600       0x3c /home/snegovick/dev/arm/usr/bin/../lib/gcc/arm-elf/4.0.2/../../../../arm-elf/lib/thumb/interwork/libc.a(mallocr.o)
 .debug_frame   0x000000000000063c       0x30 /home/snegovick/dev/arm/usr/bin/../lib/gcc/arm-elf/4.0.2/../../../../arm-elf/lib/thumb/interwork/libc.a(memchr.o)
 .debug_frame   0x000000000000066c       0x30 /home/snegovick/dev/arm/usr/bin/../lib/gcc/arm-elf/4.0.2/../../../../arm-elf/lib/thumb/interwork/libc.a(memmove.o)
 .debug_frame   0x000000000000069c       0x30 /home/snegovick/dev/arm/usr/bin/../lib/gcc/arm-elf/4.0.2/../../../../arm-elf/lib/thumb/interwork/libc.a(mlock.o)
 .debug_frame   0x00000000000006cc      0x224 /home/snegovick/dev/arm/usr/bin/../lib/gcc/arm-elf/4.0.2/../../../../arm-elf/lib/thumb/interwork/libc.a(mprec.o)
 .debug_frame   0x00000000000008f0       0x3c /home/snegovick/dev/arm/usr/bin/../lib/gcc/arm-elf/4.0.2/../../../../arm-elf/lib/thumb/interwork/libc.a(reallocr.o)
 .debug_frame   0x000000000000092c       0x2c /home/snegovick/dev/arm/usr/bin/../lib/gcc/arm-elf/4.0.2/../../../../arm-elf/lib/thumb/interwork/libc.a(sbrkr.o)
 .debug_frame   0x0000000000000958       0x20 /home/snegovick/dev/arm/usr/bin/../lib/gcc/arm-elf/4.0.2/../../../../arm-elf/lib/thumb/interwork/libc.a(s_isinf.o)
 .debug_frame   0x0000000000000978       0x20 /home/snegovick/dev/arm/usr/bin/../lib/gcc/arm-elf/4.0.2/../../../../arm-elf/lib/thumb/interwork/libc.a(s_isnan.o)
 .debug_frame   0x0000000000000998       0x7c /home/snegovick/dev/arm/usr/bin/../lib/gcc/arm-elf/4.0.2/../../../../arm-elf/lib/thumb/interwork/libc.a(stdio.o)
 .debug_frame   0x0000000000000a14       0x2c /home/snegovick/dev/arm/usr/bin/../lib/gcc/arm-elf/4.0.2/../../../../arm-elf/lib/thumb/interwork/libc.a(strcmp.o)
 .debug_frame   0x0000000000000a40       0x2c /home/snegovick/dev/arm/usr/bin/../lib/gcc/arm-elf/4.0.2/../../../../arm-elf/lib/thumb/interwork/libc.a(strlen.o)
 .debug_frame   0x0000000000000a6c      0x30c /home/snegovick/dev/arm/usr/bin/../lib/gcc/arm-elf/4.0.2/../../../../arm-elf/lib/thumb/interwork/libc.a(syscalls.o)
 .debug_frame   0x0000000000000d78       0x2c /home/snegovick/dev/arm/usr/bin/../lib/gcc/arm-elf/4.0.2/../../../../arm-elf/lib/thumb/interwork/libc.a(writer.o)
 .debug_frame   0x0000000000000da4       0x28 /home/snegovick/dev/arm/usr/bin/../lib/gcc/arm-elf/4.0.2/../../../../arm-elf/lib/thumb/interwork/libc.a(callocr.o)
 .debug_frame   0x0000000000000dcc       0x2c /home/snegovick/dev/arm/usr/bin/../lib/gcc/arm-elf/4.0.2/../../../../arm-elf/lib/thumb/interwork/libc.a(closer.o)
 .debug_frame   0x0000000000000df8       0x20 /home/snegovick/dev/arm/usr/bin/../lib/gcc/arm-elf/4.0.2/../../../../arm-elf/lib/thumb/interwork/libc.a(errno.o)
 .debug_frame   0x0000000000000e18       0x44 /home/snegovick/dev/arm/usr/bin/../lib/gcc/arm-elf/4.0.2/../../../../arm-elf/lib/thumb/interwork/libc.a(fclose.o)
 .debug_frame   0x0000000000000e5c       0x2c /home/snegovick/dev/arm/usr/bin/../lib/gcc/arm-elf/4.0.2/../../../../arm-elf/lib/thumb/interwork/libc.a(fstatr.o)
 .debug_frame   0x0000000000000e88       0x2c /home/snegovick/dev/arm/usr/bin/../lib/gcc/arm-elf/4.0.2/../../../../arm-elf/lib/thumb/interwork/libc.a(lseekr.o)
 .debug_frame   0x0000000000000eb4       0x2c /home/snegovick/dev/arm/usr/bin/../lib/gcc/arm-elf/4.0.2/../../../../arm-elf/lib/thumb/interwork/libc.a(readr.o)
 .debug_frame   0x0000000000000ee0       0x6c /home/snegovick/dev/arm/usr/bin/../lib/gcc/arm-elf/4.0.2/../../../../arm-elf/lib/thumb/interwork/libc.a(reent.o)

.debug_loc      0x0000000000000000     0x9254
 .debug_loc     0x0000000000000000      0x127 /home/snegovick/dev/arm/usr/bin/../lib/gcc/arm-elf/4.0.2/../../../../arm-elf/lib/thumb/interwork/libc.a(memcpy.o)
 .debug_loc     0x0000000000000127      0x12a /home/snegovick/dev/arm/usr/bin/../lib/gcc/arm-elf/4.0.2/../../../../arm-elf/lib/thumb/interwork/libc.a(memset.o)
 .debug_loc     0x0000000000000251       0x95 /home/snegovick/dev/arm/usr/bin/../lib/gcc/arm-elf/4.0.2/../../../../arm-elf/lib/thumb/interwork/libc.a(sprintf.o)
 .debug_loc     0x00000000000002e6       0x65 /home/snegovick/dev/arm/usr/bin/../lib/gcc/arm-elf/4.0.2/../../../../arm-elf/lib/thumb/interwork/libc.a(strcat.o)
 .debug_loc     0x000000000000034b       0xb4 /home/snegovick/dev/arm/usr/bin/../lib/gcc/arm-elf/4.0.2/../../../../arm-elf/lib/thumb/interwork/libc.a(strcpy.o)
 .debug_loc     0x00000000000003ff      0x14b /home/snegovick/dev/arm/usr/bin/../lib/gcc/arm-elf/4.0.2/../../../../arm-elf/lib/thumb/interwork/libc.a(strncpy.o)
 .debug_loc     0x000000000000054a     0x20b6 /home/snegovick/dev/arm/usr/bin/../lib/gcc/arm-elf/4.0.2/../../../../arm-elf/lib/thumb/interwork/libc.a(vfprintf.o)
 .debug_loc     0x0000000000002600      0x149 /home/snegovick/dev/arm/usr/bin/../lib/gcc/arm-elf/4.0.2/../../../../arm-elf/lib/thumb/interwork/libc.a(wcrtomb.o)
 .debug_loc     0x0000000000002749      0x2db /home/snegovick/dev/arm/usr/bin/../lib/gcc/arm-elf/4.0.2/../../../../arm-elf/lib/thumb/interwork/libc.a(wcsrtombs.o)
 .debug_loc     0x0000000000002a24      0x208 /home/snegovick/dev/arm/usr/bin/../lib/gcc/arm-elf/4.0.2/../../../../arm-elf/lib/thumb/interwork/libc.a(wctomb_r.o)
 .debug_loc     0x0000000000002c2c       0x29 /home/snegovick/dev/arm/usr/bin/../lib/gcc/arm-elf/4.0.2/../../../../arm-elf/lib/thumb/interwork/libc.a(wsetup.o)
 .debug_loc     0x0000000000002c55     0x1cd7 /home/snegovick/dev/arm/usr/bin/../lib/gcc/arm-elf/4.0.2/../../../../arm-elf/lib/thumb/interwork/libc.a(dtoa.o)
 .debug_loc     0x000000000000492c       0xd0 /home/snegovick/dev/arm/usr/bin/../lib/gcc/arm-elf/4.0.2/../../../../arm-elf/lib/thumb/interwork/libc.a(fflush.o)
 .debug_loc     0x00000000000049fc      0x1a7 /home/snegovick/dev/arm/usr/bin/../lib/gcc/arm-elf/4.0.2/../../../../arm-elf/lib/thumb/interwork/libc.a(findfp.o)
 .debug_loc     0x0000000000004ba3      0x3cf /home/snegovick/dev/arm/usr/bin/../lib/gcc/arm-elf/4.0.2/../../../../arm-elf/lib/thumb/interwork/libc.a(freer.o)
 .debug_loc     0x0000000000004f72      0x305 /home/snegovick/dev/arm/usr/bin/../lib/gcc/arm-elf/4.0.2/../../../../arm-elf/lib/thumb/interwork/libc.a(fvwrite.o)
 .debug_loc     0x0000000000005277      0x173 /home/snegovick/dev/arm/usr/bin/../lib/gcc/arm-elf/4.0.2/../../../../arm-elf/lib/thumb/interwork/libc.a(fwalk.o)
 .debug_loc     0x00000000000053ea       0xe0 /home/snegovick/dev/arm/usr/bin/../lib/gcc/arm-elf/4.0.2/../../../../arm-elf/lib/thumb/interwork/libc.a(locale.o)
 .debug_loc     0x00000000000054ca       0xbe /home/snegovick/dev/arm/usr/bin/../lib/gcc/arm-elf/4.0.2/../../../../arm-elf/lib/thumb/interwork/libc.a(makebuf.o)
 .debug_loc     0x0000000000005588      0xaf9 /home/snegovick/dev/arm/usr/bin/../lib/gcc/arm-elf/4.0.2/../../../../arm-elf/lib/thumb/interwork/libc.a(mallocr.o)
 .debug_loc     0x0000000000006081      0x192 /home/snegovick/dev/arm/usr/bin/../lib/gcc/arm-elf/4.0.2/../../../../arm-elf/lib/thumb/interwork/libc.a(memchr.o)
 .debug_loc     0x0000000000006213      0x1cc /home/snegovick/dev/arm/usr/bin/../lib/gcc/arm-elf/4.0.2/../../../../arm-elf/lib/thumb/interwork/libc.a(memmove.o)
 .debug_loc     0x00000000000063df     0x13a9 /home/snegovick/dev/arm/usr/bin/../lib/gcc/arm-elf/4.0.2/../../../../arm-elf/lib/thumb/interwork/libc.a(mprec.o)
 .debug_loc     0x0000000000007788      0x911 /home/snegovick/dev/arm/usr/bin/../lib/gcc/arm-elf/4.0.2/../../../../arm-elf/lib/thumb/interwork/libc.a(reallocr.o)
 .debug_loc     0x0000000000008099       0x5a /home/snegovick/dev/arm/usr/bin/../lib/gcc/arm-elf/4.0.2/../../../../arm-elf/lib/thumb/interwork/libc.a(sbrkr.o)
 .debug_loc     0x00000000000080f3       0x36 /home/snegovick/dev/arm/usr/bin/../lib/gcc/arm-elf/4.0.2/../../../../arm-elf/lib/thumb/interwork/libc.a(s_isinf.o)
 .debug_loc     0x0000000000008129       0x18 /home/snegovick/dev/arm/usr/bin/../lib/gcc/arm-elf/4.0.2/../../../../arm-elf/lib/thumb/interwork/libc.a(s_isnan.o)
 .debug_loc     0x0000000000008141      0x189 /home/snegovick/dev/arm/usr/bin/../lib/gcc/arm-elf/4.0.2/../../../../arm-elf/lib/thumb/interwork/libc.a(stdio.o)
 .debug_loc     0x00000000000082ca       0x8e /home/snegovick/dev/arm/usr/bin/../lib/gcc/arm-elf/4.0.2/../../../../arm-elf/lib/thumb/interwork/libc.a(strcmp.o)
 .debug_loc     0x0000000000008358       0x3c /home/snegovick/dev/arm/usr/bin/../lib/gcc/arm-elf/4.0.2/../../../../arm-elf/lib/thumb/interwork/libc.a(strlen.o)
 .debug_loc     0x0000000000008394      0x931 /home/snegovick/dev/arm/usr/bin/../lib/gcc/arm-elf/4.0.2/../../../../arm-elf/lib/thumb/interwork/libc.a(syscalls.o)
 .debug_loc     0x0000000000008cc5       0x96 /home/snegovick/dev/arm/usr/bin/../lib/gcc/arm-elf/4.0.2/../../../../arm-elf/lib/thumb/interwork/libc.a(writer.o)
 .debug_loc     0x0000000000008d5b       0xf6 /home/snegovick/dev/arm/usr/bin/../lib/gcc/arm-elf/4.0.2/../../../../arm-elf/lib/thumb/interwork/libc.a(callocr.o)
 .debug_loc     0x0000000000008e51       0x5a /home/snegovick/dev/arm/usr/bin/../lib/gcc/arm-elf/4.0.2/../../../../arm-elf/lib/thumb/interwork/libc.a(closer.o)
 .debug_loc     0x0000000000008eab       0xa4 /home/snegovick/dev/arm/usr/bin/../lib/gcc/arm-elf/4.0.2/../../../../arm-elf/lib/thumb/interwork/libc.a(fclose.o)
 .debug_loc     0x0000000000008f4f       0x78 /home/snegovick/dev/arm/usr/bin/../lib/gcc/arm-elf/4.0.2/../../../../arm-elf/lib/thumb/interwork/libc.a(fstatr.o)
 .debug_loc     0x0000000000008fc7       0x78 /home/snegovick/dev/arm/usr/bin/../lib/gcc/arm-elf/4.0.2/../../../../arm-elf/lib/thumb/interwork/libc.a(lseekr.o)
 .debug_loc     0x000000000000903f       0x96 /home/snegovick/dev/arm/usr/bin/../lib/gcc/arm-elf/4.0.2/../../../../arm-elf/lib/thumb/interwork/libc.a(readr.o)
 .debug_loc     0x00000000000090d5      0x17f /home/snegovick/dev/arm/usr/bin/../lib/gcc/arm-elf/4.0.2/../../../../arm-elf/lib/thumb/interwork/libc.a(reent.o)

.debug_pubnames
                0x0000000000000000      0xa26
 .debug_pubnames
                0x0000000000000000       0x1d /home/snegovick/dev/arm/usr/bin/../lib/gcc/arm-elf/4.0.2/../../../../arm-elf/lib/thumb/interwork/libc.a(memcpy.o)
 .debug_pubnames
                0x000000000000001d       0x1d /home/snegovick/dev/arm/usr/bin/../lib/gcc/arm-elf/4.0.2/../../../../arm-elf/lib/thumb/interwork/libc.a(memset.o)
 .debug_pubnames
                0x000000000000003a       0x2d /home/snegovick/dev/arm/usr/bin/../lib/gcc/arm-elf/4.0.2/../../../../arm-elf/lib/thumb/interwork/libc.a(sprintf.o)
 .debug_pubnames
                0x0000000000000067       0x1d /home/snegovick/dev/arm/usr/bin/../lib/gcc/arm-elf/4.0.2/../../../../arm-elf/lib/thumb/interwork/libc.a(strcat.o)
 .debug_pubnames
                0x0000000000000084       0x1d /home/snegovick/dev/arm/usr/bin/../lib/gcc/arm-elf/4.0.2/../../../../arm-elf/lib/thumb/interwork/libc.a(strcpy.o)
 .debug_pubnames
                0x00000000000000a1       0x1e /home/snegovick/dev/arm/usr/bin/../lib/gcc/arm-elf/4.0.2/../../../../arm-elf/lib/thumb/interwork/libc.a(strncpy.o)
 .debug_pubnames
                0x00000000000000bf       0x2f /home/snegovick/dev/arm/usr/bin/../lib/gcc/arm-elf/4.0.2/../../../../arm-elf/lib/thumb/interwork/libc.a(vfprintf.o)
 .debug_pubnames
                0x00000000000000ee       0x2d /home/snegovick/dev/arm/usr/bin/../lib/gcc/arm-elf/4.0.2/../../../../arm-elf/lib/thumb/interwork/libc.a(wcrtomb.o)
 .debug_pubnames
                0x000000000000011b       0x31 /home/snegovick/dev/arm/usr/bin/../lib/gcc/arm-elf/4.0.2/../../../../arm-elf/lib/thumb/interwork/libc.a(wcsrtombs.o)
 .debug_pubnames
                0x000000000000014c       0x20 /home/snegovick/dev/arm/usr/bin/../lib/gcc/arm-elf/4.0.2/../../../../arm-elf/lib/thumb/interwork/libc.a(wctomb_r.o)
 .debug_pubnames
                0x000000000000016c       0x20 /home/snegovick/dev/arm/usr/bin/../lib/gcc/arm-elf/4.0.2/../../../../arm-elf/lib/thumb/interwork/libc.a(wsetup.o)
 .debug_pubnames
                0x000000000000018c       0x1e /home/snegovick/dev/arm/usr/bin/../lib/gcc/arm-elf/4.0.2/../../../../arm-elf/lib/thumb/interwork/libc.a(dtoa.o)
 .debug_pubnames