Archive member included because of file (symbol)

/home/snegovick/dev/arm/usr/bin/../lib/gcc/arm-elf/4.0.2/thumb/interwork/libgcc.a(_udivsi3.o)
                              adc/adc.o (__udivsi3)
/home/snegovick/dev/arm/usr/bin/../lib/gcc/arm-elf/4.0.2/thumb/interwork/libgcc.a(_modsi3.o)
                              main.o (__modsi3)
/home/snegovick/dev/arm/usr/bin/../lib/gcc/arm-elf/4.0.2/thumb/interwork/libgcc.a(_dvmd_tls.o)
                              /home/snegovick/dev/arm/usr/bin/../lib/gcc/arm-elf/4.0.2/thumb/interwork/libgcc.a(_udivsi3.o) (__div0)
/home/snegovick/dev/arm/usr/bin/../lib/gcc/arm-elf/4.0.2/../../../../arm-elf/lib/thumb/interwork/libc.a(memcpy.o)
                              ../../low_rtos/FreeRTOS/Source/queue.o (memcpy)
/home/snegovick/dev/arm/usr/bin/../lib/gcc/arm-elf/4.0.2/../../../../arm-elf/lib/thumb/interwork/libc.a(memset.o)
                              main.o (memset)
/home/snegovick/dev/arm/usr/bin/../lib/gcc/arm-elf/4.0.2/../../../../arm-elf/lib/thumb/interwork/libc.a(sprintf.o)
                              ../../low_rtos/FreeRTOS/Source/tasks.o (sprintf)
/home/snegovick/dev/arm/usr/bin/../lib/gcc/arm-elf/4.0.2/../../../../arm-elf/lib/thumb/interwork/libc.a(strcat.o)
                              ../../low_rtos/FreeRTOS/Source/tasks.o (strcat)
/home/snegovick/dev/arm/usr/bin/../lib/gcc/arm-elf/4.0.2/../../../../arm-elf/lib/thumb/interwork/libc.a(strcpy.o)
                              /home/snegovick/dev/arm/usr/bin/../lib/gcc/arm-elf/4.0.2/../../../../arm-elf/lib/thumb/interwork/libc.a(strcat.o) (strcpy)
/home/snegovick/dev/arm/usr/bin/../lib/gcc/arm-elf/4.0.2/../../../../arm-elf/lib/thumb/interwork/libc.a(strncpy.o)
                              ../../low_rtos/FreeRTOS/Source/tasks.o (strncpy)
/home/snegovick/dev/arm/usr/bin/../lib/gcc/arm-elf/4.0.2/../../../../arm-elf/lib/thumb/interwork/libc.a(vfprintf.o)
                              /home/snegovick/dev/arm/usr/bin/../lib/gcc/arm-elf/4.0.2/../../../../arm-elf/lib/thumb/interwork/libc.a(sprintf.o) (_vfprintf_r)
/home/snegovick/dev/arm/usr/bin/../lib/gcc/arm-elf/4.0.2/../../../../arm-elf/lib/thumb/interwork/libc.a(wcrtomb.o)
                              /home/snegovick/dev/arm/usr/bin/../lib/gcc/arm-elf/4.0.2/../../../../arm-elf/lib/thumb/interwork/libc.a(vfprintf.o) (_wcrtomb_r)
/home/snegovick/dev/arm/usr/bin/../lib/gcc/arm-elf/4.0.2/../../../../arm-elf/lib/thumb/interwork/libc.a(wcsrtombs.o)
                              /home/snegovick/dev/arm/usr/bin/../lib/gcc/arm-elf/4.0.2/../../../../arm-elf/lib/thumb/interwork/libc.a(vfprintf.o) (_wcsrtombs_r)
/home/snegovick/dev/arm/usr/bin/../lib/gcc/arm-elf/4.0.2/../../../../arm-elf/lib/thumb/interwork/libc.a(wctomb_r.o)
                              /home/snegovick/dev/arm/usr/bin/../lib/gcc/arm-elf/4.0.2/../../../../arm-elf/lib/thumb/interwork/libc.a(wcrtomb.o) (_wctomb_r)
/home/snegovick/dev/arm/usr/bin/../lib/gcc/arm-elf/4.0.2/../../../../arm-elf/lib/thumb/interwork/libc.a(wsetup.o)
                              /home/snegovick/dev/arm/usr/bin/../lib/gcc/arm-elf/4.0.2/../../../../arm-elf/lib/thumb/interwork/libc.a(vfprintf.o) (__swsetup)
/home/snegovick/dev/arm/usr/bin/../lib/gcc/arm-elf/4.0.2/../../../../arm-elf/lib/thumb/interwork/libc.a(dtoa.o)
                              /home/snegovick/dev/arm/usr/bin/../lib/gcc/arm-elf/4.0.2/../../../../arm-elf/lib/thumb/interwork/libc.a(vfprintf.o) (_dtoa_r)
/home/snegovick/dev/arm/usr/bin/../lib/gcc/arm-elf/4.0.2/../../../../arm-elf/lib/thumb/interwork/libc.a(fflush.o)
                              /home/snegovick/dev/arm/usr/bin/../lib/gcc/arm-elf/4.0.2/../../../../arm-elf/lib/thumb/interwork/libc.a(vfprintf.o) (fflush)
/home/snegovick/dev/arm/usr/bin/../lib/gcc/arm-elf/4.0.2/../../../../arm-elf/lib/thumb/interwork/libc.a(findfp.o)
                              /home/snegovick/dev/arm/usr/bin/../lib/gcc/arm-elf/4.0.2/../../../../arm-elf/lib/thumb/interwork/libc.a(vfprintf.o) (__sinit)
/home/snegovick/dev/arm/usr/bin/../lib/gcc/arm-elf/4.0.2/../../../../arm-elf/lib/thumb/interwork/libc.a(freer.o)
                              /home/snegovick/dev/arm/usr/bin/../lib/gcc/arm-elf/4.0.2/../../../../arm-elf/lib/thumb/interwork/libc.a(vfprintf.o) (_free_r)
/home/snegovick/dev/arm/usr/bin/../lib/gcc/arm-elf/4.0.2/../../../../arm-elf/lib/thumb/interwork/libc.a(fvwrite.o)
                              /home/snegovick/dev/arm/usr/bin/../lib/gcc/arm-elf/4.0.2/../../../../arm-elf/lib/thumb/interwork/libc.a(vfprintf.o) (__sfvwrite)
/home/snegovick/dev/arm/usr/bin/../lib/gcc/arm-elf/4.0.2/../../../../arm-elf/lib/thumb/interwork/libc.a(fwalk.o)
                              /home/snegovick/dev/arm/usr/bin/../lib/gcc/arm-elf/4.0.2/../../../../arm-elf/lib/thumb/interwork/libc.a(fflush.o) (_fwalk)
/home/snegovick/dev/arm/usr/bin/../lib/gcc/arm-elf/4.0.2/../../../../arm-elf/lib/thumb/interwork/libc.a(impure.o)
[...]
Memory Configuration

Name             Origin             Length             Attributes
flash            0x0000000000100000 0x0000000000040000
ram              0x0000000000200000 0x0000000000010000
*default*        0x0000000000000000 0xffffffffffffffff

Linker script and memory map

LOAD ../../low_rtos/FreeRTOS/Source/portable/GCC/ARM7_AT91SAM7S/portISR.o
LOAD ./SrcAtmel/Cstartup_SAM7.o
LOAD USB/USBIsr.o
LOAD locator/locator_isr.o
LOAD main.o
LOAD ../../low_rtos/FreeRTOS/Source/list.o
LOAD ../../low_rtos/FreeRTOS/Source/queue.o
LOAD ../../low_rtos/FreeRTOS/Source/tasks.o
LOAD ../../low_rtos/FreeRTOS/Source/portable/GCC/ARM7_AT91SAM7S/port.o
LOAD ../../low_rtos/FreeRTOS/Source/portable/MemMang/heap_2.o
LOAD aic/aic.o
LOAD pio/pio.o
LOAD USB/USB-CDC.o
LOAD locator/locator_task.o
LOAD fft/fix_fft.o
LOAD adc/adc.o
LOAD locator/locator.o
LOAD /tmp/ccT8M2QT.o
LOAD /home/snegovick/dev/arm/usr/bin/../lib/gcc/arm-elf/4.0.2/thumb/interwork/libgcc.a
LOAD /home/snegovick/dev/arm/usr/bin/../lib/gcc/arm-elf/4.0.2/../../../../arm-elf/lib/thumb/interwork/libc.a
LOAD /home/snegovick/dev/arm/usr/bin/../lib/gcc/arm-elf/4.0.2/thumb/interwork/libgcc.a
                0x000000000020fffc                __stack_end__ = 0x20fffc
                0x0000000000000000                . = 0x0

startup         0x0000000000100000       0x44
 *(.startup)
 .startup       0x0000000000100000       0x44 /tmp/ccT8M2QT.o

prog            0x0000000000100044     0x9984
 *(.text)
 .text          0x0000000000100044      0x254 ../../low_rtos/FreeRTOS/Source/portable/GCC/ARM7_AT91SAM7S/portISR.o
                0x0000000000100134                vPreemptiveTick
                0x000000000010024c                vPortExitCritical
                0x0000000000100090                vPortYieldProcessor
                0x00000000001001f0                vPortDisableInterruptsFromThumb
                0x0000000000100044                vPortISRStartFirstTask
                0x0000000000100208                vPortEnableInterruptsFromThumb
                0x0000000000100220                vPortEnterCritical
 .text          0x0000000000100298       0xac ./SrcAtmel/Cstartup_SAM7.o
                0x0000000000100298                AT91F_LowLevelInit
 .text          0x0000000000100344      0x268 USB/USBIsr.o
                0x0000000000100344                vUSB_ISR_Handler
                0x0000000000100504                vUSB_ISR_Wrapper
 .text          0x00000000001005ac      0x178 locator/locator_isr.o
                0x00000000001005ac                vLOC_ISR_Handler
                0x000000000010067c                vLOC_ISR_Wrapper
 .text          0x0000000000100724       0xf8 main.o
                0x0000000000100724                main
                0x00000000001007c8                vApplicationIdleHook
 .text          0x000000000010081c       0xac ../../low_rtos/FreeRTOS/Source/list.o
                0x000000000010083c                vListInsertEnd
                0x00000000001008a4                vListRemove
                0x0000000000100834                vListInitialiseItem
                0x000000000010081c                vListInitialise
                0x0000000000100858                vListInsert
 .text          0x00000000001008c8      0x584 ../../low_rtos/FreeRTOS/Source/queue.o
                0x00000000001009d0                xQueueGenericSendFromISR
                0x00000000001008c8                xQueueCreate
                0x0000000000100950                vQueueDelete
                0x0000000000100c90                xQueueGenericSend
                0x0000000000100968                xQueueReceiveFromISR
                0x0000000000100b08                xQueueIsQueueFullFromISR
                0x0000000000100b1c                xQueueGenericReceive
                0x0000000000100934                uxQueueMessagesWaiting
                0x000000000010094c                uxQueueMessagesWaitingFromISR
                0x0000000000100afc                xQueueIsQueueEmptyFromISR
                0x0000000000100e04                xQueueCreateMutex
 .text          0x0000000000100e4c      0xbf0 ../../low_rtos/FreeRTOS/Source/tasks.o
                0x0000000000100e5c                uxTaskPriorityGet
                0x0000000000100e84                vTaskPrioritySet
                0x0000000000100f28                vTaskEndScheduler
                0x0000000000101170                vTaskPlaceOnEventList
                0x0000000000101070                ulTaskEndTrace
                0x000000000010100c                xTaskGetTickCount
                0x00000000001011c8                xTaskRemoveFromEventList
                0x0000000000101034                vTaskStartTrace
                0x0000000000101554                xTaskCheckForTimeOut
                0x0000000000100e4c                vTaskSuspendAll
                0x0000000000101508                vTaskPriorityDisinherit
                0x000000000010149c                vTaskPriorityInherit
                0x000000000010109c                vTaskSwitchContext
                0x0000000000101028                uxTaskGetNumberOfTasks
                0x0000000000100f40                vTaskIncrementTick
                0x0000000000101750                vTaskList
                0x00000000001019b0                vTaskDelayUntil
                0x0000000000101490                xTaskGetCurrentTaskHandle
                0x0000000000101474                usTaskCheckFreeStackSpace
                0x00000000001015ac                xTaskResumeAll
                0x000000000010142c                vTaskStartScheduler
                0x000000000010125c                vTaskMissedYield
                0x0000000000101280                xTaskCreate
                0x0000000000101948                vTaskDelay
                0x0000000000101244                vTaskSetTimeOutState
 .text          0x0000000000101a3c       0xec ../../low_rtos/FreeRTOS/Source/portable/GCC/ARM7_AT91SAM7S/port.o
                0x0000000000101ae0                xPortStartScheduler
                0x0000000000101b24                vPortEndScheduler
                0x0000000000101a3c                pxPortInitialiseStack
 .text          0x0000000000101b28       0xe8 ../../low_rtos/FreeRTOS/Source/portable/MemMang/heap_2.o
                0x0000000000101be0                vPortFree
                0x0000000000101b28                pvPortMalloc
 .text          0x0000000000101c10       0x54 aic/aic.o
                0x0000000000101c50                AIC_DisableIT
                0x0000000000101c3c                AIC_EnableIT
                0x0000000000101c10                AIC_ConfigureIT
 .text          0x0000000000101c64      0x170 pio/pio.o
                0x0000000000101d84                PIO_Get
                0x0000000000101c64                PIO_Configure
                0x0000000000101d7c                PIO_Clear
                0x0000000000101db0                PIO_GetOutputDataStatus
                0x0000000000101d74                PIO_Set
                0x0000000000101dcc                PIO_GetISR
 .text          0x0000000000101dd4      0x9a4 USB/USB-CDC.o
                0x0000000000101dd4                vUSBSendByte
                0x0000000000101efc                vUSBCDCTask
 .text          0x0000000000102778      0x178 locator/locator_task.o
                0x000000000010279c                loc_writecommand
                0x0000000000102778                vStartLocatorTask
                0x0000000000102868                vLocatorTask
 .text          0x00000000001028f0      0x34c fft/fix_fft.o
                0x000000000010290c                fix_fft
                0x00000000001028f0                FIX_MPY
                0x0000000000102bc4                fix_fftr
 .text          0x0000000000102c3c      0x1a4 adc/adc.o
                0x0000000000102c5c                ADC_StartConversion
                0x0000000000102c58                ADC_GetChannelStatus
                0x0000000000102c50                ADC_DisableChannel
                0x0000000000102c9c                ADC_EnableIt
                0x0000000000102c44                ADC_GetModeReg
                0x0000000000102c3c                ADC_SoftReset
                0x0000000000102cec                ADC_GetStatus
                0x0000000000102cf0                ADC_GetInterruptMaskStatus
                0x0000000000102d14                ADC_IsInterruptMasked
                0x0000000000102d1c                ADC_Initialize
                0x0000000000102cc8                ADC_DisableIt
                0x0000000000102cf4                ADC_IsChannelInterruptStatusSet
                0x0000000000102d0c                ADC_IsStatusSet
                0x0000000000102c68                ADC_GetConvertedData
                0x0000000000102c64                ADC_GetLastConvertedData
                0x0000000000102c48                ADC_EnableChannel
                0x0000000000102cc0                ADC_EnableDataReadyIt
 .text          0x0000000000102de0       0x18 locator/locator.o
                0x0000000000102de0                ConvHex2mV
 .text          0x0000000000102df8       0xd0 /tmp/ccT8M2QT.o
                0x0000000000102df8                start
                0x0000000000102ea8                endless_loop
 .text          0x0000000000102ec8       0x8c /home/snegovick/dev/arm/usr/bin/../lib/gcc/arm-elf/4.0.2/thumb/interwork/libgcc.a(_udivsi3.o)
                0x0000000000102ec8                __udivsi3
                0x0000000000102f44                __aeabi_uidivmod
 .text          0x0000000000102f54       0xd8 /home/snegovick/dev/arm/usr/bin/../lib/gcc/arm-elf/4.0.2/thumb/interwork/libgcc.a(_modsi3.o)
                0x0000000000102f54                __modsi3
 .text          0x000000000010302c        0x4 /home/snegovick/dev/arm/usr/bin/../lib/gcc/arm-elf/4.0.2/thumb/interwork/libgcc.a(_dvmd_tls.o)
                0x000000000010302c                __aeabi_ldiv0
                0x000000000010302c                __div0
                0x000000000010302c                __aeabi_idiv0
 .text          0x0000000000103030       0x68 /home/snegovick/dev/arm/usr/bin/../lib/gcc/arm-elf/4.0.2/../../../../arm-elf/lib/thumb/interwork/libc.a(memcpy.o)
                0x0000000000103030                memcpy
 .text          0x0000000000103098       0x68 /home/snegovick/dev/arm/usr/bin/../lib/gcc/arm-elf/4.0.2/../../../../arm-elf/lib/thumb/interwork/libc.a(memset.o)
                0x0000000000103098                memset
 .text          0x0000000000103100       0x84 /home/snegovick/dev/arm/usr/bin/../lib/gcc/arm-elf/4.0.2/../../../../arm-elf/lib/thumb/interwork/libc.a(sprintf.o)
                0x0000000000103100                _sprintf_r
                0x0000000000103140                sprintf
 .text          0x0000000000103184       0x50 /home/snegovick/dev/arm/usr/bin/../lib/gcc/arm-elf/4.0.2/../../../../arm-elf/lib/thumb/interwork/libc.a(strcat.o)
                0x0000000000103184                strcat
 .text          0x00000000001031d4       0x60 /home/snegovick/dev/arm/usr/bin/../lib/gcc/arm-elf/4.0.2/../../../../arm-elf/lib/thumb/interwork/libc.a(strcpy.o)
                0x00000000001031d4                strcpy
 .text          0x0000000000103234       0x84 /home/snegovick/dev/arm/usr/bin/../lib/gcc/arm-elf/4.0.2/../../../../arm-elf/lib/thumb/interwork/libc.a(strncpy.o)
                0x0000000000103234                strncpy
 .text          0x00000000001032b8     0x1900 /home/snegovick/dev/arm/usr/bin/../lib/gcc/arm-elf/4.0.2/../../../../arm-elf/lib/thumb/interwork/libc.a(vfprintf.o)
                0x00000000001032d8                _vfprintf_r
                0x0000000000104b98                vfprintf
 .text          0x0000000000104bb8       0x54 /home/snegovick/dev/arm/usr/bin/../lib/gcc/arm-elf/4.0.2/../../../../arm-elf/lib/thumb/interwork/libc.a(wcrtomb.o)
                0x0000000000104bb8                _wcrtomb_r
                0x0000000000104bec                wcrtomb
 .text          0x0000000000104c0c      0x100 /home/snegovick/dev/arm/usr/bin/../lib/gcc/arm-elf/4.0.2/../../../../arm-elf/lib/thumb/interwork/libc.a(wcsrtombs.o)
                0x0000000000104c0c                _wcsrtombs_r
                0x0000000000104ce4                wcsrtombs
 .text          0x0000000000104d0c      0x2a8 /home/snegovick/dev/arm/usr/bin/../lib/gcc/arm-elf/4.0.2/../../../../arm-elf/lib/thumb/interwork/libc.a(wctomb_r.o)
                0x0000000000104d0c                _wctomb_r
 .text          0x0000000000104fb4       0xa8 /home/snegovick/dev/arm/usr/bin/../lib/gcc/arm-elf/4.0.2/../../../../arm-elf/lib/thumb/interwork/libc.a(wsetup.o)
                0x0000000000104fb4                __swsetup
 .text          0x000000000010505c      0xf08 /home/snegovick/dev/arm/usr/bin/../lib/gcc/arm-elf/4.0.2/../../../../arm-elf/lib/thumb/interwork/libc.a(dtoa.o)
                0x00000000001051ac                _dtoa_r
 .text          0x0000000000105f64       0x90 /home/snegovick/dev/arm/usr/bin/../lib/gcc/arm-elf/4.0.2/../../../../arm-elf/lib/thumb/interwork/libc.a(fflush.o)
                0x0000000000105f64                fflush
 .text          0x0000000000105ff4      0x1c0 /home/snegovick/dev/arm/usr/bin/../lib/gcc/arm-elf/4.0.2/../../../../arm-elf/lib/thumb/interwork/libc.a(findfp.o)
                0x0000000000106094                __sinit
                0x000000000010602c                __sfmoreglue
                0x0000000000106078                _cleanup
                0x0000000000106068                _cleanup_r
                0x0000000000106184                __fp_lock_all
                0x0000000000106060                __sfp_lock_acquire
                0x00000000001060f0                __sfp
                0x0000000000106090                __sinit_lock_release
                0x000000000010619c                __fp_unlock_all
                0x0000000000106064                __sfp_lock_release
                0x000000000010608c                __sinit_lock_acquire
 .text          0x00000000001061b4      0x260 /home/snegovick/dev/arm/usr/bin/../lib/gcc/arm-elf/4.0.2/../../../../arm-elf/lib/thumb/interwork/libc.a(freer.o)
                0x0000000000106254                _free_r
                0x00000000001061b4                _malloc_trim_r
 .text          0x0000000000106414      0x2a8 /home/snegovick/dev/arm/usr/bin/../lib/gcc/arm-elf/4.0.2/../../../../arm-elf/lib/thumb/interwork/libc.a(fvwrite.o)
                0x0000000000106414                __sfvwrite
 .text          0x00000000001066bc       0xe0 /home/snegovick/dev/arm/usr/bin/../lib/gcc/arm-elf/4.0.2/../../../../arm-elf/lib/thumb/interwork/libc.a(fwalk.o)
                0x00000000001066bc                _fwalk
                0x0000000000106728                _fwalk_reent
 .text          0x000000000010679c       0x80 /home/snegovick/dev/arm/usr/bin/../lib/gcc/arm-elf/4.0.2/../../../../arm-elf/lib/thumb/interwork/libc.a(locale.o)
                0x000000000010679c                _setlocale_r
                0x00000000001067d8                __locale_charset
                0x00000000001067e4                _localeconv_r
                0x00000000001067ec                setlocale
                0x0000000000106808                localeconv
 .text          0x000000000010681c       0xe0 /home/snegovick/dev/arm/usr/bin/../lib/gcc/arm-elf/4.0.2/../../../../arm-elf/lib/thumb/interwork/libc.a(makebuf.o)
                0x000000000010681c                __smakebuf
 .text          0x00000000001068fc      0x548 /home/snegovick/dev/arm/usr/bin/../lib/gcc/arm-elf/4.0.2/../../../../arm-elf/lib/thumb/interwork/libc.a(mallocr.o)
                0x00000000001068fc                _malloc_r
 .text          0x0000000000106e44       0x90 /home/snegovick/dev/arm/usr/bin/../lib/gcc/arm-elf/4.0.2/../../../../arm-elf/lib/thumb/interwork/libc.a(memchr.o)
                0x0000000000106e44                memchr
 .text          0x0000000000106ed4       0x90 /home/snegovick/dev/arm/usr/bin/../lib/gcc/arm-elf/4.0.2/../../../../arm-elf/lib/thumb/interwork/libc.a(memmove.o)
                0x0000000000106ed4                memmove
 .text          0x0000000000106f64        0x8 /home/snegovick/dev/arm/usr/bin/../lib/gcc/arm-elf/4.0.2/../../../../arm-elf/lib/thumb/interwork/libc.a(mlock.o)
                0x0000000000106f68                __malloc_unlock
                0x0000000000106f64                __malloc_lock
 .text          0x0000000000106f6c      0x8f4 /home/snegovick/dev/arm/usr/bin/../lib/gcc/arm-elf/4.0.2/../../../../arm-elf/lib/thumb/interwork/libc.a(mprec.o)
                0x000000000010781c                _mprec_log10
                0x0000000000107118                _hi0bits
                0x0000000000106f6c                _Balloc
                0x00000000001076e0                _d2b
                0x00000000001071ec                _multiply
                0x00000000001077c8                _ratio
                0x0000000000107078                _s2b
                0x00000000001071d4                _i2b
                0x0000000000107168                _lo0bits
                0x000000000010748c                __mcmp
                0x0000000000107338                _pow5mult
                0x00000000001075c8                _ulp
                0x000000000010761c                _b2d
                0x0000000000106fdc                _multadd
                0x00000000001074d0                __mdiff
                0x00000000001073d8                _lshift
                0x0000000000106fc4                _Bfree
 .text          0x0000000000107860      0x3ac /home/snegovick/dev/arm/usr/bin/../lib/gcc/arm-elf/4.0.2/../../../../arm-elf/lib/thumb/interwork/libc.a(reallocr.o)
                0x0000000000107860                _realloc_r
 .text          0x0000000000107c0c       0x28 /home/snegovick/dev/arm/usr/bin/../lib/gcc/arm-elf/4.0.2/../../../../arm-elf/lib/thumb/interwork/libc.a(sbrkr.o)
                0x0000000000107c0c                _sbrk_r
 .text          0x0000000000107c34       0x24 /home/snegovick/dev/arm/usr/bin/../lib/gcc/arm-elf/4.0.2/../../../../arm-elf/lib/thumb/interwork/libc.a(s_isinf.o)
                0x0000000000107c34                isinf
 .text          0x0000000000107c58       0x1c /home/snegovick/dev/arm/usr/bin/../lib/gcc/arm-elf/4.0.2/../../../../arm-elf/lib/thumb/interwork/libc.a(s_isnan.o)
                0x0000000000107c58                isnan
 .text          0x0000000000107c74       0xe4 /home/snegovick/dev/arm/usr/bin/../lib/gcc/arm-elf/4.0.2/../../../../arm-elf/lib/thumb/interwork/libc.a(stdio.o)
                0x0000000000107cfc                __sseek
                0x0000000000107c74                __sread
                0x0000000000107d3c                __sclose
                0x0000000000107cb0                __swrite
 .text          0x0000000000107d58       0x88 /home/snegovick/dev/arm/usr/bin/../lib/gcc/arm-elf/4.0.2/../../../../arm-elf/lib/thumb/interwork/libc.a(strcmp.o)
                0x0000000000107d58                strcmp
 .text          0x0000000000107de0       0x48 /home/snegovick/dev/arm/usr/bin/../lib/gcc/arm-elf/4.0.2/../../../../arm-elf/lib/thumb/interwork/libc.a(strlen.o)
                0x0000000000107de0                strlen
 .text          0x0000000000107e28      0x504 /home/snegovick/dev/arm/usr/bin/../lib/gcc/arm-elf/4.0.2/../../../../arm-elf/lib/thumb/interwork/libc.a(syscalls.o)
                0x0000000000107e94                _getpid
                0x0000000000107f5c                initialise_monitor_handles
                0x0000000000107f2c                isatty
                0x0000000000107ed0                _fstat
                0x00000000001081e0                _open
                0x0000000000107e98                _sbrk
                0x0000000000107f04                _raise
                0x0000000000107f08                _times
                0x00000000001081f4                _stat
                0x0000000000108144                _lseek
                0x0000000000107ef4                _link
                0x0000000000108098                _swiwrite
                0x0000000000107f48                _rename
                0x000000000010800c                _swilseek
                0x00000000001080c0                _swiclose
                0x0000000000108154                _swiopen
                0x0000000000107efc                _unlink
                0x0000000000108230                _write
                0x00000000001082e4                _kill
                0x0000000000108300                _gettimeofday
                0x0000000000108280                _read
                0x00000000001082cc                _exit
                0x0000000000107f30                _system
                0x0000000000107fe4                _swiread
                0x0000000000108134                _close
 .text          0x000000000010832c       0x2c /home/snegovick/dev/arm/usr/bin/../lib/gcc/arm-elf/4.0.2/../../../../arm-elf/lib/thumb/interwork/libc.a(writer.o)
                0x000000000010832c                _write_r
 .text          0x0000000000108358       0x64 /home/snegovick/dev/arm/usr/bin/../lib/gcc/arm-elf/4.0.2/../../../../arm-elf/lib/thumb/interwork/libc.a(callocr.o)
                0x0000000000108358                _calloc_r
 .text          0x00000000001083bc       0x28 /home/snegovick/dev/arm/usr/bin/../lib/gcc/arm-elf/4.0.2/../../../../arm-elf/lib/thumb/interwork/libc.a(closer.o)
                0x00000000001083bc                _close_r
 .text          0x00000000001083e4        0xc /home/snegovick/dev/arm/usr/bin/../lib/gcc/arm-elf/4.0.2/../../../../arm-elf/lib/thumb/interwork/libc.a(errno.o)
                0x00000000001083e4                __errno
 .text          0x00000000001083f0       0xbc /home/snegovick/dev/arm/usr/bin/../lib/gcc/arm-elf/4.0.2/../../../../arm-elf/lib/thumb/interwork/libc.a(fclose.o)
                0x00000000001083f0                _fclose_r
                0x0000000000108494                fclose
 .text          0x00000000001084ac       0x2c /home/snegovick/dev/arm/usr/bin/../lib/gcc/arm-elf/4.0.2/../../../../arm-elf/lib/thumb/interwork/libc.a(fstatr.o)
                0x00000000001084ac                _fstat_r
 .text          0x00000000001084d8       0x2c /home/snegovick/dev/arm/usr/bin/../lib/gcc/arm-elf/4.0.2/../../../../arm-elf/lib/thumb/interwork/libc.a(lseekr.o)
                0x00000000001084d8                _lseek_r
 .text          0x0000000000108504       0x2c /home/snegovick/dev/arm/usr/bin/../lib/gcc/arm-elf/4.0.2/../../../../arm-elf/lib/thumb/interwork/libc.a(readr.o)
                0x0000000000108504                _read_r
 .text          0x0000000000108530      0x118 /home/snegovick/dev/arm/usr/bin/../lib/gcc/arm-elf/4.0.2/../../../../arm-elf/lib/thumb/interwork/libc.a(reent.o)
                0x0000000000108530                cleanup_glue
                0x0000000000108550                _reclaim_reent
                0x00000000001085e4                _wrapup_reent
 .text          0x0000000000108648       0xa4 /home/snegovick/dev/arm/usr/bin/../lib/gcc/arm-elf/4.0.2/thumb/interwork/libgcc.a(_divsi3.o)
                0x0000000000108648                __divsi3
                0x00000000001086dc                __aeabi_idivmod
 .text          0x00000000001086ec       0xc8 /home/snegovick/dev/arm/usr/bin/../lib/gcc/arm-elf/4.0.2/thumb/interwork/libgcc.a(_umodsi3.o)
                0x00000000001086ec                __umodsi3
 .text          0x00000000001087b4      0x430 /home/snegovick/dev/arm/usr/bin/../lib/gcc/arm-elf/4.0.2/thumb/interwork/libgcc.a(_addsubdf3.o)
                0x0000000000108b78                __floatdidf
                0x0000000000108af8                __floatsidf
                0x0000000000108ad0                __aeabi_ui2d
                0x00000000001087b4                __aeabi_drsub
                0x0000000000108b24                __extendsfdf2
                0x00000000001087c0                __adddf3
                0x0000000000108ad0                __floatunsidf
                0x00000000001087c0                __aeabi_dadd
                0x0000000000108b64                __aeabi_ul2d
                0x00000000001087bc                __aeabi_dsub
                0x0000000000108b64                __floatundidf
                0x0000000000108af8                __aeabi_i2d
                0x0000000000108b78                __aeabi_l2d
                0x0000000000108b24                __aeabi_f2d
                0x00000000001087bc                __subdf3
 .text          0x0000000000108be4      0x49c /home/snegovick/dev/arm/usr/bin/../lib/gcc/arm-elf/4.0.2/thumb/interwork/libgcc.a(_muldivdf3.o)
                0x0000000000108e74                __aeabi_ddiv
                0x0000000000108be4                __aeabi_dmul
                0x0000000000108e74                __divdf3
                0x0000000000108be4                __muldf3
 .text          0x0000000000109080      0x140 /home/snegovick/dev/arm/usr/bin/../lib/gcc/arm-elf/4.0.2/thumb/interwork/libgcc.a(_cmpdf2.o)
                0x0000000000109178                __aeabi_dcmple
                0x0000000000109090                __cmpdf2
                0x0000000000109090                __eqdf2
                0x0000000000109080                __gtdf2
                0x0000000000109130                __aeabi_cdcmple
                0x0000000000109114                __aeabi_cdrcmple
                0x0000000000109088                __ltdf2
                0x0000000000109160                __aeabi_dcmplt
                0x0000000000109088                __ledf2
                0x00000000001091a8                __aeabi_dcmpgt
                0x0000000000109190                __aeabi_dcmpge
                0x0000000000109090                __nedf2
                0x0000000000109148                __aeabi_dcmpeq
                0x0000000000109130                __aeabi_cdcmpeq
                0x0000000000109080                __gedf2
 .text          0x00000000001091c0       0x5c /home/snegovick/dev/arm/usr/bin/../lib/gcc/arm-elf/4.0.2/thumb/interwork/libgcc.a(_fixdfsi.o)
                0x00000000001091c0                __fixdfsi
                0x00000000001091c0                __aeabi_d2iz
 *(.rodata)
 .rodata        0x000000000010921c       0x3c main.o
 .rodata        0x0000000000109258       0x14 pio/pio.o
 .rodata        0x000000000010926c      0x244 USB/USB-CDC.o
                0x00000000001092cd                pxDeviceDescriptor
                0x0000000000109347                pxManufacturerStringDescriptor
                0x000000000010926c                pxReportDescriptor
                0x00000000001092df                pxInterfaceStringDescriptor
                0x0000000000109323                pxProductStringDescriptor
                0x0000000000109359                pxLanguageStringDescriptor
                0x00000000001092fd                pxConfigurationStringDescriptor
                0x000000000010928a                pxConfigDescriptor
 .rodata        0x00000000001094b0       0x30 locator/locator_task.o
 .rodata        0x00000000001094e0       0x20 adc/adc.o
 .rodata        0x0000000000109500      0x18c /home/snegovick/dev/arm/usr/bin/../lib/gcc/arm-elf/4.0.2/../../../../arm-elf/lib/thumb/interwork/libc.a(vfprintf.o)
 .rodata        0x000000000010968c       0x18 /home/snegovick/dev/arm/usr/bin/../lib/gcc/arm-elf/4.0.2/../../../../arm-elf/lib/thumb/interwork/libc.a(dtoa.o)
 .rodata        0x00000000001096a4        0x4 /home/snegovick/dev/arm/usr/bin/../lib/gcc/arm-elf/4.0.2/../../../../arm-elf/lib/thumb/interwork/libc.a(impure.o)
                0x00000000001096a4                _global_impure_ptr
 .rodata        0x00000000001096a8       0x30 /home/snegovick/dev/arm/usr/bin/../lib/gcc/arm-elf/4.0.2/../../../../arm-elf/lib/thumb/interwork/libc.a(locale.o)
 .rodata        0x00000000001096d8      0x124 /home/snegovick/dev/arm/usr/bin/../lib/gcc/arm-elf/4.0.2/../../../../arm-elf/lib/thumb/interwork/libc.a(mprec.o)
                0x00000000001096d8                __mprec_tinytens
                0x0000000000109728                __mprec_tens
                0x0000000000109700                __mprec_bigtens
 *(.rodata*)
 .rodata.str1.4
                0x00000000001097fc        0x4 main.o
 .rodata.str1.4
                0x0000000000109800       0x1e ../../low_rtos/FreeRTOS/Source/tasks.o
                                         0x20 (size before relaxing)
 *fill*         0x000000000010981e        0x2 00
 .rodata.str1.4
                0x0000000000109820        0x2 USB/USB-CDC.o
                                          0x4 (size before relaxing)
 *fill*         0x0000000000109822        0x2 00
 .rodata.str1.4
                0x0000000000109824        0x4 locator/locator_task.o
 .rodata.str1.4
                0x0000000000109828       0x62 /home/snegovick/dev/arm/usr/bin/../lib/gcc/arm-elf/4.0.2/../../../../arm-elf/lib/thumb/interwork/libc.a(vfprintf.o)
                                         0x64 (size before relaxing)
 *fill*         0x000000000010988a        0x2 00
 .rodata.str1.4
                0x000000000010988c       0x1e /home/snegovick/dev/arm/usr/bin/../lib/gcc/arm-elf/4.0.2/../../../../arm-elf/lib/thumb/interwork/libc.a(wctomb_r.o)
                                         0x20 (size before relaxing)
 *fill*         0x00000000001098aa        0x2 00
 .rodata.str1.4
                0x00000000001098ac       0x10 /home/snegovick/dev/arm/usr/bin/../lib/gcc/arm-elf/4.0.2/../../../../arm-elf/lib/thumb/interwork/libc.a(dtoa.o)
                                         0x14 (size before relaxing)
 .rodata.str1.4
                0x00000000001098bc        0x2 /home/snegovick/dev/arm/usr/bin/../lib/gcc/arm-elf/4.0.2/../../../../arm-elf/lib/thumb/interwork/libc.a(impure.o)
                                          0x4 (size before relaxing)
 *fill*         0x00000000001098be        0x2 00
 .rodata.str1.4
                0x00000000001098c0        0xb /home/snegovick/dev/arm/usr/bin/../lib/gcc/arm-elf/4.0.2/../../../../arm-elf/lib/thumb/interwork/libc.a(locale.o)
                                         0x18 (size before relaxing)
 *fill*         0x00000000001098cb        0x1 00
 .rodata.str1.4
                0x00000000001098cc        0x4 /home/snegovick/dev/arm/usr/bin/../lib/gcc/arm-elf/4.0.2/../../../../arm-elf/lib/thumb/interwork/libc.a(syscalls.o)
 *(.glue_7)
 .glue_7        0x00000000001098d0       0x78 /home/snegovick/dev/arm/usr/bin/../lib/gcc/arm-elf/4.0.2/thumb/interwork/libgcc.a(_fixdfsi.o)
                0x000000000010993c                __ConvHex2mV_from_arm
                0x0000000000109930                __ADC_GetConvertedData_from_arm
                0x0000000000109900                __ADC_IsChannelInterruptStatusSet_from_arm
                0x000000000010990c                __ADC_EnableIt_from_arm
                0x00000000001098e8                __xQueueGenericSendFromISR_from_arm
                0x0000000000109924                __ADC_DisableIt_from_arm
                0x00000000001098f4                __ADC_GetStatus_from_arm
                0x00000000001098dc                __vTaskIncrementTick_from_arm
                0x0000000000109918                __ADC_StartConversion_from_arm
                0x00000000001098d0                __vTaskSwitchContext_from_arm
 *(.glue_7t)
 .glue_7t       0x0000000000109948       0x80 /home/snegovick/dev/arm/usr/bin/../lib/gcc/arm-elf/4.0.2/thumb/interwork/libgcc.a(_fixdfsi.o)
                0x0000000000109954                __vPortEnterCritical_change_to_arm
                0x0000000000109968                __vPortEnableInterruptsFromThumb_from_thumb
                0x00000000001099b8                ____gtdf2_from_thumb
                0x0000000000109988                ____subdf3_from_thumb
                0x0000000000109984                ____ltdf2_change_to_arm
                0x000000000010998c                ____subdf3_change_to_arm
                0x000000000010995c                __vPortExitCritical_change_to_arm
                0x00000000001099c4                ____gedf2_change_to_arm
                0x0000000000109960                __vPortISRStartFirstTask_from_thumb
                0x0000000000109970                ____eqdf2_from_thumb
                0x00000000001099a8                ____fixdfsi_from_thumb
                0x0000000000109948                __vPortDisableInterruptsFromThumb_from_thumb
                0x00000000001099b4                ____divdf3_change_to_arm
                0x00000000001099c0                ____gedf2_from_thumb
                0x0000000000109958                __vPortExitCritical_from_thumb
                0x0000000000109994                ____muldf3_change_to_arm
                0x00000000001099ac                ____fixdfsi_change_to_arm
                0x00000000001099b0                ____divdf3_from_thumb
                0x000000000010999c                ____adddf3_change_to_arm
                0x00000000001099bc                ____gtdf2_change_to_arm
                0x0000000000109950                __vPortEnterCritical_from_thumb
                0x00000000001099a0                ____floatsidf_from_thumb
                0x0000000000109980                ____ltdf2_from_thumb
                0x0000000000109964                __vPortISRStartFirstTask_change_to_arm
                0x000000000010997c                ____nedf2_change_to_arm
                0x0000000000109998                ____adddf3_from_thumb
                0x000000000010994c                __vPortDisableInterruptsFromThumb_change_to_arm
                0x0000000000109974                ____eqdf2_change_to_arm
                0x0000000000109990                ____muldf3_from_thumb
                0x0000000000109978                ____nedf2_from_thumb
                0x00000000001099a4                ____floatsidf_change_to_arm
                0x000000000010996c                __vPortEnableInterruptsFromThumb_change_to_arm
                0x00000000001099c8                __end_of_text__ = .

.data           0x0000000000200000      0xe54 load address 0x00000000001099c8
                0x0000000000200000                __data_beg__ = .
                0x00000000001099c8                __data_beg_src__ = __end_of_text__
 *(.data)
 .data          0x0000000000200000        0x4 ../../low_rtos/FreeRTOS/Source/portable/GCC/ARM7_AT91SAM7S/portISR.o
                0x0000000000200000                ulCriticalNesting
 .data          0x0000000000200004       0x24 main.o
                0x0000000000200004                pioleds
 .data          0x0000000000200028        0x4 ../../low_rtos/FreeRTOS/Source/tasks.o
 .data          0x000000000020002c      0x600 fft/fix_fft.o
                0x000000000020002c                Sinewave
 .data          0x000000000020062c      0x404 /home/snegovick/dev/arm/usr/bin/../lib/gcc/arm-elf/4.0.2/../../../../arm-elf/lib/thumb/interwork/libc.a(impure.o)
                0x0000000000200a2c                _impure_ptr
 .data          0x0000000000200a30       0x14 /home/snegovick/dev/arm/usr/bin/../lib/gcc/arm-elf/4.0.2/../../../../arm-elf/lib/thumb/interwork/libc.a(locale.o)
                0x0000000000200a3c                __mb_cur_max
                0x0000000000200a30                __lc_ctype
 .data          0x0000000000200a44      0x410 /home/snegovick/dev/arm/usr/bin/../lib/gcc/arm-elf/4.0.2/../../../../arm-elf/lib/thumb/interwork/libc.a(mallocr.o)
                0x0000000000200a44                __malloc_sbrk_base
                0x0000000000200a4c                __malloc_av_
                0x0000000000200a48                __malloc_trim_threshold
                0x0000000000200e54                __data_end__ = .

.bss            0x0000000000200e54     0x66a0
                0x0000000000200e54                __bss_beg__ = .
 *(.bss)
 .bss           0x0000000000200e54       0x44 USB/USBIsr.o
 .bss           0x0000000000200e98        0x4 main.o
 .bss           0x0000000000200e9c      0x104 ../../low_rtos/FreeRTOS/Source/tasks.o
                0x0000000000200e9c                pxCurrentTCB
 .bss           0x0000000000200fa0     0x6014 ../../low_rtos/FreeRTOS/Source/portable/MemMang/heap_2.o
 .bss           0x0000000000206fb4      0x134 USB/USB-CDC.o
 .bss           0x00000000002070e8        0xc /home/snegovick/dev/arm/usr/bin/../lib/gcc/arm-elf/4.0.2/../../../../arm-elf/lib/thumb/interwork/libc.a(locale.o)
                0x00000000002070f0                __nlocale_changed
                0x00000000002070ec                __mlocale_changed
                0x00000000002070e8                _PathLocale
 .bss           0x00000000002070f4       0x34 /home/snegovick/dev/arm/usr/bin/../lib/gcc/arm-elf/4.0.2/../../../../arm-elf/lib/thumb/interwork/libc.a(mallocr.o)
                0x0000000000207124                __malloc_top_pad
                0x0000000000207120                __malloc_max_sbrked_mem
                0x00000000002070f4                __malloc_current_mallinfo
                0x000000000020711c                __malloc_max_total_mem
 .bss           0x0000000000207128       0xb0 /home/snegovick/dev/arm/usr/bin/../lib/gcc/arm-elf/4.0.2/../../../../arm-elf/lib/thumb/interwork/libc.a(syscalls.o)
 COMMON         0x00000000002071d8      0x314 locator/locator_isr.o
                0x00000000002071d8                trspistat
                0x00000000002073e8                locstat
 COMMON         0x00000000002074ec        0x4 USB/USB-CDC.o
                0x00000000002074ec                xUSBInterruptQueue
 COMMON         0x00000000002074f0        0x4 /home/snegovick/dev/arm/usr/bin/../lib/gcc/arm-elf/4.0.2/../../../../arm-elf/lib/thumb/interwork/libc.a(reent.o)
                0x00000000002074f0                errno
                0x00000000002074f4                . = ALIGN (0x4)
                0x00000000002074f4                . = ALIGN (0x4)
                0x00000000002074f4                _end = .
                0x00000000002074f4                _bss_end__ = .
                0x00000000002074f4                __bss_end__ = .
                0x00000000002074f4                __end__ = .
                0x00000000002074f4                PROVIDE (end, .)
OUTPUT(RTOSDemo.elf elf32-littlearm)

.comment        0x0000000000000000      0x426
 .comment       0x0000000000000000       0x12 ../../low_rtos/FreeRTOS/Source/portable/GCC/ARM7_AT91SAM7S/portISR.o
 .comment       0x0000000000000012       0x12 ./SrcAtmel/Cstartup_SAM7.o
 .comment       0x0000000000000024       0x12 USB/USBIsr.o
 .comment       0x0000000000000036       0x12 locator/locator_isr.o
 .comment       0x0000000000000048       0x12 main.o
 .comment       0x000000000000005a       0x12 ../../low_rtos/FreeRTOS/Source/list.o
 .comment       0x000000000000006c       0x12 ../../low_rtos/FreeRTOS/Source/queue.o
 .comment       0x000000000000007e       0x12 ../../low_rtos/FreeRTOS/Source/tasks.o
 .comment       0x0000000000000090       0x12 ../../low_rtos/FreeRTOS/Source/portable/GCC/ARM7_AT91SAM7S/port.o
 .comment       0x00000000000000a2       0x12 ../../low_rtos/FreeRTOS/Source/portable/MemMang/heap_2.o
 .comment       0x00000000000000b4       0x12 aic/aic.o
 .comment       0x00000000000000c6       0x12 pio/pio.o
 .comment       0x00000000000000d8       0x12 USB/USB-CDC.o
 .comment       0x00000000000000ea       0x12 locator/locator_task.o
 .comment       0x00000000000000fc       0x12 fft/fix_fft.o
 .comment       0x000000000000010e       0x12 adc/adc.o
 .comment       0x0000000000000120       0x12 locator/locator.o
 .comment       0x0000000000000132       0x12 /home/snegovick/dev/arm/usr/bin/../lib/gcc/arm-elf/4.0.2/../../../../arm-elf/lib/thumb/interwork/libc.a(memcpy.o)
 .comment       0x0000000000000144       0x12 /home/snegovick/dev/arm/usr/bin/../lib/gcc/arm-elf/4.0.2/../../../../arm-elf/lib/thumb/interwork/libc.a(memset.o)
 .comment       0x0000000000000156       0x12 /home/snegovick/dev/arm/usr/bin/../lib/gcc/arm-elf/4.0.2/../../../../arm-elf/lib/thumb/interwork/libc.a(sprintf.o)
 .comment       0x0000000000000168       0x12 /home/snegovick/dev/arm/usr/bin/../lib/gcc/arm-elf/4.0.2/../../../../arm-elf/lib/thumb/interwork/libc.a(strcat.o)
 .comment       0x000000000000017a       0x12 /home/snegovick/dev/arm/usr/bin/../lib/gcc/arm-elf/4.0.2/../../../../arm-elf/lib/thumb/interwork/libc.a(strcpy.o)
 .comment       0x000000000000018c       0x12 /home/snegovick/dev/arm/usr/bin/../lib/gcc/arm-elf/4.0.2/../../../../arm-elf/lib/thumb/interwork/libc.a(strncpy.o)
 .comment       0x000000000000019e       0x12 /home/snegovick/dev/arm/usr/bin/../lib/gcc/arm-elf/4.0.2/../../../../arm-elf/lib/thumb/interwork/libc.a(vfprintf.o)
 .comment       0x00000000000001b0       0x12 /home/snegovick/dev/arm/usr/bin/../lib/gcc/arm-elf/4.0.2/../../../../arm-elf/lib/thumb/interwork/libc.a(wcrtomb.o)
 .comment       0x00000000000001c2       0x12 /home/snegovick/dev/arm/usr/bin/../lib/gcc/arm-elf/4.0.2/../../../../arm-elf/lib/thumb/interwork/libc.a(wcsrtombs.o)
 .comment       0x00000000000001d4       0x12 /home/snegovick/dev/arm/usr/bin/../lib/gcc/arm-elf/4.0.2/../../../../arm-elf/lib/thumb/interwork/libc.a(wctomb_r.o)
 .comment       0x00000000000001e6       0x12 /home/snegovick/dev/arm/usr/bin/../lib/gcc/arm-elf/4.0.2/../../../../arm-elf/lib/thumb/interwork/libc.a(wsetup.o)
 .comment       0x00000000000001f8       0x12 /home/snegovick/dev/arm/usr/bin/../lib/gcc/arm-elf/4.0.2/../../../../arm-elf/lib/thumb/interwork/libc.a(dtoa.o)
 .comment       0x000000000000020a       0x12 /home/snegovick/dev/arm/usr/bin/../lib/gcc/arm-elf/4.0.2/../../../../arm-elf/lib/thumb/interwork/libc.a(fflush.o)
 .comment       0x000000000000021c       0x12 /home/snegovick/dev/arm/usr/bin/../lib/gcc/arm-elf/4.0.2/../../../../arm-elf/lib/thumb/interwork/libc.a(findfp.o)
 .comment       0x000000000000022e       0x12 /home/snegovick/dev/arm/usr/bin/../lib/gcc/arm-elf/4.0.2/../../../../arm-elf/lib/thumb/interwork/libc.a(freer.o)
 .comment       0x0000000000000240       0x12 /home/snegovick/dev/arm/usr/bin/../lib/gcc/arm-elf/4.0.2/../../../../arm-elf/lib/thumb/interwork/libc.a(fvwrite.o)
 .comment       0x0000000000000252       0x12 /home/snegovick/dev/arm/usr/bin/../lib/gcc/arm-elf/4.0.2/../../../../arm-elf/lib/thumb/interwork/libc.a(fwalk.o)
 .comment       0x0000000000000264       0x12 /home/snegovick/dev/arm/usr/bin/../lib/gcc/arm-elf/4.0.2/../../../../arm-elf/lib/thumb/interwork/libc.a(impure.o)
 .comment       0x0000000000000276       0x12 /home/snegovick/dev/arm/usr/bin/../lib/gcc/arm-elf/4.0.2/../../../../arm-elf/lib/thumb/interwork/libc.a(locale.o)
 .comment       0x0000000000000288       0x12 /home/snegovick/dev/arm/usr/bin/../lib/gcc/arm-elf/4.0.2/../../../../arm-elf/lib/thumb/interwork/libc.a(makebuf.o)
 .comment       0x000000000000029a       0x12 /home/snegovick/dev/arm/usr/bin/../lib/gcc/arm-elf/4.0.2/../../../../arm-elf/lib/thumb/interwork/libc.a(mallocr.o)
 .comment       0x00000000000002ac       0x12 /home/snegovick/dev/arm/usr/bin/../lib/gcc/arm-elf/4.0.2/../../../../arm-elf/lib/thumb/interwork/libc.a(memchr.o)
 .comment       0x00000000000002be       0x12 /home/snegovick/dev/arm/usr/bin/../lib/gcc/arm-elf/4.0.2/../../../../arm-elf/lib/thumb/interwork/libc.a(memmove.o)
 .comment       0x00000000000002d0       0x12 /home/snegovick/dev/arm/usr/bin/../lib/gcc/arm-elf/4.0.2/../../../../arm-elf/lib/thumb/interwork/libc.a(mlock.o)
 .comment       0x00000000000002e2       0x12 /home/snegovick/dev/arm/usr/bin/../lib/gcc/arm-elf/4.0.2/../../../../arm-elf/lib/thumb/interwork/libc.a(mprec.o)
 .comment       0x00000000000002f4       0x12 /home/snegovick/dev/arm/usr/bin/../lib/gcc/arm-elf/4.0.2/../../../../arm-elf/lib/thumb/interwork/libc.a(reallocr.o)
 .comment       0x0000000000000306       0x12 /home/snegovick/dev/arm/usr/bin/../lib/gcc/arm-elf/4.0.2/../../../../arm-elf/lib/thumb/interwork/libc.a(sbrkr.o)
 .comment       0x0000000000000318       0x12 /home/snegovick/dev/arm/usr/bin/../lib/gcc/arm-elf/4.0.2/../../../../arm-elf/lib/thumb/interwork/libc.a(s_isinf.o)
 .comment       0x000000000000032a       0x12 /home/snegovick/dev/arm/usr/bin/../lib/gcc/arm-elf/4.0.2/../../../../arm-elf/lib/thumb/interwork/libc.a(s_isnan.o)
 .comment       0x000000000000033c       0x12 /home/snegovick/dev/arm/usr/bin/../lib/gcc/arm-elf/4.0.2/../../../../arm-elf/lib/thumb/interwork/libc.a(stdio.o)
 .comment       0x000000000000034e       0x12 /home/snegovick/dev/arm/usr/bin/../lib/gcc/arm-elf/4.0.2/../../../../arm-elf/lib/thumb/interwork/libc.a(strcmp.o)
 .comment       0x0000000000000360       0x12 /home/snegovick/dev/arm/usr/bin/../lib/gcc/arm-elf/4.0.2/../../../../arm-elf/lib/thumb/interwork/libc.a(strlen.o)
 .comment       0x0000000000000372       0x12 /home/snegovick/dev/arm/usr/bin/../lib/gcc/arm-elf/4.0.2/../../../../arm-elf/lib/thumb/interwork/libc.a(syscalls.o)
 .comment       0x0000000000000384       0x12 /home/snegovick/dev/arm/usr/bin/../lib/gcc/arm-elf/4.0.2/../../../../arm-elf/lib/thumb/interwork/libc.a(writer.o)
 .comment       0x0000000000000396       0x12 /home/snegovick/dev/arm/usr/bin/../lib/gcc/arm-elf/4.0.2/../../../../arm-elf/lib/thumb/interwork/libc.a(callocr.o)
 .comment       0x00000000000003a8       0x12 /home/snegovick/dev/arm/usr/bin/../lib/gcc/arm-elf/4.0.2/../../../../arm-elf/lib/thumb/interwork/libc.a(closer.o)
 .comment       0x00000000000003ba       0x12 /home/snegovick/dev/arm/usr/bin/../lib/gcc/arm-elf/4.0.2/../../../../arm-elf/lib/thumb/interwork/libc.a(errno.o)
 .comment       0x00000000000003cc       0x12 /home/snegovick/dev/arm/usr/bin/../lib/gcc/arm-elf/4.0.2/../../../../arm-elf/lib/thumb/interwork/libc.a(fclose.o)
 .comment       0x00000000000003de       0x12 /home/snegovick/dev/arm/usr/bin/../lib/gcc/arm-elf/4.0.2/../../../../arm-elf/lib/thumb/interwork/libc.a(fstatr.o)
 .comment       0x00000000000003f0       0x12 /home/snegovick/dev/arm/usr/bin/../lib/gcc/arm-elf/4.0.2/../../../../arm-elf/lib/thumb/interwork/libc.a(lseekr.o)
 .comment       0x0000000000000402       0x12 /home/snegovick/dev/arm/usr/bin/../lib/gcc/arm-elf/4.0.2/../../../../arm-elf/lib/thumb/interwork/libc.a(readr.o)
 .comment       0x0000000000000414       0x12 /home/snegovick/dev/arm/usr/bin/../lib/gcc/arm-elf/4.0.2/../../../../arm-elf/lib/thumb/interwork/libc.a(reent.o)

.debug_line     0x0000000000000000     0x4315
 .debug_line    0x0000000000000000       0x70 /home/snegovick/dev/arm/usr/bin/../lib/gcc/arm-elf/4.0.2/thumb/interwork/libgcc.a(_udivsi3.o)
 .debug_line    0x0000000000000070       0x71 /home/snegovick/dev/arm/usr/bin/../lib/gcc/arm-elf/4.0.2/thumb/interwork/libgcc.a(_modsi3.o)
 .debug_line    0x00000000000000e1       0x5a /home/snegovick/dev/arm/usr/bin/../lib/gcc/arm-elf/4.0.2/thumb/interwork/libgcc.a(_dvmd_tls.o)
 .debug_line    0x000000000000013b       0xce /home/snegovick/dev/arm/usr/bin/../lib/gcc/arm-elf/4.0.2/../../../../arm-elf/lib/thumb/interwork/libc.a(memcpy.o)
 .debug_line    0x0000000000000209       0xdf /home/snegovick/dev/arm/usr/bin/../lib/gcc/arm-elf/4.0.2/../../../../arm-elf/lib/thumb/interwork/libc.a(memset.o)
 .debug_line    0x00000000000002e8      0x183 /home/snegovick/dev/arm/usr/bin/../lib/gcc/arm-elf/4.0.2/../../../../arm-elf/lib/thumb/interwork/libc.a(sprintf.o)
 .debug_line    0x000000000000046b       0x7f /home/snegovick/dev/arm/usr/bin/../lib/gcc/arm-elf/4.0.2/../../../../arm-elf/lib/thumb/interwork/libc.a(strcat.o)
 .debug_line    0x00000000000004ea       0x80 /home/snegovick/dev/arm/usr/bin/../lib/gcc/arm-elf/4.0.2/../../../../arm-elf/lib/thumb/interwork/libc.a(strcpy.o)
 .debug_line    0x000000000000056a       0xcd /home/snegovick/dev/arm/usr/bin/../lib/gcc/arm-elf/4.0.2/../../../../arm-elf/lib/thumb/interwork/libc.a(strncpy.o)
 .debug_line    0x0000000000000637      0x580 /home/snegovick/dev/arm/usr/bin/../lib/gcc/arm-elf/4.0.2/../../../../arm-elf/lib/thumb/interwork/libc.a(vfprintf.o)
 .debug_line    0x0000000000000bb7      0x155 /home/snegovick/dev/arm/usr/bin/../lib/gcc/arm-elf/4.0.2/../../../../arm-elf/lib/thumb/interwork/libc.a(wcrtomb.o)
 .debug_line    0x0000000000000d0c      0x183 /home/snegovick/dev/arm/usr/bin/../lib/gcc/arm-elf/4.0.2/../../../../arm-elf/lib/thumb/interwork/libc.a(wcsrtombs.o)
 .debug_line    0x0000000000000e8f      0x1cb /home/snegovick/dev/arm/usr/bin/../lib/gcc/arm-elf/4.0.2/../../../../arm-elf/lib/thumb/interwork/libc.a(wctomb_r.o)
 .debug_line    0x000000000000105a      0x165 /home/snegovick/dev/arm/usr/bin/../lib/gcc/arm-elf/4.0.2/../../../../arm-elf/lib/thumb/interwork/libc.a(wsetup.o)
 .debug_line    0x00000000000011bf      0x436 /home/snegovick/dev/arm/usr/bin/../lib/gcc/arm-elf/4.0.2/../../../../arm-elf/lib/thumb/interwork/libc.a(dtoa.o)
 .debug_line    0x00000000000015f5      0x15f /home/snegovick/dev/arm/usr/bin/../lib/gcc/arm-elf/4.0.2/../../../../arm-elf/lib/thumb/interwork/libc.a(fflush.o)
 .debug_line    0x0000000000001754      0x1b7 /home/snegovick/dev/arm/usr/bin/../lib/gcc/arm-elf/4.0.2/../../../../arm-elf/lib/thumb/interwork/libc.a(findfp.o)
 .debug_line    0x000000000000190b      0x176 /home/snegovick/dev/arm/usr/bin/../lib/gcc/arm-elf/4.0.2/../../../../arm-elf/lib/thumb/interwork/libc.a(freer.o)
 .debug_line    0x0000000000001a81      0x1e8 /home/snegovick/dev/arm/usr/bin/../lib/gcc/arm-elf/4.0.2/../../../../arm-elf/lib/thumb/interwork/libc.a(fvwrite.o)
 .debug_line    0x0000000000001c69      0x171 /home/snegovick/dev/arm/usr/bin/../lib/gcc/arm-elf/4.0.2/../../../../arm-elf/lib/thumb/interwork/libc.a(fwalk.o)
 .debug_line    0x0000000000001dda       0xf5 /home/snegovick/dev/arm/usr/bin/../lib/gcc/arm-elf/4.0.2/../../../../arm-elf/lib/thumb/interwork/libc.a(impure.o)
 .debug_line    0x0000000000001ecf      0x15e /home/snegovick/dev/arm/usr/bin/../lib/gcc/arm-elf/4.0.2/../../../../arm-elf/lib/thumb/interwork/libc.a(locale.o)
 .debug_line    0x000000000000202d      0x17f /home/snegovick/dev/arm/usr/bin/../lib/gcc/arm-elf/4.0.2/../../../../arm-elf/lib/thumb/interwork/libc.a(makebuf.o)
 .debug_line    0x00000000000021ac      0x24f /home/snegovick/dev/arm/usr/bin/../lib/gcc/arm-elf/4.0.2/../../../../arm-elf/lib/thumb/interwork/libc.a(mallocr.o)
 .debug_line    0x00000000000023fb       0xe5 /home/snegovick/dev/arm/usr/bin/../lib/gcc/arm-elf/4.0.2/../../../../arm-elf/lib/thumb/interwork/libc.a(memchr.o)
 .debug_line    0x00000000000024e0       0xd9 /home/snegovick/dev/arm/usr/bin/../lib/gcc/arm-elf/4.0.2/../../../../arm-elf/lib/thumb/interwork/libc.a(memmove.o)
 .debug_line    0x00000000000025b9      0x107 /home/snegovick/dev/arm/usr/bin/../lib/gcc/arm-elf/4.0.2/../../../../arm-elf/lib/thumb/interwork/libc.a(mlock.o)
 .debug_line    0x00000000000026c0      0x3ba /home/snegovick/dev/arm/usr/bin/../lib/gcc/arm-elf/4.0.2/../../../../arm-elf/lib/thumb/interwork/libc.a(mprec.o)
 .debug_line    0x0000000000002a7a      0x1ae /home/snegovick/dev/arm/usr/bin/../lib/gcc/arm-elf/4.0.2/../../../../arm-elf/lib/thumb/interwork/libc.a(reallocr.o)
 .debug_line    0x0000000000002c28      0x10a /home/snegovick/dev/arm/usr/bin/../lib/gcc/arm-elf/4.0.2/../../../../arm-elf/lib/thumb/interwork/libc.a(sbrkr.o)
 .debug_line    0x0000000000002d32       0xb0 /home/snegovick/dev/arm/usr/bin/../lib/gcc/arm-elf/4.0.2/../../../../arm-elf/lib/thumb/interwork/libc.a(s_isinf.o)
 .debug_line    0x0000000000002de2       0xb0 /home/snegovick/dev/arm/usr/bin/../lib/gcc/arm-elf/4.0.2/../../../../arm-elf/lib/thumb/interwork/libc.a(s_isnan.o)
 .debug_line    0x0000000000002e92      0x170 /home/snegovick/dev/arm/usr/bin/../lib/gcc/arm-elf/4.0.2/../../../../arm-elf/lib/thumb/interwork/libc.a(stdio.o)
 .debug_line    0x0000000000003002       0x88 /home/snegovick/dev/arm/usr/bin/../lib/gcc/arm-elf/4.0.2/../../../../arm-elf/lib/thumb/interwork/libc.a(strcmp.o)
 .debug_line    0x000000000000308a       0xba /home/snegovick/dev/arm/usr/bin/../lib/gcc/arm-elf/4.0.2/../../../../arm-elf/lib/thumb/interwork/libc.a(strlen.o)
 .debug_line    0x0000000000003144      0x2ca /home/snegovick/dev/arm/usr/bin/../lib/gcc/arm-elf/4.0.2/../../../../arm-elf/lib/thumb/interwork/libc.a(syscalls.o)
 .debug_line    0x000000000000340e      0x10b /home/snegovick/dev/arm/usr/bin/../lib/gcc/arm-elf/4.0.2/../../../../arm-elf/lib/thumb/interwork/libc.a(writer.o)
 .debug_line    0x0000000000003519      0x110 /home/snegovick/dev/arm/usr/bin/../lib/gcc/arm-elf/4.0.2/../../../../arm-elf/lib/thumb/interwork/libc.a(callocr.o)
 .debug_line    0x0000000000003629      0x10b /home/snegovick/dev/arm/usr/bin/../lib/gcc/arm-elf/4.0.2/../../../../arm-elf/lib/thumb/interwork/libc.a(closer.o)
 .debug_line    0x0000000000003734      0x104 /home/snegovick/dev/arm/usr/bin/../lib/gcc/arm-elf/4.0.2/../../../../arm-elf/lib/thumb/interwork/libc.a(errno.o)
 .debug_line    0x0000000000003838      0x161 /home/snegovick/dev/arm/usr/bin/../lib/gcc/arm-elf/4.0.2/../../../../arm-elf/lib/thumb/interwork/libc.a(fclose.o)
 .debug_line    0x0000000000003999      0x15b /home/snegovick/dev/arm/usr/bin/../lib/gcc/arm-elf/4.0.2/../../../../arm-elf/lib/thumb/interwork/libc.a(fstatr.o)
 .debug_line    0x0000000000003af4      0x10b /home/snegovick/dev/arm/usr/bin/../lib/gcc/arm-elf/4.0.2/../../../../arm-elf/lib/thumb/interwork/libc.a(lseekr.o)
 .debug_line    0x0000000000003bff      0x10a /home/snegovick/dev/arm/usr/bin/../lib/gcc/arm-elf/4.0.2/../../../../arm-elf/lib/thumb/interwork/libc.a(readr.o)
 .debug_line    0x0000000000003d09      0x13c /home/snegovick/dev/arm/usr/bin/../lib/gcc/arm-elf/4.0.2/../../../../arm-elf/lib/thumb/interwork/libc.a(reent.o)
 .debug_line    0x0000000000003e45       0x7c /home/snegovick/dev/arm/usr/bin/../lib/gcc/arm-elf/4.0.2/thumb/interwork/libgcc.a(_divsi3.o)
 .debug_line    0x0000000000003ec1       0x68 /home/snegovick/dev/arm/usr/bin/../lib/gcc/arm-elf/4.0.2/thumb/interwork/libgcc.a(_umodsi3.o)
 .debug_line    0x0000000000003f29      0x162 /home/snegovick/dev/arm/usr/bin/../lib/gcc/arm-elf/4.0.2/thumb/interwork/libgcc.a(_addsubdf3.o)
 .debug_line    0x000000000000408b      0x177 /home/snegovick/dev/arm/usr/bin/../lib/gcc/arm-elf/4.0.2/thumb/interwork/libgcc.a(_muldivdf3.o)
 .debug_line    0x0000000000004202       0xa4 /home/snegovick/dev/arm/usr/bin/../lib/gcc/arm-elf/4.0.2/thumb/interwork/libgcc.a(_cmpdf2.o)
 .debug_line    0x00000000000042a6       0x6f /home/snegovick/dev/arm/usr/bin/../lib/gcc/arm-elf/4.0.2/thumb/interwork/libgcc.a(_fixdfsi.o)

.debug_info     0x0000000000000000    0x1698d
 .debug_info    0x0000000000000000       0x71 /home/snegovick/dev/arm/usr/bin/../lib/gcc/arm-elf/4.0.2/thumb/interwork/libgcc.a(_udivsi3.o)
 .debug_info    0x0000000000000071       0x71 /home/snegovick/dev/arm/usr/bin/../lib/gcc/arm-elf/4.0.2/thumb/interwork/libgcc.a(_modsi3.o)
 .debug_info    0x00000000000000e2       0x71 /home/snegovick/dev/arm/usr/bin/../lib/gcc/arm-elf/4.0.2/thumb/interwork/libgcc.a(_dvmd_tls.o)
 .debug_info    0x0000000000000153      0x10d /home/snegovick/dev/arm/usr/bin/../lib/gcc/arm-elf/4.0.2/../../../../arm-elf/lib/thumb/interwork/libc.a(memcpy.o)
 .debug_info    0x0000000000000260      0x111 /home/snegovick/dev/arm/usr/bin/../lib/gcc/arm-elf/4.0.2/../../../../arm-elf/lib/thumb/interwork/libc.a(memset.o)
 .debug_info    0x0000000000000371      0xa00 /home/snegovick/dev/arm/usr/bin/../lib/gcc/arm-elf/4.0.2/../../../../arm-elf/lib/thumb/interwork/libc.a(sprintf.o)
 .debug_info    0x0000000000000d71       0xe5 /home/snegovick/dev/arm/usr/bin/../lib/gcc/arm-elf/4.0.2/../../../../arm-elf/lib/thumb/interwork/libc.a(strcat.o)
 .debug_info    0x0000000000000e56      0x10c /home/snegovick/dev/arm/usr/bin/../lib/gcc/arm-elf/4.0.2/../../../../arm-elf/lib/thumb/interwork/libc.a(strcpy.o)
 .debug_info    0x0000000000000f62      0x126 /home/snegovick/dev/arm/usr/bin/../lib/gcc/arm-elf/4.0.2/../../../../arm-elf/lib/thumb/interwork/libc.a(strncpy.o)
 .debug_info    0x0000000000001088     0x10f2 /home/snegovick/dev/arm/usr/bin/../lib/gcc/arm-elf/4.0.2/../../../../arm-elf/lib/thumb/interwork/libc.a(vfprintf.o)
 .debug_info    0x000000000000217a      0x9ee /home/snegovick/dev/arm/usr/bin/../lib/gcc/arm-elf/4.0.2/../../../../arm-elf/lib/thumb/interwork/libc.a(wcrtomb.o)
 .debug_info    0x0000000000002b68      0xa84 /home/snegovick/dev/arm/usr/bin/../lib/gcc/arm-elf/4.0.2/../../../../arm-elf/lib/thumb/interwork/libc.a(wcsrtombs.o)
 .debug_info    0x00000000000035ec      0x9f6 /home/snegovick/dev/arm/usr/bin/../lib/gcc/arm-elf/4.0.2/../../../../arm-elf/lib/thumb/interwork/libc.a(wctomb_r.o)
 .debug_info    0x0000000000003fe2      0x939 /home/snegovick/dev/arm/usr/bin/../lib/gcc/arm-elf/4.0.2/../../../../arm-elf/lib/thumb/interwork/libc.a(wsetup.o)
 .debug_info    0x000000000000491b      0xd65 /home/snegovick/dev/arm/usr/bin/../lib/gcc/arm-elf/4.0.2/../../../../arm-elf/lib/thumb/interwork/libc.a(dtoa.o)
 .debug_info    0x0000000000005680      0x973 /home/snegovick/dev/arm/usr/bin/../lib/gcc/arm-elf/4.0.2/../../../../arm-elf/lib/thumb/interwork/libc.a(fflush.o)
 .debug_info    0x0000000000005ff3      0xb67 /home/snegovick/dev/arm/usr/bin/../lib/gcc/arm-elf/4.0.2/../../../../arm-elf/lib/thumb/interwork/libc.a(findfp.o)
 .debug_info    0x0000000000006b5a      0xbb3 /home/snegovick/dev/arm/usr/bin/../lib/gcc/arm-elf/4.0.2/../../../../arm-elf/lib/thumb/interwork/libc.a(freer.o)
 .debug_info    0x000000000000770d      0xa63 /home/snegovick/dev/arm/usr/bin/../lib/gcc/arm-elf/4.0.2/../../../../arm-elf/lib/thumb/interwork/libc.a(fvwrite.o)
 .debug_info    0x0000000000008170      0xadb /home/snegovick/dev/arm/usr/bin/../lib/gcc/arm-elf/4.0.2/../../../../arm-elf/lib/thumb/interwork/libc.a(fwalk.o)
 .debug_info    0x0000000000008c4b      0x922 /home/snegovick/dev/arm/usr/bin/../lib/gcc/arm-elf/4.0.2/../../../../arm-elf/lib/thumb/interwork/libc.a(impure.o)
 .debug_info    0x000000000000956d      0xb7c /home/snegovick/dev/arm/usr/bin/../lib/gcc/arm-elf/4.0.2/../../../../arm-elf/lib/thumb/interwork/libc.a(locale.o)
 .debug_info    0x000000000000a0e9      0xad8 /home/snegovick/dev/arm/usr/bin/../lib/gcc/arm-elf/4.0.2/../../../../arm-elf/lib/thumb/interwork/libc.a(makebuf.o)
 .debug_info    0x000000000000abc1      0xcbd /home/snegovick/dev/arm/usr/bin/../lib/gcc/arm-elf/4.0.2/../../../../arm-elf/lib/thumb/interwork/libc.a(mallocr.o)
 .debug_info    0x000000000000b87e      0x136 /home/snegovick/dev/arm/usr/bin/../lib/gcc/arm-elf/4.0.2/../../../../arm-elf/lib/thumb/interwork/libc.a(memchr.o)
 .debug_info    0x000000000000b9b4      0x13e /home/snegovick/dev/arm/usr/bin/../lib/gcc/arm-elf/4.0.2/../../../../arm-elf/lib/thumb/interwork/libc.a(memmove.o)
 .debug_info    0x000000000000baf2      0x93e /home/snegovick/dev/arm/usr/bin/../lib/gcc/arm-elf/4.0.2/../../../../arm-elf/lib/thumb/interwork/libc.a(mlock.o)
 .debug_info    0x000000000000c430     0x1332 /home/snegovick/dev/arm/usr/bin/../lib/gcc/arm-elf/4.0.2/../../../../arm-elf/lib/thumb/interwork/libc.a(mprec.o)
 .debug_info    0x000000000000d762      0xbc3 /home/snegovick/dev/arm/usr/bin/../lib/gcc/arm-elf/4.0.2/../../../../arm-elf/lib/thumb/interwork/libc.a(reallocr.o)
 .debug_info    0x000000000000e325      0x951 /home/snegovick/dev/arm/usr/bin/../lib/gcc/arm-elf/4.0.2/../../../../arm-elf/lib/thumb/interwork/libc.a(sbrkr.o)
 .debug_info    0x000000000000ec76       0xd8 /home/snegovick/dev/arm/usr/bin/../lib/gcc/arm-elf/4.0.2/../../../../arm-elf/lib/thumb/interwork/libc.a(s_isinf.o)
 .debug_info    0x000000000000ed4e       0xd6 /home/snegovick/dev/arm/usr/bin/../lib/gcc/arm-elf/4.0.2/../../../../arm-elf/lib/thumb/interwork/libc.a(s_isnan.o)
 .debug_info    0x000000000000ee24      0xa70 /home/snegovick/dev/arm/usr/bin/../lib/gcc/arm-elf/4.0.2/../../../../arm-elf/lib/thumb/interwork/libc.a(stdio.o)
 .debug_info    0x000000000000f894       0xd9 /home/snegovick/dev/arm/usr/bin/../lib/gcc/arm-elf/4.0.2/../../../../arm-elf/lib/thumb/interwork/libc.a(strcmp.o)
 .debug_info    0x000000000000f96d       0xd5 /home/snegovick/dev/arm/usr/bin/../lib/gcc/arm-elf/4.0.2/../../../../arm-elf/lib/thumb/interwork/libc.a(strlen.o)
 .debug_info    0x000000000000fa42     0x15b0 /home/snegovick/dev/arm/usr/bin/../lib/gcc/arm-elf/4.0.2/../../../../arm-elf/lib/thumb/interwork/libc.a(syscalls.o)
 .debug_info    0x0000000000010ff2      0x980 /home/snegovick/dev/arm/usr/bin/../lib/gcc/arm-elf/4.0.2/../../../../arm-elf/lib/thumb/interwork/libc.a(writer.o)
 .debug_info    0x0000000000011972      0xa02 /home/snegovick/dev/arm/usr/bin/../lib/gcc/arm-elf/4.0.2/../../../../arm-elf/lib/thumb/interwork/libc.a(callocr.o)
 .debug_info    0x0000000000012374      0x945 /home/snegovick/dev/arm/usr/bin/../lib/gcc/arm-elf/4.0.2/../../../../arm-elf/lib/thumb/interwork/libc.a(closer.o)
 .debug_info    0x0000000000012cb9      0x914 /home/snegovick/dev/arm/usr/bin/../lib/gcc/arm-elf/4.0.2/../../../../arm-elf/lib/thumb/interwork/libc.a(errno.o)
 .debug_info    0x00000000000135cd      0x980 /home/snegovick/dev/arm/usr/bin/../lib/gcc/arm-elf/4.0.2/../../../../arm-elf/lib/thumb/interwork/libc.a(fclose.o)
 .debug_info    0x0000000000013f4d      0xabd /home/snegovick/dev/arm/usr/bin/../lib/gcc/arm-elf/4.0.2/../../../../arm-elf/lib/thumb/interwork/libc.a(fstatr.o)
 .debug_info    0x0000000000014a0a      0x96a /home/snegovick/dev/arm/usr/bin/../lib/gcc/arm-elf/4.0.2/../../../../arm-elf/lib/thumb/interwork/libc.a(lseekr.o)
 .debug_info    0x0000000000015374      0x979 /home/snegovick/dev/arm/usr/bin/../lib/gcc/arm-elf/4.0.2/../../../../arm-elf/lib/thumb/interwork/libc.a(readr.o)
 .debug_info    0x0000000000015ced      0x9fe /home/snegovick/dev/arm/usr/bin/../lib/gcc/arm-elf/4.0.2/../../../../arm-elf/lib/thumb/interwork/libc.a(reent.o)
 .debug_info    0x00000000000166eb       0x71 /home/snegovick/dev/arm/usr/bin/../lib/gcc/arm-elf/4.0.2/thumb/interwork/libgcc.a(_divsi3.o)
 .debug_info    0x000000000001675c       0x71 /home/snegovick/dev/arm/usr/bin/../lib/gcc/arm-elf/4.0.2/thumb/interwork/libgcc.a(_umodsi3.o)
 .debug_info    0x00000000000167cd       0x70 /home/snegovick/dev/arm/usr/bin/../lib/gcc/arm-elf/4.0.2/thumb/interwork/libgcc.a(_addsubdf3.o)
 .debug_info    0x000000000001683d       0x70 /home/snegovick/dev/arm/usr/bin/../lib/gcc/arm-elf/4.0.2/thumb/interwork/libgcc.a(_muldivdf3.o)
 .debug_info    0x00000000000168ad       0x70 /home/snegovick/dev/arm/usr/bin/../lib/gcc/arm-elf/4.0.2/thumb/interwork/libgcc.a(_cmpdf2.o)
 .debug_info    0x000000000001691d       0x70 /home/snegovick/dev/arm/usr/bin/../lib/gcc/arm-elf/4.0.2/thumb/interwork/libgcc.a(_fixdfsi.o)

.debug_abbrev   0x0000000000000000     0x3e98
 .debug_abbrev  0x0000000000000000       0x14 /home/snegovick/dev/arm/usr/bin/../lib/gcc/arm-elf/4.0.2/thumb/interwork/libgcc.a(_udivsi3.o)
 .debug_abbrev  0x0000000000000014       0x14 /home/snegovick/dev/arm/usr/bin/../lib/gcc/arm-elf/4.0.2/thumb/interwork/libgcc.a(_modsi3.o)
 .debug_abbrev  0x0000000000000028       0x14 /home/snegovick/dev/arm/usr/bin/../lib/gcc/arm-elf/4.0.2/thumb/interwork/libgcc.a(_dvmd_tls.o)
 .debug_abbrev  0x000000000000003c       0x99 /home/snegovick/dev/arm/usr/bin/../lib/gcc/arm-elf/4.0.2/../../../../arm-elf/lib/thumb/interwork/libc.a(memcpy.o)
 .debug_abbrev  0x00000000000000d5       0x9a /home/snegovick/dev/arm/usr/bin/../lib/gcc/arm-elf/4.0.2/../../../../arm-elf/lib/thumb/interwork/libc.a(memset.o)
 .debug_abbrev  0x000000000000016f      0x193 /home/snegovick/dev/arm/usr/bin/../lib/gcc/arm-elf/4.0.2/../../../../arm-elf/lib/thumb/interwork/libc.a(sprintf.o)
 .debug_abbrev  0x0000000000000302       0x87 /home/snegovick/dev/arm/usr/bin/../lib/gcc/arm-elf/4.0.2/../../../../arm-elf/lib/thumb/interwork/libc.a(strcat.o)
 .debug_abbrev  0x0000000000000389       0x80 /home/snegovick/dev/arm/usr/bin/../lib/gcc/arm-elf/4.0.2/../../../../arm-elf/lib/thumb/interwork/libc.a(strcpy.o)
 .debug_abbrev  0x0000000000000409       0x8d /home/snegovick/dev/arm/usr/bin/../lib/gcc/arm-elf/4.0.2/../../../../arm-elf/lib/thumb/interwork/libc.a(strncpy.o)
 .debug_abbrev  0x0000000000000496      0x35d /home/snegovick/dev/arm/usr/bin/../lib/gcc/arm-elf/4.0.2/../../../../arm-elf/lib/thumb/interwork/libc.a(vfprintf.o)
 .debug_abbrev  0x00000000000007f3      0x1a7 /home/snegovick/dev/arm/usr/bin/../lib/gcc/arm-elf/4.0.2/../../../../arm-elf/lib/thumb/interwork/libc.a(wcrtomb.o)
 .debug_abbrev  0x000000000000099a      0x1a4 /home/snegovick/dev/arm/usr/bin/../lib/gcc/arm-elf/4.0.2/../../../../arm-elf/lib/thumb/interwork/libc.a(wcsrtombs.o)
 .debug_abbrev  0x0000000000000b3e      0x1ab /home/snegovick/dev/arm/usr/bin/../lib/gcc/arm-elf/4.0.2/../../../../arm-elf/lib/thumb/interwork/libc.a(wctomb_r.o)
 .debug_abbrev  0x0000000000000ce9      0x170 /home/snegovick/dev/arm/usr/bin/../lib/gcc/arm-elf/4.0.2/../../../../arm-elf/lib/thumb/interwork/libc.a(wsetup.o)
 .debug_abbrev  0x0000000000000e59      0x232 /home/snegovick/dev/arm/usr/bin/../lib/gcc/arm-elf/4.0.2/../../../../arm-elf/lib/thumb/interwork/libc.a(dtoa.o)
 .debug_abbrev  0x000000000000108b      0x17f /home/snegovick/dev/arm/usr/bin/../lib/gcc/arm-elf/4.0.2/../../../../arm-elf/lib/thumb/interwork/libc.a(fflush.o)
 .debug_abbrev  0x000000000000120a      0x235 /home/snegovick/dev/arm/usr/bin/../lib/gcc/arm-elf/4.0.2/../../../../arm-elf/lib/thumb/interwork/libc.a(findfp.o)
 .debug_abbrev  0x000000000000143f      0x1d9 /home/snegovick/dev/arm/usr/bin/../lib/gcc/arm-elf/4.0.2/../../../../arm-elf/lib/thumb/interwork/libc.a(freer.o)
 .debug_abbrev  0x0000000000001618      0x1b4 /home/snegovick/dev/arm/usr/bin/../lib/gcc/arm-elf/4.0.2/../../../../arm-elf/lib/thumb/interwork/libc.a(fvwrite.o)
 .debug_abbrev  0x00000000000017cc      0x1e1 /home/snegovick/dev/arm/usr/bin/../lib/gcc/arm-elf/4.0.2/../../../../arm-elf/lib/thumb/interwork/libc.a(fwalk.o)
 .debug_abbrev  0x00000000000019ad      0x157 /home/snegovick/dev/arm/usr/bin/../lib/gcc/arm-elf/4.0.2/../../../../arm-elf/lib/thumb/interwork/libc.a(impure.o)
 .debug_abbrev  0x0000000000001b04      0x1de /home/snegovick/dev/arm/usr/bin/../lib/gcc/arm-elf/4.0.2/../../../../arm-elf/lib/thumb/interwork/libc.a(locale.o)
 .debug_abbrev  0x0000000000001ce2      0x1a8 /home/snegovick/dev/arm/usr/bin/../lib/gcc/arm-elf/4.0.2/../../../../arm-elf/lib/thumb/interwork/libc.a(makebuf.o)
 .debug_abbrev  0x0000000000001e8a      0x214 /home/snegovick/dev/arm/usr/bin/../lib/gcc/arm-elf/4.0.2/../../../../arm-elf/lib/thumb/interwork/libc.a(mallocr.o)
 .debug_abbrev  0x000000000000209e       0xa8 /home/snegovick/dev/arm/usr/bin/../lib/gcc/arm-elf/4.0.2/../../../../arm-elf/lib/thumb/interwork/libc.a(memchr.o)
 .debug_abbrev  0x0000000000002146       0x99 /home/snegovick/dev/arm/usr/bin/../lib/gcc/arm-elf/4.0.2/../../../../arm-elf/lib/thumb/interwork/libc.a(memmove.o)
 .debug_abbrev  0x00000000000021df      0x16a /home/snegovick/dev/arm/usr/bin/../lib/gcc/arm-elf/4.0.2/../../../../arm-elf/lib/thumb/interwork/libc.a(mlock.o)
 .debug_abbrev  0x0000000000002349      0x249 /home/snegovick/dev/arm/usr/bin/../lib/gcc/arm-elf/4.0.2/../../../../arm-elf/lib/thumb/interwork/libc.a(mprec.o)
 .debug_abbrev  0x0000000000002592      0x1c3 /home/snegovick/dev/arm/usr/bin/../lib/gcc/arm-elf/4.0.2/../../../../arm-elf/lib/thumb/interwork/libc.a(reallocr.o)
 .debug_abbrev  0x0000000000002755      0x18e /home/snegovick/dev/arm/usr/bin/../lib/gcc/arm-elf/4.0.2/../../../../arm-elf/lib/thumb/interwork/libc.a(sbrkr.o)
 .debug_abbrev  0x00000000000028e3       0x79 /home/snegovick/dev/arm/usr/bin/../lib/gcc/arm-elf/4.0.2/../../../../arm-elf/lib/thumb/interwork/libc.a(s_isinf.o)
 .debug_abbrev  0x000000000000295c       0x79 /home/snegovick/dev/arm/usr/bin/../lib/gcc/arm-elf/4.0.2/../../../../arm-elf/lib/thumb/interwork/libc.a(s_isnan.o)
 .debug_abbrev  0x00000000000029d5      0x1aa /home/snegovick/dev/arm/usr/bin/../lib/gcc/arm-elf/4.0.2/../../../../arm-elf/lib/thumb/interwork/libc.a(stdio.o)
 .debug_abbrev  0x0000000000002b7f       0x71 /home/snegovick/dev/arm/usr/bin/../lib/gcc/arm-elf/4.0.2/../../../../arm-elf/lib/thumb/interwork/libc.a(strcmp.o)
 .debug_abbrev  0x0000000000002bf0       0x8b /home/snegovick/dev/arm/usr/bin/../lib/gcc/arm-elf/4.0.2/../../../../arm-elf/lib/thumb/interwork/libc.a(strlen.o)
 .debug_abbrev  0x0000000000002c7b      0x395 /home/snegovick/dev/arm/usr/bin/../lib/gcc/arm-elf/4.0.2/../../../../arm-elf/lib/thumb/interwork/libc.a(syscalls.o)
 .debug_abbrev  0x0000000000003010      0x184 /home/snegovick/dev/arm/usr/bin/../lib/gcc/arm-elf/4.0.2/../../../../arm-elf/lib/thumb/interwork/libc.a(writer.o)
 .debug_abbrev  0x0000000000003194      0x1af /home/snegovick/dev/arm/usr/bin/../lib/gcc/arm-elf/4.0.2/../../../../arm-elf/lib/thumb/interwork/libc.a(callocr.o)
 .debug_abbrev  0x0000000000003343      0x17f /home/snegovick/dev/arm/usr/bin/../lib/gcc/arm-elf/4.0.2/../../../../arm-elf/lib/thumb/interwork/libc.a(closer.o)
 .debug_abbrev  0x00000000000034c2      0x15f /home/snegovick/dev/arm/usr/bin/../lib/gcc/arm-elf/4.0.2/../../../../arm-elf/lib/thumb/interwork/libc.a(errno.o)
 .debug_abbrev  0x0000000000003621      0x18e /home/snegovick/dev/arm/usr/bin/../lib/gcc/arm-elf/4.0.2/../../../../arm-elf/lib/thumb/interwork/libc.a(fclose.o)
 .debug_abbrev  0x00000000000037af      0x18e /home/snegovick/dev/arm/usr/bin/../lib/gcc/arm-elf/4.0.2/../../../../arm-elf/lib/thumb/interwork/libc.a(fstatr.o)
 .debug_abbrev  0x000000000000393d      0x18c /home/snegovick/dev/arm/usr/bin/../lib/gcc/arm-elf/4.0.2/../../../../arm-elf/lib/thumb/interwork/libc.a(lseekr.o)
 .debug_abbrev  0x0000000000003ac9      0x17f /home/snegovick/dev/arm/usr/bin/../lib/gcc/arm-elf/4.0.2/../../../../arm-elf/lib/thumb/interwork/libc.a(readr.o)
 .debug_abbrev  0x0000000000003c48      0x1d8 /home/snegovick/dev/arm/usr/bin/../lib/gcc/arm-elf/4.0.2/../../../../arm-elf/lib/thumb/interwork/libc.a(reent.o)
 .debug_abbrev  0x0000000000003e20       0x14 /home/snegovick/dev/arm/usr/bin/../lib/gcc/arm-elf/4.0.2/thumb/interwork/libgcc.a(_divsi3.o)
 .debug_abbrev  0x0000000000003e34       0x14 /home/snegovick/dev/arm/usr/bin/../lib/gcc/arm-elf/4.0.2/thumb/interwork/libgcc.a(_umodsi3.o)
 .debug_abbrev  0x0000000000003e48       0x14 /home/snegovick/dev/arm/usr/bin/../lib/gcc/arm-elf/4.0.2/thumb/interwork/libgcc.a(_addsubdf3.o)
 .debug_abbrev  0x0000000000003e5c       0x14 /home/snegovick/dev/arm/usr/bin/../lib/gcc/arm-elf/4.0.2/thumb/interwork/libgcc.a(_muldivdf3.o)
 .debug_abbrev  0x0000000000003e70       0x14 /home/snegovick/dev/arm/usr/bin/../lib/gcc/arm-elf/4.0.2/thumb/interwork/libgcc.a(_cmpdf2.o)
 .debug_abbrev  0x0000000000003e84       0x14 /home/snegovick/dev/arm/usr/bin/../lib/gcc/arm-elf/4.0.2/thumb/interwork/libgcc.a(_fixdfsi.o)

.debug_aranges  0x0000000000000000      0x640
 .debug_aranges
                0x0000000000000000       0x20 /home/snegovick/dev/arm/usr/bin/../lib/gcc/arm-elf/4.0.2/thumb/interwork/libgcc.a(_udivsi3.o)
 .debug_aranges
                0x0000000000000020       0x20 /home/snegovick/dev/arm/usr/bin/../lib/gcc/arm-elf/4.0.2/thumb/interwork/libgcc.a(_modsi3.o)
 .debug_aranges
                0x0000000000000040       0x20 /home/snegovick/dev/arm/usr/bin/../lib/gcc/arm-elf/4.0.2/thumb/interwork/libgcc.a(_dvmd_tls.o)
 .debug_aranges
                0x0000000000000060       0x20 /home/snegovick/dev/arm/usr/bin/../lib/gcc/arm-elf/4.0.2/../../../../arm-elf/lib/thumb/interwork/libc.a(memcpy.o)
 .debug_aranges
                0x0000000000000080       0x20 /home/snegovick/dev/arm/usr/bin/../lib/gcc/arm-elf/4.0.2/../../../../arm-elf/lib/thumb/interwork/libc.a(memset.o)
 .debug_aranges
                0x00000000000000a0       0x20 /home/snegovick/dev/arm/usr/bin/../lib/gcc/arm-elf/4.0.2/../../../../arm-elf/lib/thumb/interwork/libc.a(sprintf.o)
 .debug_aranges
                0x00000000000000c0       0x20 /home/snegovick/dev/arm/usr/bin/../lib/gcc/arm-elf/4.0.2/../../../../arm-elf/lib/thumb/interwork/libc.a(strcat.o)
 .debug_aranges
                0x00000000000000e0       0x20 /home/snegovick/dev/arm/usr/bin/../lib/gcc/arm-elf/4.0.2/../../../../arm-elf/lib/thumb/interwork/libc.a(strcpy.o)
 .debug_aranges
                0x0000000000000100       0x20 /home/snegovick/dev/arm/usr/bin/../lib/gcc/arm-elf/4.0.2/../../../../arm-elf/lib/thumb/interwork/libc.a(strncpy.o)
 .debug_aranges
                0x0000000000000120       0x20 /home/snegovick/dev/arm/usr/bin/../lib/gcc/arm-elf/4.0.2/../../../../arm-elf/lib/thumb/interwork/libc.a(vfprintf.o)
 .debug_aranges
                0x0000000000000140       0x20 /home/snegovick/dev/arm/usr/bin/../lib/gcc/arm-elf/4.0.2/../../../../arm-elf/lib/thumb/interwork/libc.a(wcrtomb.o)
 .debug_aranges
                0x0000000000000160       0x20 /home/snegovick/dev/arm/usr/bin/../lib/gcc/arm-elf/4.0.2/../../../../arm-elf/lib/thumb/interwork/libc.a(wcsrtombs.o)
 .debug_aranges
                0x0000000000000180       0x20 /home/snegovick/dev/arm/usr/bin/../lib/gcc/arm-elf/4.0.2/../../../../arm-elf/lib/thumb/interwork/libc.a(wctomb_r.o)
 .debug_aranges
                0x00000000000001a0       0x20 /home/snegovick/dev/arm/usr/bin/../lib/gcc/arm-elf/4.0.2/../../../../arm-elf/lib/thumb/interwork/libc.a(wsetup.o)
 .debug_aranges
                0x00000000000001c0       0x20 /home/snegovick/dev/arm/usr/bin/../lib/gcc/arm-elf/4.0.2/../../../../arm-elf/lib/thumb/interwork/libc.a(dtoa.o)
 .debug_aranges
                0x00000000000001e0       0x20 /home/snegovick/dev/arm/usr/bin/../lib/gcc/arm-elf/4.0.2/../../../../arm-elf/lib/thumb/interwork/libc.a(fflush.o)
 .debug_aranges
                0x0000000000000200       0x20 /home/snegovick/dev/arm/usr/bin/../lib/gcc/arm-elf/4.0.2/../../../../arm-elf/lib/thumb/interwork/libc.a(findfp.o)
 .debug_aranges
                0x0000000000000220       0x20 /home/snegovick/dev/arm/usr/bin/../lib/gcc/arm-elf/4.0.2/../../../../arm-elf/lib/thumb/interwork/libc.a(freer.o)
 .debug_aranges
                0x0000000000000240       0x20 /home/snegovick/dev/arm/usr/bin/../lib/gcc/arm-elf/4.0.2/../../../../arm-elf/lib/thumb/interwork/libc.a(fvwrite.o)
 .debug_aranges
                0x0000000000000260       0x20 /home/snegovick/dev/arm/usr/bin/../lib/gcc/arm-elf/4.0.2/../../../../arm-elf/lib/thumb/interwork/libc.a(fwalk.o)
 .debug_aranges
                0x0000000000000280       0x20 /home/snegovick/dev/arm/usr/bin/../lib/gcc/arm-elf/4.0.2/../../../../arm-elf/lib/thumb/interwork/libc.a(locale.o)
 .debug_aranges
                0x00000000000002a0       0x20 /home/snegovick/dev/arm/usr/bin/../lib/gcc/arm-elf/4.0.2/../../../../arm-elf/lib/thumb/interwork/libc.a(makebuf.o)
 .debug_aranges
                0x00000000000002c0       0x20 /home/snegovick/dev/arm/usr/bin/../lib/gcc/arm-elf/4.0.2/../../../../arm-elf/lib/thumb/interwork/libc.a(mallocr.o)
 .debug_aranges
                0x00000000000002e0       0x20 /home/snegovick/dev/arm/usr/bin/../lib/gcc/arm-elf/4.0.2/../../../../arm-elf/lib/thumb/interwork/libc.a(memchr.o)
 .debug_aranges
                0x0000000000000300       0x20 /home/snegovick/dev/arm/usr/bin/../lib/gcc/arm-elf/4.0.2/../../../../arm-elf/lib/thumb/interwork/libc.a(memmove.o)
 .debug_aranges
                0x0000000000000320       0x20 /home/snegovick/dev/arm/usr/bin/../lib/gcc/arm-elf/4.0.2/../../../../arm-elf/lib/thumb/interwork/libc.a(mlock.o)
 .debug_aranges
                0x0000000000000340       0x20 /home/snegovick/dev/arm/usr/bin/../lib/gcc/arm-elf/4.0.2/../../../../arm-elf/lib/thumb/interwork/libc.a(mprec.o)
 .debug_aranges
                0x0000000000000360       0x20 /home/snegovick/dev/arm/usr/bin/../lib/gcc/arm-elf/4.0.2/../../../../arm-elf/lib/thumb/interwork/libc.a(reallocr.o)
 .debug_aranges
                0x0000000000000380       0x20 /home/snegovick/dev/arm/usr/bin/../lib/gcc/arm-elf/4.0.2/../../../../arm-elf/lib/thumb/interwork/libc.a(sbrkr.o)
 .debug_aranges
                0x00000000000003a0       0x20 /home/snegovick/dev/arm/usr/bin/../lib/gcc/arm-elf/4.0.2/../../../../arm-elf/lib/thumb/interwork/libc.a(s_isinf.o)
 .debug_aranges
                0x00000000000003c0       0x20 /home/snegovick/dev/arm/usr/bin/../lib/gcc/arm-elf/4.0.2/../../../../arm-elf/lib/thumb/interwork/libc.a(s_isnan.o)
 .debug_aranges
                0x00000000000003e0       0x20 /home/snegovick/dev/arm/usr/bin/../lib/gcc/arm-elf/4.0.2/../../../../arm-elf/lib/thumb/interwork/libc.a(stdio.o)
 .debug_aranges
                0x0000000000000400       0x20 /home/snegovick/dev/arm/usr/bin/../lib/gcc/arm-elf/4.0.2/../../../../arm-elf/lib/thumb/interwork/libc.a(strcmp.o)
 .debug_aranges
                0x0000000000000420       0x20 /home/snegovick/dev/arm/usr/bin/../lib/gcc/arm-elf/4.0.2/../../../../arm-elf/lib/thumb/interwork/libc.a(strlen.o)
 .debug_aranges
                0x0000000000000440       0x20 /home/snegovick/dev/arm/usr/bin/../lib/gcc/arm-elf/4.0.2/../../../../arm-elf/lib/thumb/interwork/libc.a(syscalls.o)
 .debug_aranges
                0x0000000000000460       0x20 /home/snegovick/dev/arm/usr/bin/../lib/gcc/arm-elf/4.0.2/../../../../arm-elf/lib/thumb/interwork/libc.a(writer.o)
 .debug_aranges
                0x0000000000000480       0x20 /home/snegovick/dev/arm/usr/bin/../lib/gcc/arm-elf/4.0.2/../../../../arm-elf/lib/thumb/interwork/libc.a(callocr.o)
 .debug_aranges
                0x00000000000004a0       0x20 /home/snegovick/dev/arm/usr/bin/../lib/gcc/arm-elf/4.0.2/../../../../arm-elf/lib/thumb/interwork/libc.a(closer.o)
 .debug_aranges
                0x00000000000004c0       0x20 /home/snegovick/dev/arm/usr/bin/../lib/gcc/arm-elf/4.0.2/../../../../arm-elf/lib/thumb/interwork/libc.a(errno.o)
 .debug_aranges
                0x00000000000004e0       0x20 /home/snegovick/dev/arm/usr/bin/../lib/gcc/arm-elf/4.0.2/../../../../arm-elf/lib/thumb/interwork/libc.a(fclose.o)
 .debug_aranges
                0x0000000000000500       0x20 /home/snegovick/dev/arm/usr/bin/../lib/gcc/arm-elf/4.0.2/../../../../arm-elf/lib/thumb/interwork/libc.a(fstatr.o)
 .debug_aranges
                0x0000000000000520       0x20 /home/snegovick/dev/arm/usr/bin/../lib/gcc/arm-elf/4.0.2/../../../../arm-elf/lib/thumb/interwork/libc.a(lseekr.o)
 .debug_aranges
                0x0000000000000540       0x20 /home/snegovick/dev/arm/usr/bin/../lib/gcc/arm-elf/4.0.2/../../../../arm-elf/lib/thumb/interwork/libc.a(readr.o)
 .debug_aranges
                0x0000000000000560       0x20 /home/snegovick/dev/arm/usr/bin/../lib/gcc/arm-elf/4.0.2/../../../../arm-elf/lib/thumb/interwork/libc.a(reent.o)
 .debug_aranges
                0x0000000000000580       0x20 /home/snegovick/dev/arm/usr/bin/../lib/gcc/arm-elf/4.0.2/thumb/interwork/libgcc.a(_divsi3.o)
 .debug_aranges
                0x00000000000005a0       0x20 /home/snegovick/dev/arm/usr/bin/../lib/gcc/arm-elf/4.0.2/thumb/interwork/libgcc.a(_umodsi3.o)
 .debug_aranges
                0x00000000000005c0       0x20 /home/snegovick/dev/arm/usr/bin/../lib/gcc/arm-elf/4.0.2/thumb/interwork/libgcc.a(_addsubdf3.o)
 .debug_aranges
                0x00000000000005e0       0x20 /home/snegovick/dev/arm/usr/bin/../lib/gcc/arm-elf/4.0.2/thumb/interwork/libgcc.a(_muldivdf3.o)
 .debug_aranges
                0x0000000000000600       0x20 /home/snegovick/dev/arm/usr/bin/../lib/gcc/arm-elf/4.0.2/thumb/interwork/libgcc.a(_cmpdf2.o)
 .debug_aranges
                0x0000000000000620       0x20 /home/snegovick/dev/arm/usr/bin/../lib/gcc/arm-elf/4.0.2/thumb/interwork/libgcc.a(_fixdfsi.o)

.debug_frame    0x0000000000000000      0xf4c
 .debug_frame   0x0000000000000000       0x2c /home/snegovick/dev/arm/usr/bin/../lib/gcc/arm-elf/4.0.2/../../../../arm-elf/lib/thumb/interwork/libc.a(memcpy.o)
 .debug_frame   0x000000000000002c       0x2c /home/snegovick/dev/arm/usr/bin/../lib/gcc/arm-elf/4.0.2/../../../../arm-elf/lib/thumb/interwork/libc.a(memset.o)
 .debug_frame   0x0000000000000058       0x50 /home/snegovick/dev/arm/usr/bin/../lib/gcc/arm-elf/4.0.2/../../../../arm-elf/lib/thumb/interwork/libc.a(sprintf.o)
 .debug_frame   0x00000000000000a8       0x2c /home/snegovick/dev/arm/usr/bin/../lib/gcc/arm-elf/4.0.2/../../../../arm-elf/lib/thumb/interwork/libc.a(strcat.o)
 .debug_frame   0x00000000000000d4       0x2c /home/snegovick/dev/arm/usr/bin/../lib/gcc/arm-elf/4.0.2/../../../../arm-elf/lib/thumb/interwork/libc.a(strcpy.o)
 .debug_frame   0x0000000000000100       0x30 /home/snegovick/dev/arm/usr/bin/../lib/gcc/arm-elf/4.0.2/../../../../arm-elf/lib/thumb/interwork/libc.a(strncpy.o)
 .debug_frame   0x0000000000000130       0x70 /home/snegovick/dev/arm/usr/bin/../lib/gcc/arm-elf/4.0.2/../../../../arm-elf/lib/thumb/interwork/libc.a(vfprintf.o)
 .debug_frame   0x00000000000001a0       0x48 /home/snegovick/dev/arm/usr/bin/../lib/gcc/arm-elf/4.0.2/../../../../arm-elf/lib/thumb/interwork/libc.a(wcrtomb.o)
 .debug_frame   0x00000000000001e8       0x5c /home/snegovick/dev/arm/usr/bin/../lib/gcc/arm-elf/4.0.2/../../../../arm-elf/lib/thumb/interwork/libc.a(wcsrtombs.o)
 .debug_frame   0x0000000000000244       0x30 /home/snegovick/dev/arm/usr/bin/../lib/gcc/arm-elf/4.0.2/../../../../arm-elf/lib/thumb/interwork/libc.a(wctomb_r.o)
 .debug_frame   0x0000000000000274       0x2c /home/snegovick/dev/arm/usr/bin/../lib/gcc/arm-elf/4.0.2/../../../../arm-elf/lib/thumb/interwork/libc.a(wsetup.o)
 .debug_frame   0x00000000000002a0       0x68 /home/snegovick/dev/arm/usr/bin/../lib/gcc/arm-elf/4.0.2/../../../../arm-elf/lib/thumb/interwork/libc.a(dtoa.o)
 .debug_frame   0x0000000000000308       0x2c /home/snegovick/dev/arm/usr/bin/../lib/gcc/arm-elf/4.0.2/../../../../arm-elf/lib/thumb/interwork/libc.a(fflush.o)
 .debug_frame   0x0000000000000334      0x134 /home/snegovick/dev/arm/usr/bin/../lib/gcc/arm-elf/4.0.2/../../../../arm-elf/lib/thumb/interwork/libc.a(findfp.o)
 .debug_frame   0x0000000000000468       0x54 /home/snegovick/dev/arm/usr/bin/../lib/gcc/arm-elf/4.0.2/../../../../arm-elf/lib/thumb/interwork/libc.a(freer.o)
 .debug_frame   0x00000000000004bc       0x3c /home/snegovick/dev/arm/usr/bin/../lib/gcc/arm-elf/4.0.2/../../../../arm-elf/lib/thumb/interwork/libc.a(fvwrite.o)
 .debug_frame   0x00000000000004f8       0x5c /home/snegovick/dev/arm/usr/bin/../lib/gcc/arm-elf/4.0.2/../../../../arm-elf/lib/thumb/interwork/libc.a(fwalk.o)
 .debug_frame   0x0000000000000554       0x7c /home/snegovick/dev/arm/usr/bin/../lib/gcc/arm-elf/4.0.2/../../../../arm-elf/lib/thumb/interwork/libc.a(locale.o)
 .debug_frame   0x00000000000005d0       0x30 /home/snegovick/dev/arm/usr/bin/../lib/gcc/arm-elf/4.0.2/../../../../arm-elf/lib/thumb/interwork/libc.a(makebuf.o)
 .debug_frame   0x0000000000000600       0x3c /home/snegovick/dev/arm/usr/bin/../lib/gcc/arm-elf/4.0.2/../../../../arm-elf/lib/thumb/interwork/libc.a(mallocr.o)
 .debug_frame   0x000000000000063c       0x30 /home/snegovick/dev/arm/usr/bin/../lib/gcc/arm-elf/4.0.2/../../../../arm-elf/lib/thumb/interwork/libc.a(memchr.o)
 .debug_frame   0x000000000000066c       0x30 /home/snegovick/dev/arm/usr/bin/../lib/gcc/arm-elf/4.0.2/../../../../arm-elf/lib/thumb/interwork/libc.a(memmove.o)
 .debug_frame   0x000000000000069c       0x30 /home/snegovick/dev/arm/usr/bin/../lib/gcc/arm-elf/4.0.2/../../../../arm-elf/lib/thumb/interwork/libc.a(mlock.o)
 .debug_frame   0x00000000000006cc      0x224 /home/snegovick/dev/arm/usr/bin/../lib/gcc/arm-elf/4.0.2/../../../../arm-elf/lib/thumb/interwork/libc.a(mprec.o)
 .debug_frame   0x00000000000008f0       0x3c /home/snegovick/dev/arm/usr/bin/../lib/gcc/arm-elf/4.0.2/../../../../arm-elf/lib/thumb/interwork/libc.a(reallocr.o)
 .debug_frame   0x000000000000092c       0x2c /home/snegovick/dev/arm/usr/bin/../lib/gcc/arm-elf/4.0.2/../../../../arm-elf/lib/thumb/interwork/libc.a(sbrkr.o)
 .debug_frame   0x0000000000000958       0x20 /home/snegovick/dev/arm/usr/bin/../lib/gcc/arm-elf/4.0.2/../../../../arm-elf/lib/thumb/interwork/libc.a(s_isinf.o)
 .debug_frame   0x0000000000000978       0x20 /home/snegovick/dev/arm/usr/bin/../lib/gcc/arm-elf/4.0.2/../../../../arm-elf/lib/thumb/interwork/libc.a(s_isnan.o)
 .debug_frame   0x0000000000000998       0x7c /home/snegovick/dev/arm/usr/bin/../lib/gcc/arm-elf/4.0.2/../../../../arm-elf/lib/thumb/interwork/libc.a(stdio.o)
 .debug_frame   0x0000000000000a14       0x2c /home/snegovick/dev/arm/usr/bin/../lib/gcc/arm-elf/4.0.2/../../../../arm-elf/lib/thumb/interwork/libc.a(strcmp.o)
 .debug_frame   0x0000000000000a40       0x2c /home/snegovick/dev/arm/usr/bin/../lib/gcc/arm-elf/4.0.2/../../../../arm-elf/lib/thumb/interwork/libc.a(strlen.o)
 .debug_frame   0x0000000000000a6c      0x30c /home/snegovick/dev/arm/usr/bin/../lib/gcc/arm-elf/4.0.2/../../../../arm-elf/lib/thumb/interwork/libc.a(syscalls.o)
 .debug_frame   0x0000000000000d78       0x2c /home/snegovick/dev/arm/usr/bin/../lib/gcc/arm-elf/4.0.2/../../../../arm-elf/lib/thumb/interwork/libc.a(writer.o)
 .debug_frame   0x0000000000000da4       0x28 /home/snegovick/dev/arm/usr/bin/../lib/gcc/arm-elf/4.0.2/../../../../arm-elf/lib/thumb/interwork/libc.a(callocr.o)
 .debug_frame   0x0000000000000dcc       0x2c /home/snegovick/dev/arm/usr/bin/../lib/gcc/arm-elf/4.0.2/../../../../arm-elf/lib/thumb/interwork/libc.a(closer.o)
 .debug_frame   0x0000000000000df8       0x20 /home/snegovick/dev/arm/usr/bin/../lib/gcc/arm-elf/4.0.2/../../../../arm-elf/lib/thumb/interwork/libc.a(errno.o)
 .debug_frame   0x0000000000000e18       0x44 /home/snegovick/dev/arm/usr/bin/../lib/gcc/arm-elf/4.0.2/../../../../arm-elf/lib/thumb/interwork/libc.a(fclose.o)
 .debug_frame   0x0000000000000e5c       0x2c /home/snegovick/dev/arm/usr/bin/../lib/gcc/arm-elf/4.0.2/../../../../arm-elf/lib/thumb/interwork/libc.a(fstatr.o)
 .debug_frame   0x0000000000000e88       0x2c /home/snegovick/dev/arm/usr/bin/../lib/gcc/arm-elf/4.0.2/../../../../arm-elf/lib/thumb/interwork/libc.a(lseekr.o)
 .debug_frame   0x0000000000000eb4       0x2c /home/snegovick/dev/arm/usr/bin/../lib/gcc/arm-elf/4.0.2/../../../../arm-elf/lib/thumb/interwork/libc.a(readr.o)
 .debug_frame   0x0000000000000ee0       0x6c /home/snegovick/dev/arm/usr/bin/../lib/gcc/arm-elf/4.0.2/../../../../arm-elf/lib/thumb/interwork/libc.a(reent.o)

.debug_loc      0x0000000000000000     0x9254
 .debug_loc     0x0000000000000000      0x127 /home/snegovick/dev/arm/usr/bin/../lib/gcc/arm-elf/4.0.2/../../../../arm-elf/lib/thumb/interwork/libc.a(memcpy.o)
 .debug_loc     0x0000000000000127      0x12a /home/snegovick/dev/arm/usr/bin/../lib/gcc/arm-elf/4.0.2/../../../../arm-elf/lib/thumb/interwork/libc.a(memset.o)
 .debug_loc     0x0000000000000251       0x95 /home/snegovick/dev/arm/usr/bin/../lib/gcc/arm-elf/4.0.2/../../../../arm-elf/lib/thumb/interwork/libc.a(sprintf.o)
 .debug_loc     0x00000000000002e6       0x65 /home/snegovick/dev/arm/usr/bin/../lib/gcc/arm-elf/4.0.2/../../../../arm-elf/lib/thumb/interwork/libc.a(strcat.o)
 .debug_loc     0x000000000000034b       0xb4 /home/snegovick/dev/arm/usr/bin/../lib/gcc/arm-elf/4.0.2/../../../../arm-elf/lib/thumb/interwork/libc.a(strcpy.o)
 .debug_loc     0x00000000000003ff      0x14b /home/snegovick/dev/arm/usr/bin/../lib/gcc/arm-elf/4.0.2/../../../../arm-elf/lib/thumb/interwork/libc.a(strncpy.o)
 .debug_loc     0x000000000000054a     0x20b6 /home/snegovick/dev/arm/usr/bin/../lib/gcc/arm-elf/4.0.2/../../../../arm-elf/lib/thumb/interwork/libc.a(vfprintf.o)
 .debug_loc     0x0000000000002600      0x149 /home/snegovick/dev/arm/usr/bin/../lib/gcc/arm-elf/4.0.2/../../../../arm-elf/lib/thumb/interwork/libc.a(wcrtomb.o)
 .debug_loc     0x0000000000002749      0x2db /home/snegovick/dev/arm/usr/bin/../lib/gcc/arm-elf/4.0.2/../../../../arm-elf/lib/thumb/interwork/libc.a(wcsrtombs.o)
 .debug_loc     0x0000000000002a24      0x208 /home/snegovick/dev/arm/usr/bin/../lib/gcc/arm-elf/4.0.2/../../../../arm-elf/lib/thumb/interwork/libc.a(wctomb_r.o)
 .debug_loc     0x0000000000002c2c       0x29 /home/snegovick/dev/arm/usr/bin/../lib/gcc/arm-elf/4.0.2/../../../../arm-elf/lib/thumb/interwork/libc.a(wsetup.o)
 .debug_loc     0x0000000000002c55     0x1cd7 /home/snegovick/dev/arm/usr/bin/../lib/gcc/arm-elf/4.0.2/../../../../arm-elf/lib/thumb/interwork/libc.a(dtoa.o)
 .debug_loc     0x000000000000492c       0xd0 /home/snegovick/dev/arm/usr/bin/../lib/gcc/arm-elf/4.0.2/../../../../arm-elf/lib/thumb/interwork/libc.a(fflush.o)
 .debug_loc     0x00000000000049fc      0x1a7 /home/snegovick/dev/arm/usr/bin/../lib/gcc/arm-elf/4.0.2/../../../../arm-elf/lib/thumb/interwork/libc.a(findfp.o)
 .debug_loc     0x0000000000004ba3      0x3cf /home/snegovick/dev/arm/usr/bin/../lib/gcc/arm-elf/4.0.2/../../../../arm-elf/lib/thumb/interwork/libc.a(freer.o)
 .debug_loc     0x0000000000004f72      0x305 /home/snegovick/dev/arm/usr/bin/../lib/gcc/arm-elf/4.0.2/../../../../arm-elf/lib/thumb/interwork/libc.a(fvwrite.o)
 .debug_loc     0x0000000000005277      0x173 /home/snegovick/dev/arm/usr/bin/../lib/gcc/arm-elf/4.0.2/../../../../arm-elf/lib/thumb/interwork/libc.a(fwalk.o)
 .debug_loc     0x00000000000053ea       0xe0 /home/snegovick/dev/arm/usr/bin/../lib/gcc/arm-elf/4.0.2/../../../../arm-elf/lib/thumb/interwork/libc.a(locale.o)
 .debug_loc     0x00000000000054ca       0xbe /home/snegovick/dev/arm/usr/bin/../lib/gcc/arm-elf/4.0.2/../../../../arm-elf/lib/thumb/interwork/libc.a(makebuf.o)
 .debug_loc     0x0000000000005588      0xaf9 /home/snegovick/dev/arm/usr/bin/../lib/gcc/arm-elf/4.0.2/../../../../arm-elf/lib/thumb/interwork/libc.a(mallocr.o)
 .debug_loc     0x0000000000006081      0x192 /home/snegovick/dev/arm/usr/bin/../lib/gcc/arm-elf/4.0.2/../../../../arm-elf/lib/thumb/interwork/libc.a(memchr.o)
 .debug_loc     0x0000000000006213      0x1cc /home/snegovick/dev/arm/usr/bin/../lib/gcc/arm-elf/4.0.2/../../../../arm-elf/lib/thumb/interwork/libc.a(memmove.o)
 .debug_loc     0x00000000000063df     0x13a9 /home/snegovick/dev/arm/usr/bin/../lib/gcc/arm-elf/4.0.2/../../../../arm-elf/lib/thumb/interwork/libc.a(mprec.o)
 .debug_loc     0x0000000000007788      0x911 /home/snegovick/dev/arm/usr/bin/../lib/gcc/arm-elf/4.0.2/../../../../arm-elf/lib/thumb/interwork/libc.a(reallocr.o)
 .debug_loc     0x0000000000008099       0x5a /home/snegovick/dev/arm/usr/bin/../lib/gcc/arm-elf/4.0.2/../../../../arm-elf/lib/thumb/interwork/libc.a(sbrkr.o)
 .debug_loc     0x00000000000080f3       0x36 /home/snegovick/dev/arm/usr/bin/../lib/gcc/arm-elf/4.0.2/../../../../arm-elf/lib/thumb/interwork/libc.a(s_isinf.o)
 .debug_loc     0x0000000000008129       0x18 /home/snegovick/dev/arm/usr/bin/../lib/gcc/arm-elf/4.0.2/../../../../arm-elf/lib/thumb/interwork/libc.a(s_isnan.o)
 .debug_loc     0x0000000000008141      0x189 /home/snegovick/dev/arm/usr/bin/../lib/gcc/arm-elf/4.0.2/../../../../arm-elf/lib/thumb/interwork/libc.a(stdio.o)
 .debug_loc     0x00000000000082ca       0x8e /home/snegovick/dev/arm/usr/bin/../lib/gcc/arm-elf/4.0.2/../../../../arm-elf/lib/thumb/interwork/libc.a(strcmp.o)
 .debug_loc     0x0000000000008358       0x3c /home/snegovick/dev/arm/usr/bin/../lib/gcc/arm-elf/4.0.2/../../../../arm-elf/lib/thumb/interwork/libc.a(strlen.o)
 .debug_loc     0x0000000000008394      0x931 /home/snegovick/dev/arm/usr/bin/../lib/gcc/arm-elf/4.0.2/../../../../arm-elf/lib/thumb/interwork/libc.a(syscalls.o)
 .debug_loc     0x0000000000008cc5       0x96 /home/snegovick/dev/arm/usr/bin/../lib/gcc/arm-elf/4.0.2/../../../../arm-elf/lib/thumb/interwork/libc.a(writer.o)
 .debug_loc     0x0000000000008d5b       0xf6 /home/snegovick/dev/arm/usr/bin/../lib/gcc/arm-elf/4.0.2/../../../../arm-elf/lib/thumb/interwork/libc.a(callocr.o)
 .debug_loc     0x0000000000008e51       0x5a /home/snegovick/dev/arm/usr/bin/../lib/gcc/arm-elf/4.0.2/../../../../arm-elf/lib/thumb/interwork/libc.a(closer.o)
 .debug_loc     0x0000000000008eab       0xa4 /home/snegovick/dev/arm/usr/bin/../lib/gcc/arm-elf/4.0.2/../../../../arm-elf/lib/thumb/interwork/libc.a(fclose.o)
 .debug_loc     0x0000000000008f4f       0x78 /home/snegovick/dev/arm/usr/bin/../lib/gcc/arm-elf/4.0.2/../../../../arm-elf/lib/thumb/interwork/libc.a(fstatr.o)
 .debug_loc     0x0000000000008fc7       0x78 /home/snegovick/dev/arm/usr/bin/../lib/gcc/arm-elf/4.0.2/../../../../arm-elf/lib/thumb/interwork/libc.a(lseekr.o)
 .debug_loc     0x000000000000903f       0x96 /home/snegovick/dev/arm/usr/bin/../lib/gcc/arm-elf/4.0.2/../../../../arm-elf/lib/thumb/interwork/libc.a(readr.o)
 .debug_loc     0x00000000000090d5      0x17f /home/snegovick/dev/arm/usr/bin/../lib/gcc/arm-elf/4.0.2/../../../../arm-elf/lib/thumb/interwork/libc.a(reent.o)

.debug_pubnames
                0x0000000000000000      0xa26
 .debug_pubnames
                0x0000000000000000       0x1d /home/snegovick/dev/arm/usr/bin/../lib/gcc/arm-elf/4.0.2/../../../../arm-elf/lib/thumb/interwork/libc.a(memcpy.o)
 .debug_pubnames
                0x000000000000001d       0x1d /home/snegovick/dev/arm/usr/bin/../lib/gcc/arm-elf/4.0.2/../../../../arm-elf/lib/thumb/interwork/libc.a(memset.o)
 .debug_pubnames
                0x000000000000003a       0x2d /home/snegovick/dev/arm/usr/bin/../lib/gcc/arm-elf/4.0.2/../../../../arm-elf/lib/thumb/interwork/libc.a(sprintf.o)
 .debug_pubnames
                0x0000000000000067       0x1d /home/snegovick/dev/arm/usr/bin/../lib/gcc/arm-elf/4.0.2/../../../../arm-elf/lib/thumb/interwork/libc.a(strcat.o)
 .debug_pubnames
                0x0000000000000084       0x1d /home/snegovick/dev/arm/usr/bin/../lib/gcc/arm-elf/4.0.2/../../../../arm-elf/lib/thumb/interwork/libc.a(strcpy.o)
 .debug_pubnames
                0x00000000000000a1       0x1e /home/snegovick/dev/arm/usr/bin/../lib/gcc/arm-elf/4.0.2/../../../../arm-elf/lib/thumb/interwork/libc.a(strncpy.o)
 .debug_pubnames
                0x00000000000000bf       0x2f /home/snegovick/dev/arm/usr/bin/../lib/gcc/arm-elf/4.0.2/../../../../arm-elf/lib/thumb/interwork/libc.a(vfprintf.o)
 .debug_pubnames
                0x00000000000000ee       0x2d /home/snegovick/dev/arm/usr/bin/../lib/gcc/arm-elf/4.0.2/../../../../arm-elf/lib/thumb/interwork/libc.a(wcrtomb.o)
 .debug_pubnames
                0x000000000000011b       0x31 /home/snegovick/dev/arm/usr/bin/../lib/gcc/arm-elf/4.0.2/../../../../arm-elf/lib/thumb/interwork/libc.a(wcsrtombs.o)
 .debug_pubnames
                0x000000000000014c       0x20 /home/snegovick/dev/arm/usr/bin/../lib/gcc/arm-elf/4.0.2/../../../../arm-elf/lib/thumb/interwork/libc.a(wctomb_r.o)
 .debug_pubnames
                0x000000000000016c       0x20 /home/snegovick/dev/arm/usr/bin/../lib/gcc/arm-elf/4.0.2/../../../../arm-elf/lib/thumb/interwork/libc.a(wsetup.o)
 .debug_pubnames
                0x000000000000018c       0x1e /home/snegovick/dev/arm/usr/bin/../lib/gcc/arm-elf/4.0.2/../../../../arm-elf/lib/thumb/interwork/libc.a(dtoa.o)
 .debug_pubnames
                0x00000000000001aa       0x1d /home/snegovick/dev/arm/usr/bin/../lib/gcc/arm-elf/4.0.2/../../../../arm-elf/lib/thumb/interwork/libc.a(fflush.o)
 .debug_pubnames
                0x00000000000001c7       0xdb /home/snegovick/dev/arm/usr/bin/../lib/gcc/arm-elf/4.0.2/../../../../arm-elf/lib/thumb/interwork/libc.a(findfp.o)
 .debug_pubnames
                0x00000000000002a2       0x31 /home/snegovick/dev/arm/usr/bin/../lib/gcc/arm-elf/4.0.2/../../../../arm-elf/lib/thumb/interwork/libc.a(freer.o)
 .debug_pubnames